Archive member included to satisfy reference by file (symbol)

../../MCSDK_v5.4.4/MotorControl/lib\libmc-gcc_M0.lib(revup_ctrl.o)
                              ./Application/User/user_interface.o (RUC_SetPhaseDurationms)
../../MCSDK_v5.4.4/MotorControl/lib\libmc-gcc_M0.lib(fast_div.o)
                              ./Middlewares/MotorControl/ramp_ext_mngr.o (FD_Init)
C:/ST/STM32CubeIDE_1.16.0/STM32CubeIDE/plugins/com.st.stm32cube.ide.mcu.externaltools.gnu-tools-for-stm32.12.3.rel1.win32_1.0.200.202406191623/tools/bin/../lib/gcc/arm-none-eabi/12.3.1/../../../../arm-none-eabi/lib/thumb/v6-m/nofp\libc_nano.a(libc_a-exit.o)
                              C:/ST/STM32CubeIDE_1.16.0/STM32CubeIDE/plugins/com.st.stm32cube.ide.mcu.externaltools.gnu-tools-for-stm32.12.3.rel1.win32_1.0.200.202406191623/tools/bin/../lib/gcc/arm-none-eabi/12.3.1/../../../../arm-none-eabi/lib/thumb/v6-m/nofp/crt0.o (exit)
C:/ST/STM32CubeIDE_1.16.0/STM32CubeIDE/plugins/com.st.stm32cube.ide.mcu.externaltools.gnu-tools-for-stm32.12.3.rel1.win32_1.0.200.202406191623/tools/bin/../lib/gcc/arm-none-eabi/12.3.1/../../../../arm-none-eabi/lib/thumb/v6-m/nofp\libc_nano.a(libc_a-findfp.o)
                              C:/ST/STM32CubeIDE_1.16.0/STM32CubeIDE/plugins/com.st.stm32cube.ide.mcu.externaltools.gnu-tools-for-stm32.12.3.rel1.win32_1.0.200.202406191623/tools/bin/../lib/gcc/arm-none-eabi/12.3.1/../../../../arm-none-eabi/lib/thumb/v6-m/nofp\libc_nano.a(libc_a-exit.o) (__stdio_exit_handler)
C:/ST/STM32CubeIDE_1.16.0/STM32CubeIDE/plugins/com.st.stm32cube.ide.mcu.externaltools.gnu-tools-for-stm32.12.3.rel1.win32_1.0.200.202406191623/tools/bin/../lib/gcc/arm-none-eabi/12.3.1/../../../../arm-none-eabi/lib/thumb/v6-m/nofp\libc_nano.a(libc_a-fwalk.o)
                              C:/ST/STM32CubeIDE_1.16.0/STM32CubeIDE/plugins/com.st.stm32cube.ide.mcu.externaltools.gnu-tools-for-stm32.12.3.rel1.win32_1.0.200.202406191623/tools/bin/../lib/gcc/arm-none-eabi/12.3.1/../../../../arm-none-eabi/lib/thumb/v6-m/nofp\libc_nano.a(libc_a-findfp.o) (_fwalk_sglue)
C:/ST/STM32CubeIDE_1.16.0/STM32CubeIDE/plugins/com.st.stm32cube.ide.mcu.externaltools.gnu-tools-for-stm32.12.3.rel1.win32_1.0.200.202406191623/tools/bin/../lib/gcc/arm-none-eabi/12.3.1/../../../../arm-none-eabi/lib/thumb/v6-m/nofp\libc_nano.a(libc_a-stdio.o)
                              C:/ST/STM32CubeIDE_1.16.0/STM32CubeIDE/plugins/com.st.stm32cube.ide.mcu.externaltools.gnu-tools-for-stm32.12.3.rel1.win32_1.0.200.202406191623/tools/bin/../lib/gcc/arm-none-eabi/12.3.1/../../../../arm-none-eabi/lib/thumb/v6-m/nofp\libc_nano.a(libc_a-findfp.o) (__sread)
C:/ST/STM32CubeIDE_1.16.0/STM32CubeIDE/plugins/com.st.stm32cube.ide.mcu.externaltools.gnu-tools-for-stm32.12.3.rel1.win32_1.0.200.202406191623/tools/bin/../lib/gcc/arm-none-eabi/12.3.1/../../../../arm-none-eabi/lib/thumb/v6-m/nofp\libc_nano.a(libc_a-memset.o)
                              C:/ST/STM32CubeIDE_1.16.0/STM32CubeIDE/plugins/com.st.stm32cube.ide.mcu.externaltools.gnu-tools-for-stm32.12.3.rel1.win32_1.0.200.202406191623/tools/bin/../lib/gcc/arm-none-eabi/12.3.1/../../../../arm-none-eabi/lib/thumb/v6-m/nofp/crt0.o (memset)
C:/ST/STM32CubeIDE_1.16.0/STM32CubeIDE/plugins/com.st.stm32cube.ide.mcu.externaltools.gnu-tools-for-stm32.12.3.rel1.win32_1.0.200.202406191623/tools/bin/../lib/gcc/arm-none-eabi/12.3.1/../../../../arm-none-eabi/lib/thumb/v6-m/nofp\libc_nano.a(libc_a-closer.o)
                              C:/ST/STM32CubeIDE_1.16.0/STM32CubeIDE/plugins/com.st.stm32cube.ide.mcu.externaltools.gnu-tools-for-stm32.12.3.rel1.win32_1.0.200.202406191623/tools/bin/../lib/gcc/arm-none-eabi/12.3.1/../../../../arm-none-eabi/lib/thumb/v6-m/nofp\libc_nano.a(libc_a-stdio.o) (_close_r)
C:/ST/STM32CubeIDE_1.16.0/STM32CubeIDE/plugins/com.st.stm32cube.ide.mcu.externaltools.gnu-tools-for-stm32.12.3.rel1.win32_1.0.200.202406191623/tools/bin/../lib/gcc/arm-none-eabi/12.3.1/../../../../arm-none-eabi/lib/thumb/v6-m/nofp\libc_nano.a(libc_a-reent.o)
                              C:/ST/STM32CubeIDE_1.16.0/STM32CubeIDE/plugins/com.st.stm32cube.ide.mcu.externaltools.gnu-tools-for-stm32.12.3.rel1.win32_1.0.200.202406191623/tools/bin/../lib/gcc/arm-none-eabi/12.3.1/../../../../arm-none-eabi/lib/thumb/v6-m/nofp\libc_nano.a(libc_a-closer.o) (errno)
C:/ST/STM32CubeIDE_1.16.0/STM32CubeIDE/plugins/com.st.stm32cube.ide.mcu.externaltools.gnu-tools-for-stm32.12.3.rel1.win32_1.0.200.202406191623/tools/bin/../lib/gcc/arm-none-eabi/12.3.1/../../../../arm-none-eabi/lib/thumb/v6-m/nofp\libc_nano.a(libc_a-impure.o)
                              C:/ST/STM32CubeIDE_1.16.0/STM32CubeIDE/plugins/com.st.stm32cube.ide.mcu.externaltools.gnu-tools-for-stm32.12.3.rel1.win32_1.0.200.202406191623/tools/bin/../lib/gcc/arm-none-eabi/12.3.1/../../../../arm-none-eabi/lib/thumb/v6-m/nofp\libc_nano.a(libc_a-reent.o) (_impure_ptr)
[...]
Memory Configuration

Name             Origin             Length             Attributes
RAM              0x20000000         0x00001000         xrw
FLASH            0x08000000         0x00008000         xr
*default*        0x00000000         0xffffffff

Linker script and memory map

LOAD C:/ST/STM32CubeIDE_1.16.0/STM32CubeIDE/plugins/com.st.stm32cube.ide.mcu.externaltools.gnu-tools-for-stm32.12.3.rel1.win32_1.0.200.202406191623/tools/bin/../lib/gcc/arm-none-eabi/12.3.1/thumb/v6-m/nofp/crti.o
LOAD C:/ST/STM32CubeIDE_1.16.0/STM32CubeIDE/plugins/com.st.stm32cube.ide.mcu.externaltools.gnu-tools-for-stm32.12.3.rel1.win32_1.0.200.202406191623/tools/bin/../lib/gcc/arm-none-eabi/12.3.1/thumb/v6-m/nofp/crtbegin.o
LOAD C:/ST/STM32CubeIDE_1.16.0/STM32CubeIDE/plugins/com.st.stm32cube.ide.mcu.externaltools.gnu-tools-for-stm32.12.3.rel1.win32_1.0.200.202406191623/tools/bin/../lib/gcc/arm-none-eabi/12.3.1/../../../../arm-none-eabi/lib/thumb/v6-m/nofp/crt0.o
LOAD ./Application/Startup/startup_stm32f031c6tx.o
LOAD ./Application/User/main.o
LOAD ./Application/User/mc_api.o
LOAD ./Application/User/mc_config.o
LOAD ./Application/User/mc_interface.o
LOAD ./Application/User/mc_math.o
LOAD ./Application/User/mc_parameters.o
LOAD ./Application/User/mc_tasks.o
LOAD ./Application/User/motor_control_protocol.o
LOAD ./Application/User/motorcontrol.o
LOAD ./Application/User/regular_conversion_manager.o
LOAD ./Application/User/stm32f0xx_hal_msp.o
LOAD ./Application/User/stm32f0xx_it.o
LOAD ./Application/User/stm32f0xx_mc_it.o
LOAD ./Application/User/syscalls.o
LOAD ./Application/User/sysmem.o
LOAD ./Application/User/ui_task.o
LOAD ./Application/User/user_interface.o
LOAD ./Drivers/CMSIS/system_stm32f0xx.o
LOAD ./Drivers/STM32F0xx_HAL_Driver/stm32f0xx_hal.o
LOAD ./Drivers/STM32F0xx_HAL_Driver/stm32f0xx_hal_cortex.o
LOAD ./Drivers/STM32F0xx_HAL_Driver/stm32f0xx_hal_dma.o
LOAD ./Drivers/STM32F0xx_HAL_Driver/stm32f0xx_hal_exti.o
LOAD ./Drivers/STM32F0xx_HAL_Driver/stm32f0xx_hal_flash.o
LOAD ./Drivers/STM32F0xx_HAL_Driver/stm32f0xx_hal_flash_ex.o
LOAD ./Drivers/STM32F0xx_HAL_Driver/stm32f0xx_hal_gpio.o
LOAD ./Drivers/STM32F0xx_HAL_Driver/stm32f0xx_hal_i2c.o
LOAD ./Drivers/STM32F0xx_HAL_Driver/stm32f0xx_hal_i2c_ex.o
LOAD ./Drivers/STM32F0xx_HAL_Driver/stm32f0xx_hal_pwr.o
LOAD ./Drivers/STM32F0xx_HAL_Driver/stm32f0xx_hal_pwr_ex.o
LOAD ./Drivers/STM32F0xx_HAL_Driver/stm32f0xx_hal_rcc.o
LOAD ./Drivers/STM32F0xx_HAL_Driver/stm32f0xx_hal_rcc_ex.o
LOAD ./Drivers/STM32F0xx_HAL_Driver/stm32f0xx_hal_tim.o
LOAD ./Drivers/STM32F0xx_HAL_Driver/stm32f0xx_hal_tim_ex.o
LOAD ./Drivers/STM32F0xx_HAL_Driver/stm32f0xx_ll_adc.o
LOAD ./Drivers/STM32F0xx_HAL_Driver/stm32f0xx_ll_dma.o
LOAD ./Drivers/STM32F0xx_HAL_Driver/stm32f0xx_ll_exti.o
LOAD ./Drivers/STM32F0xx_HAL_Driver/stm32f0xx_ll_gpio.o
LOAD ./Drivers/STM32F0xx_HAL_Driver/stm32f0xx_ll_rcc.o
LOAD ./Drivers/STM32F0xx_HAL_Driver/stm32f0xx_ll_tim.o
LOAD ./Drivers/STM32F0xx_HAL_Driver/stm32f0xx_ll_usart.o
LOAD ./Drivers/STM32F0xx_HAL_Driver/stm32f0xx_ll_utils.o
LOAD ./Middlewares/MotorControl/bus_voltage_sensor.o
LOAD ./Middlewares/MotorControl/circle_limitation.o
LOAD ./Middlewares/MotorControl/digital_output.o
LOAD ./Middlewares/MotorControl/enc_align_ctrl.o
LOAD ./Middlewares/MotorControl/encoder_speed_pos_fdbk.o
LOAD ./Middlewares/MotorControl/motor_power_measurement.o
LOAD ./Middlewares/MotorControl/ntc_temperature_sensor.o
LOAD ./Middlewares/MotorControl/open_loop.o
LOAD ./Middlewares/MotorControl/pid_regulator.o
LOAD ./Middlewares/MotorControl/pqd_motor_power_measurement.o
LOAD ./Middlewares/MotorControl/pwm_common.o
LOAD ./Middlewares/MotorControl/pwm_curr_fdbk.o
LOAD ./Middlewares/MotorControl/r3_f0xx_pwm_curr_fdbk.o
LOAD ./Middlewares/MotorControl/r_divider_bus_voltage_sensor.o
LOAD ./Middlewares/MotorControl/ramp_ext_mngr.o
LOAD ./Middlewares/MotorControl/speed_pos_fdbk.o
LOAD ./Middlewares/MotorControl/speed_torq_ctrl.o
LOAD ./Middlewares/MotorControl/state_machine.o
LOAD ./Middlewares/MotorControl/trajectory_ctrl.o
LOAD ./Middlewares/MotorControl/ui_irq_handler.o
LOAD ./Middlewares/MotorControl/virtual_speed_sensor.o
LOAD ../../MCSDK_v5.4.4/MotorControl/lib\libmc-gcc_M0.lib
START GROUP
LOAD C:/ST/STM32CubeIDE_1.16.0/STM32CubeIDE/plugins/com.st.stm32cube.ide.mcu.externaltools.gnu-tools-for-stm32.12.3.rel1.win32_1.0.200.202406191623/tools/bin/../lib/gcc/arm-none-eabi/12.3.1/../../../../arm-none-eabi/lib/thumb/v6-m/nofp\libc_nano.a
LOAD C:/ST/STM32CubeIDE_1.16.0/STM32CubeIDE/plugins/com.st.stm32cube.ide.mcu.externaltools.gnu-tools-for-stm32.12.3.rel1.win32_1.0.200.202406191623/tools/bin/../lib/gcc/arm-none-eabi/12.3.1/../../../../arm-none-eabi/lib/thumb/v6-m/nofp\libm.a
END GROUP
START GROUP
LOAD C:/ST/STM32CubeIDE_1.16.0/STM32CubeIDE/plugins/com.st.stm32cube.ide.mcu.externaltools.gnu-tools-for-stm32.12.3.rel1.win32_1.0.200.202406191623/tools/bin/../lib/gcc/arm-none-eabi/12.3.1/thumb/v6-m/nofp\libgcc.a
LOAD C:/ST/STM32CubeIDE_1.16.0/STM32CubeIDE/plugins/com.st.stm32cube.ide.mcu.externaltools.gnu-tools-for-stm32.12.3.rel1.win32_1.0.200.202406191623/tools/bin/../lib/gcc/arm-none-eabi/12.3.1/../../../../arm-none-eabi/lib/thumb/v6-m/nofp\libc_nano.a
END GROUP
START GROUP
LOAD C:/ST/STM32CubeIDE_1.16.0/STM32CubeIDE/plugins/com.st.stm32cube.ide.mcu.externaltools.gnu-tools-for-stm32.12.3.rel1.win32_1.0.200.202406191623/tools/bin/../lib/gcc/arm-none-eabi/12.3.1/thumb/v6-m/nofp\libgcc.a
LOAD C:/ST/STM32CubeIDE_1.16.0/STM32CubeIDE/plugins/com.st.stm32cube.ide.mcu.externaltools.gnu-tools-for-stm32.12.3.rel1.win32_1.0.200.202406191623/tools/bin/../lib/gcc/arm-none-eabi/12.3.1/../../../../arm-none-eabi/lib/thumb/v6-m/nofp\libc_nano.a
LOAD C:/ST/STM32CubeIDE_1.16.0/STM32CubeIDE/plugins/com.st.stm32cube.ide.mcu.externaltools.gnu-tools-for-stm32.12.3.rel1.win32_1.0.200.202406191623/tools/bin/../lib/gcc/arm-none-eabi/12.3.1/../../../../arm-none-eabi/lib/thumb/v6-m/nofp\libnosys.a
END GROUP
START GROUP
LOAD C:/ST/STM32CubeIDE_1.16.0/STM32CubeIDE/plugins/com.st.stm32cube.ide.mcu.externaltools.gnu-tools-for-stm32.12.3.rel1.win32_1.0.200.202406191623/tools/bin/../lib/gcc/arm-none-eabi/12.3.1/thumb/v6-m/nofp\libgcc.a
LOAD C:/ST/STM32CubeIDE_1.16.0/STM32CubeIDE/plugins/com.st.stm32cube.ide.mcu.externaltools.gnu-tools-for-stm32.12.3.rel1.win32_1.0.200.202406191623/tools/bin/../lib/gcc/arm-none-eabi/12.3.1/../../../../arm-none-eabi/lib/thumb/v6-m/nofp\libc_nano.a
LOAD C:/ST/STM32CubeIDE_1.16.0/STM32CubeIDE/plugins/com.st.stm32cube.ide.mcu.externaltools.gnu-tools-for-stm32.12.3.rel1.win32_1.0.200.202406191623/tools/bin/../lib/gcc/arm-none-eabi/12.3.1/../../../../arm-none-eabi/lib/thumb/v6-m/nofp\libnosys.a
END GROUP
LOAD C:/ST/STM32CubeIDE_1.16.0/STM32CubeIDE/plugins/com.st.stm32cube.ide.mcu.externaltools.gnu-tools-for-stm32.12.3.rel1.win32_1.0.200.202406191623/tools/bin/../lib/gcc/arm-none-eabi/12.3.1/thumb/v6-m/nofp/crtend.o
LOAD C:/ST/STM32CubeIDE_1.16.0/STM32CubeIDE/plugins/com.st.stm32cube.ide.mcu.externaltools.gnu-tools-for-stm32.12.3.rel1.win32_1.0.200.202406191623/tools/bin/../lib/gcc/arm-none-eabi/12.3.1/thumb/v6-m/nofp/crtn.o
                0x20001000                        _estack = (ORIGIN (RAM) + LENGTH (RAM))
                0x00000080                        _Min_Heap_Size = 0x80
                0x00000400                        _Min_Stack_Size = 0x400

.isr_vector     0x08000000       0xc0
                0x08000000                        . = ALIGN (0x4)
 *(.isr_vector)
 .isr_vector    0x08000000       0xc0 ./Application/Startup/startup_stm32f031c6tx.o
                0x08000000                g_pfnVectors
                0x080000c0                        . = ALIGN (0x4)

.text           0x080000c0     0x46e8
                0x080000c0                        . = ALIGN (0x4)
 *(.text)
 .text          0x080000c0       0x48 C:/ST/STM32CubeIDE_1.16.0/STM32CubeIDE/plugins/com.st.stm32cube.ide.mcu.externaltools.gnu-tools-for-stm32.12.3.rel1.win32_1.0.200.202406191623/tools/bin/../lib/gcc/arm-none-eabi/12.3.1/thumb/v6-m/nofp/crtbegin.o
 .text          0x08000108       0x14 C:/ST/STM32CubeIDE_1.16.0/STM32CubeIDE/plugins/com.st.stm32cube.ide.mcu.externaltools.gnu-tools-for-stm32.12.3.rel1.win32_1.0.200.202406191623/tools/bin/../lib/gcc/arm-none-eabi/12.3.1/thumb/v6-m/nofp\libgcc.a(_thumb1_case_uqi.o)
                0x08000108                __gnu_thumb1_case_uqi
 .text          0x0800011c      0x114 C:/ST/STM32CubeIDE_1.16.0/STM32CubeIDE/plugins/com.st.stm32cube.ide.mcu.externaltools.gnu-tools-for-stm32.12.3.rel1.win32_1.0.200.202406191623/tools/bin/../lib/gcc/arm-none-eabi/12.3.1/thumb/v6-m/nofp\libgcc.a(_udivsi3.o)
                0x0800011c                __aeabi_uidiv
                0x0800011c                __udivsi3
                0x08000228                __aeabi_uidivmod
 .text          0x08000230      0x1d4 C:/ST/STM32CubeIDE_1.16.0/STM32CubeIDE/plugins/com.st.stm32cube.ide.mcu.externaltools.gnu-tools-for-stm32.12.3.rel1.win32_1.0.200.202406191623/tools/bin/../lib/gcc/arm-none-eabi/12.3.1/thumb/v6-m/nofp\libgcc.a(_divsi3.o)
                0x08000230                __divsi3
                0x08000230                __aeabi_idiv
                0x080003fc                __aeabi_idivmod
 .text          0x08000404        0x4 C:/ST/STM32CubeIDE_1.16.0/STM32CubeIDE/plugins/com.st.stm32cube.ide.mcu.externaltools.gnu-tools-for-stm32.12.3.rel1.win32_1.0.200.202406191623/tools/bin/../lib/gcc/arm-none-eabi/12.3.1/thumb/v6-m/nofp\libgcc.a(_dvmd_tls.o)
                0x08000404                __aeabi_idiv0
                0x08000404                __aeabi_ldiv0
 .text          0x08000408       0x74 C:/ST/STM32CubeIDE_1.16.0/STM32CubeIDE/plugins/com.st.stm32cube.ide.mcu.externaltools.gnu-tools-for-stm32.12.3.rel1.win32_1.0.200.202406191623/tools/bin/../lib/gcc/arm-none-eabi/12.3.1/thumb/v6-m/nofp\libgcc.a(_arm_cmpsf2.o)
                0x08000408                __aeabi_cfrcmple
                0x08000410                __aeabi_cfcmpeq
                0x08000410                __aeabi_cfcmple
                0x08000420                __aeabi_fcmpeq
                0x0800042c                __aeabi_fcmplt
                0x08000440                __aeabi_fcmple
                0x08000454                __aeabi_fcmpgt
                0x08000468                __aeabi_fcmpge
 .text          0x0800047c      0x314 C:/ST/STM32CubeIDE_1.16.0/STM32CubeIDE/plugins/com.st.stm32cube.ide.mcu.externaltools.gnu-tools-for-stm32.12.3.rel1.win32_1.0.200.202406191623/tools/bin/../lib/gcc/arm-none-eabi/12.3.1/thumb/v6-m/nofp\libgcc.a(addsf3.o)
                0x0800047c                __aeabi_fadd
 .text          0x08000790      0x240 C:/ST/STM32CubeIDE_1.16.0/STM32CubeIDE/plugins/com.st.stm32cube.ide.mcu.externaltools.gnu-tools-for-stm32.12.3.rel1.win32_1.0.200.202406191623/tools/bin/../lib/gcc/arm-none-eabi/12.3.1/thumb/v6-m/nofp\libgcc.a(divsf3.o)
                0x08000790                __aeabi_fdiv
 .text          0x080009d0       0x50 C:/ST/STM32CubeIDE_1.16.0/STM32CubeIDE/plugins/com.st.stm32cube.ide.mcu.externaltools.gnu-tools-for-stm32.12.3.rel1.win32_1.0.200.202406191623/tools/bin/../lib/gcc/arm-none-eabi/12.3.1/thumb/v6-m/nofp\libgcc.a(eqsf2.o)
                0x080009d0                __eqsf2
                0x080009d0                __nesf2
 .text          0x08000a20       0xa0 C:/ST/STM32CubeIDE_1.16.0/STM32CubeIDE/plugins/com.st.stm32cube.ide.mcu.externaltools.gnu-tools-for-stm32.12.3.rel1.win32_1.0.200.202406191623/tools/bin/../lib/gcc/arm-none-eabi/12.3.1/thumb/v6-m/nofp\libgcc.a(gesf2.o)
                0x08000a20                __gesf2
                0x08000a20                __gtsf2
 .text          0x08000ac0       0x9c C:/ST/STM32CubeIDE_1.16.0/STM32CubeIDE/plugins/com.st.stm32cube.ide.mcu.externaltools.gnu-tools-for-stm32.12.3.rel1.win32_1.0.200.202406191623/tools/bin/../lib/gcc/arm-none-eabi/12.3.1/thumb/v6-m/nofp\libgcc.a(lesf2.o)
                0x08000ac0                __ltsf2
                0x08000ac0                __lesf2
 .text          0x08000b5c      0x27c C:/ST/STM32CubeIDE_1.16.0/STM32CubeIDE/plugins/com.st.stm32cube.ide.mcu.externaltools.gnu-tools-for-stm32.12.3.rel1.win32_1.0.200.202406191623/tools/bin/../lib/gcc/arm-none-eabi/12.3.1/thumb/v6-m/nofp\libgcc.a(mulsf3.o)
                0x08000b5c                __aeabi_fmul
 .text          0x08000dd8       0x40 C:/ST/STM32CubeIDE_1.16.0/STM32CubeIDE/plugins/com.st.stm32cube.ide.mcu.externaltools.gnu-tools-for-stm32.12.3.rel1.win32_1.0.200.202406191623/tools/bin/../lib/gcc/arm-none-eabi/12.3.1/thumb/v6-m/nofp\libgcc.a(fixsfsi.o)
                0x08000dd8                __aeabi_f2iz
 .text          0x08000e18       0x98 C:/ST/STM32CubeIDE_1.16.0/STM32CubeIDE/plugins/com.st.stm32cube.ide.mcu.externaltools.gnu-tools-for-stm32.12.3.rel1.win32_1.0.200.202406191623/tools/bin/../lib/gcc/arm-none-eabi/12.3.1/thumb/v6-m/nofp\libgcc.a(floatsisf.o)
                0x08000e18                __aeabi_i2f
 .text          0x08000eb0       0x3c C:/ST/STM32CubeIDE_1.16.0/STM32CubeIDE/plugins/com.st.stm32cube.ide.mcu.externaltools.gnu-tools-for-stm32.12.3.rel1.win32_1.0.200.202406191623/tools/bin/../lib/gcc/arm-none-eabi/12.3.1/thumb/v6-m/nofp\libgcc.a(_clzsi2.o)
                0x08000eb0                __clzsi2
 *(.text*)
 .text.Reset_Handler
                0x08000eec       0x50 ./Application/Startup/startup_stm32f031c6tx.o
                0x08000eec                Reset_Handler
 .text.Default_Handler
                0x08000f3c        0x2 ./Application/Startup/startup_stm32f031c6tx.o
                0x08000f3c                TIM1_CC_IRQHandler
                0x08000f3c                PVD_IRQHandler
                0x08000f3c                PendSV_Handler
                0x08000f3c                NMI_Handler
                0x08000f3c                I2C1_IRQHandler
                0x08000f3c                SPI1_IRQHandler
                0x08000f3c                EXTI2_3_IRQHandler
                0x08000f3c                ADC1_IRQHandler
                0x08000f3c                TIM17_IRQHandler
                0x08000f3c                RTC_IRQHandler
                0x08000f3c                EXTI4_15_IRQHandler
                0x08000f3c                RCC_IRQHandler
                0x08000f3c                Default_Handler
                0x08000f3c                SVC_Handler
                0x08000f3c                WWDG_IRQHandler
                0x08000f3c                TIM2_IRQHandler
                0x08000f3c                DMA1_Channel2_3_IRQHandler
                0x08000f3c                FLASH_IRQHandler
 *fill*         0x08000f3e        0x2 
 .text.LL_AHB1_GRP1_EnableClock
                0x08000f40       0x1c ./Application/User/main.o
 .text.LL_APB1_GRP2_EnableClock
                0x08000f5c       0x1c ./Application/User/main.o
 .text.LL_TIM_OC_DisableFast
                0x08000f78       0x40 ./Application/User/main.o
 .text.LL_TIM_OC_EnablePreload
                0x08000fb8       0x40 ./Application/User/main.o
 .text.SystemClock_Config
                0x08000ff8       0xcc ./Application/User/main.o
                0x08000ff8                SystemClock_Config
 .text.startup.main
                0x080010c4      0x840 ./Application/User/main.o
                0x080010c4                main
 .text.MC_StartMotor1
                0x08001904       0x10 ./Application/User/mc_api.o
                0x08001904                MC_StartMotor1
 .text.MC_AcknowledgeFaultMotor1
                0x08001914       0x10 ./Application/User/mc_api.o
                0x08001914                MC_AcknowledgeFaultMotor1
 .text.MC_GetOccurredFaultsMotor1
                0x08001924       0x10 ./Application/User/mc_api.o
                0x08001924                MC_GetOccurredFaultsMotor1
 .text.MC_GetAlignmentStatusMotor1
                0x08001934       0x10 ./Application/User/mc_api.o
                0x08001934                MC_GetAlignmentStatusMotor1
 .text.MCI_Init
                0x08001944       0x18 ./Application/User/mc_interface.o
                0x08001944                MCI_Init
 .text.MCI_ExecSpeedRamp
                0x0800195c       0x10 ./Application/User/mc_interface.o
                0x0800195c                MCI_ExecSpeedRamp
 .text.MCI_StartMotor
                0x0800196c       0x16 ./Application/User/mc_interface.o
                0x0800196c                MCI_StartMotor
 .text.MCI_FaultAcknowledged
                0x08001982        0xa ./Application/User/mc_interface.o
                0x08001982                MCI_FaultAcknowledged
 .text.MCI_ExecBufferedCommands
                0x0800198c       0x6c ./Application/User/mc_interface.o
                0x0800198c                MCI_ExecBufferedCommands
 .text.MCI_GetAlignmentStatus
                0x080019f8        0xa ./Application/User/mc_interface.o
                0x080019f8                MCI_GetAlignmentStatus
 .text.MCI_GetOccurredFaults
                0x08001a02        0xc ./Application/User/mc_interface.o
                0x08001a02                MCI_GetOccurredFaults
 *fill*         0x08001a0e        0x2 
 .text.MCM_Clarke
                0x08001a10       0x58 ./Application/User/mc_math.o
                0x08001a10                MCM_Clarke
 .text.MCM_Trig_Functions
                0x08001a68       0x8c ./Application/User/mc_math.o
                0x08001a68                MCM_Trig_Functions
 .text.MCM_Park
                0x08001af4       0x84 ./Application/User/mc_math.o
                0x08001af4                MCM_Park
 .text.MCM_Rev_Park
                0x08001b78       0x30 ./Application/User/mc_math.o
                0x08001b78                MCM_Rev_Park
 .text.LL_GPIO_LockPin
                0x08001ba8       0x18 ./Application/User/mc_tasks.o
 .text.FOC_Clear
                0x08001bc0       0x64 ./Application/User/mc_tasks.o
                0x08001bc0                FOC_Clear
 .text.MCboot   0x08001c24      0x21c ./Application/User/mc_tasks.o
                0x08001c24                MCboot
 .text.FOC_InitAdditionalMethods
                0x08001e40        0x2 ./Application/User/mc_tasks.o
                0x08001e40                FOC_InitAdditionalMethods
 *fill*         0x08001e42        0x2 
 .text.FOC_CalcCurrRef
                0x08001e44       0x2c ./Application/User/mc_tasks.o
                0x08001e44                FOC_CalcCurrRef
 .text.TSK_SetChargeBootCapDelayM1
                0x08001e70        0xc ./Application/User/mc_tasks.o
                0x08001e70                TSK_SetChargeBootCapDelayM1
 .text.TSK_ChargeBootCapDelayHasElapsedM1
                0x08001e7c       0x10 ./Application/User/mc_tasks.o
                0x08001e7c                TSK_ChargeBootCapDelayHasElapsedM1
 .text.TSK_SetStopPermanencyTimeM1
                0x08001e8c        0xc ./Application/User/mc_tasks.o
                0x08001e8c                TSK_SetStopPermanencyTimeM1
 .text.TSK_StopPermanencyTimeHasElapsedM1
                0x08001e98       0x10 ./Application/User/mc_tasks.o
                0x08001e98                TSK_StopPermanencyTimeHasElapsedM1
 .text.TSK_MediumFrequencyTaskM1
                0x08001ea8      0x204 ./Application/User/mc_tasks.o
                0x08001ea8                TSK_MediumFrequencyTaskM1
 .text.MC_Scheduler
                0x080020ac       0x54 ./Application/User/mc_tasks.o
                0x080020ac                MC_Scheduler
 .text.TSK_HighFrequencyTask
                0x08002100      0x108 ./Application/User/mc_tasks.o
                0x08002100                TSK_HighFrequencyTask
 .text.TSK_SafetyTask_PWMOFF
                0x08002208       0xa4 ./Application/User/mc_tasks.o
                0x08002208                TSK_SafetyTask_PWMOFF
 .text.TSK_SafetyTask
                0x080022ac       0x1c ./Application/User/mc_tasks.o
                0x080022ac                TSK_SafetyTask
 .text.MC_RunMotorControlTasks
                0x080022c8       0x1c ./Application/User/mc_tasks.o
                0x080022c8                MC_RunMotorControlTasks
 .text.TSK_HardwareFaultTask
                0x080022e4       0x20 ./Application/User/mc_tasks.o
                0x080022e4                TSK_HardwareFaultTask
 .text.mc_lock_pins
                0x08002304       0x90 ./Application/User/mc_tasks.o
                0x08002304                mc_lock_pins
 .text.MX_MotorControl_Init
                0x08002394       0x44 ./Application/User/motorcontrol.o
                0x08002394                MX_MotorControl_Init
 .text.RCM_RegisterRegConv
                0x080023d8       0x90 ./Application/User/regular_conversion_manager.o
                0x080023d8                RCM_RegisterRegConv
 .text.RCM_ExecRegularConv
                0x08002468      0x120 ./Application/User/regular_conversion_manager.o
                0x08002468                RCM_ExecRegularConv
 .text.RCM_ExecUserConv
                0x08002588       0x44 ./Application/User/regular_conversion_manager.o
                0x08002588                RCM_ExecUserConv
 .text.RCM_ExecNextConv
                0x080025cc       0x74 ./Application/User/regular_conversion_manager.o
                0x080025cc                RCM_ExecNextConv
 .text.RCM_ReadOngoingConv
                0x08002640       0x48 ./Application/User/regular_conversion_manager.o
                0x08002640                RCM_ReadOngoingConv
 .text.HAL_MspInit
                0x08002688       0x30 ./Application/User/stm32f0xx_hal_msp.o
                0x08002688                HAL_MspInit
 .text.TIM14_IRQHandler
                0x080026b8        0x2 ./Application/User/stm32f0xx_it.o
                0x080026b8                TIM14_IRQHandler
 *fill*         0x080026ba        0x2 
 .text.TIM16_IRQHandler
                0x080026bc       0x10 ./Application/User/stm32f0xx_it.o
                0x080026bc                TIM16_IRQHandler
 .text.USART1_IRQHandler
                0x080026cc        0x2 ./Application/User/stm32f0xx_it.o
                0x080026cc                USART1_IRQHandler
 *fill*         0x080026ce        0x2 
 .text.DMA1_Channel1_IRQHandler
                0x080026d0       0x14 ./Application/User/stm32f0xx_mc_it.o
                0x080026d0                DMA1_Channel1_IRQHandler
 .text.TIM1_BRK_UP_TRG_COM_IRQHandler
                0x080026e4       0x44 ./Application/User/stm32f0xx_mc_it.o
                0x080026e4                TIM1_BRK_UP_TRG_COM_IRQHandler
 .text.DMA1_Channel4_5_IRQHandler
                0x08002728       0x14 ./Application/User/stm32f0xx_mc_it.o
                0x08002728                DMA1_Channel4_5_IRQHandler
 .text.TIM3_IRQHandler
                0x0800273c       0x24 ./Application/User/stm32f0xx_mc_it.o
                0x0800273c                TIM3_IRQHandler
 .text.HardFault_Handler
                0x08002760        0x8 ./Application/User/stm32f0xx_mc_it.o
                0x08002760                HardFault_Handler
 .text.SysTick_Handler
                0x08002768       0x30 ./Application/User/stm32f0xx_mc_it.o
                0x08002768                SysTick_Handler
 .text.EXTI0_1_IRQHandler
                0x08002798       0x20 ./Application/User/stm32f0xx_mc_it.o
                0x08002798                EXTI0_1_IRQHandler
 .text.UI_TaskInit
                0x080027b8        0x2 ./Application/User/ui_task.o
                0x080027b8                UI_TaskInit
 *fill*         0x080027ba        0x2 
 .text.UI_Scheduler
                0x080027bc       0x40 ./Application/User/ui_task.o
                0x080027bc                UI_Scheduler
 .text.SystemInit
                0x080027fc        0x2 ./Drivers/CMSIS/system_stm32f0xx.o
                0x080027fc                SystemInit
 *fill*         0x080027fe        0x2 
 .text.HAL_InitTick
                0x08002800       0x48 ./Drivers/STM32F0xx_HAL_Driver/stm32f0xx_hal.o
                0x08002800                HAL_InitTick
 .text.HAL_Init
                0x08002848       0x20 ./Drivers/STM32F0xx_HAL_Driver/stm32f0xx_hal.o
                0x08002848                HAL_Init
 .text.HAL_IncTick
                0x08002868       0x18 ./Drivers/STM32F0xx_HAL_Driver/stm32f0xx_hal.o
                0x08002868                HAL_IncTick
 .text.HAL_GetTick
                0x08002880        0xc ./Drivers/STM32F0xx_HAL_Driver/stm32f0xx_hal.o
                0x08002880                HAL_GetTick
 .text.HAL_Delay
                0x0800288c       0x24 ./Drivers/STM32F0xx_HAL_Driver/stm32f0xx_hal.o
                0x0800288c                HAL_Delay
 .text.HAL_NVIC_SetPriority
                0x080028b0       0x54 ./Drivers/STM32F0xx_HAL_Driver/stm32f0xx_hal_cortex.o
                0x080028b0                HAL_NVIC_SetPriority
 .text.HAL_SYSTICK_Config
                0x08002904       0x34 ./Drivers/STM32F0xx_HAL_Driver/stm32f0xx_hal_cortex.o
                0x08002904                HAL_SYSTICK_Config
 .text.HAL_SYSTICK_Callback
                0x08002938        0x2 ./Drivers/STM32F0xx_HAL_Driver/stm32f0xx_hal_cortex.o
                0x08002938                HAL_SYSTICK_Callback
 .text.HAL_SYSTICK_IRQHandler
                0x0800293a        0x8 ./Drivers/STM32F0xx_HAL_Driver/stm32f0xx_hal_cortex.o
                0x0800293a                HAL_SYSTICK_IRQHandler
 *fill*         0x08002942        0x2 
 .text.HAL_RCC_GetHCLKFreq
                0x08002944        0xc ./Drivers/STM32F0xx_HAL_Driver/stm32f0xx_hal_rcc.o
                0x08002944                HAL_RCC_GetHCLKFreq
 .text.LL_ADC_Init
                0x08002950       0x38 ./Drivers/STM32F0xx_HAL_Driver/stm32f0xx_ll_adc.o
                0x08002950                LL_ADC_Init
 .text.LL_ADC_REG_Init
                0x08002988       0x34 ./Drivers/STM32F0xx_HAL_Driver/stm32f0xx_ll_adc.o
                0x08002988                LL_ADC_REG_Init
 .text.LL_EXTI_Init
                0x080029bc       0x9c ./Drivers/STM32F0xx_HAL_Driver/stm32f0xx_ll_exti.o
                0x080029bc                LL_EXTI_Init
 .text.LL_GPIO_Init
                0x08002a58       0xa8 ./Drivers/STM32F0xx_HAL_Driver/stm32f0xx_ll_gpio.o
                0x08002a58                LL_GPIO_Init
 .text.RCC_GetHCLKClockFreq
                0x08002b00       0x18 ./Drivers/STM32F0xx_HAL_Driver/stm32f0xx_ll_rcc.o
                0x08002b00                RCC_GetHCLKClockFreq
 .text.RCC_GetPCLK1ClockFreq
                0x08002b18       0x18 ./Drivers/STM32F0xx_HAL_Driver/stm32f0xx_ll_rcc.o
                0x08002b18                RCC_GetPCLK1ClockFreq
 .text.RCC_PLL_GetFreqDomain_SYS
                0x08002b30       0x30 ./Drivers/STM32F0xx_HAL_Driver/stm32f0xx_ll_rcc.o
                0x08002b30                RCC_PLL_GetFreqDomain_SYS
 .text.RCC_GetSystemClockFreq
                0x08002b60       0x20 ./Drivers/STM32F0xx_HAL_Driver/stm32f0xx_ll_rcc.o
                0x08002b60                RCC_GetSystemClockFreq
 .text.LL_RCC_GetUSARTClockFreq
                0x08002b80       0x54 ./Drivers/STM32F0xx_HAL_Driver/stm32f0xx_ll_rcc.o
                0x08002b80                LL_RCC_GetUSARTClockFreq
 .text.LL_TIM_Init
                0x08002bd4       0x90 ./Drivers/STM32F0xx_HAL_Driver/stm32f0xx_ll_tim.o
                0x08002bd4                LL_TIM_Init
 .text.LL_TIM_OC_Init
                0x08002c64      0x1e4 ./Drivers/STM32F0xx_HAL_Driver/stm32f0xx_ll_tim.o
                0x08002c64                LL_TIM_OC_Init
 .text.LL_TIM_BDTR_Init
                0x08002e48       0x48 ./Drivers/STM32F0xx_HAL_Driver/stm32f0xx_ll_tim.o
                0x08002e48                LL_TIM_BDTR_Init
 .text.LL_USART_Init
                0x08002e90       0x9c ./Drivers/STM32F0xx_HAL_Driver/stm32f0xx_ll_usart.o
                0x08002e90                LL_USART_Init
 .text.LL_SetSystemCoreClock
                0x08002f2c        0xc ./Drivers/STM32F0xx_HAL_Driver/stm32f0xx_ll_utils.o
                0x08002f2c                LL_SetSystemCoreClock
 .text.VBS_GetAvBusVoltage_V
                0x08002f38        0xc ./Middlewares/MotorControl/bus_voltage_sensor.o
                0x08002f38                VBS_GetAvBusVoltage_V
 .text.Circle_Limitation
                0x08002f44       0x52 ./Middlewares/MotorControl/circle_limitation.o
                0x08002f44                Circle_Limitation
 .text.EAC_Init
                0x08002f96        0xc ./Middlewares/MotorControl/enc_align_ctrl.o
                0x08002f96                EAC_Init
 .text.EAC_StartAlignment
                0x08002fa2       0x4a ./Middlewares/MotorControl/enc_align_ctrl.o
                0x08002fa2                EAC_StartAlignment
 .text.EAC_Exec
                0x08002fec       0x30 ./Middlewares/MotorControl/enc_align_ctrl.o
                0x08002fec                EAC_Exec
 .text.EAC_IsAligned
                0x0800301c        0x4 ./Middlewares/MotorControl/enc_align_ctrl.o
                0x0800301c                EAC_IsAligned
 .text.EAC_SetRestartState
                0x08003020        0x4 ./Middlewares/MotorControl/enc_align_ctrl.o
                0x08003020                EAC_SetRestartState
 .text.EAC_GetRestartState
                0x08003024        0x4 ./Middlewares/MotorControl/enc_align_ctrl.o
                0x08003024                EAC_GetRestartState
 .text.ENC_Init
                0x08003028       0x70 ./Middlewares/MotorControl/encoder_speed_pos_fdbk.o
                0x08003028                ENC_Init
 .text.ENC_Clear
                0x08003098       0x1c ./Middlewares/MotorControl/encoder_speed_pos_fdbk.o
                0x08003098                ENC_Clear
 .text.ENC_CalcAngle
                0x080030b4       0x30 ./Middlewares/MotorControl/encoder_speed_pos_fdbk.o
                0x080030b4                ENC_CalcAngle
 .text.ENC_CalcAvrgMecSpeedUnit
                0x080030e4       0xf8 ./Middlewares/MotorControl/encoder_speed_pos_fdbk.o
                0x080030e4                ENC_CalcAvrgMecSpeedUnit
 .text.ENC_SetMecAngle
                0x080031dc       0x2c ./Middlewares/MotorControl/encoder_speed_pos_fdbk.o
                0x080031dc                ENC_SetMecAngle
 .text.ENC_IRQHandler
                0x08003208        0xe ./Middlewares/MotorControl/encoder_speed_pos_fdbk.o
                0x08003208                ENC_IRQHandler
 .text.MPM_Clear
                0x08003216       0x18 ./Middlewares/MotorControl/motor_power_measurement.o
                0x08003216                MPM_Clear
 .text.MPM_CalcElMotorPower
                0x0800322e       0x3e ./Middlewares/MotorControl/motor_power_measurement.o
                0x0800322e                MPM_CalcElMotorPower
 .text.NTC_SetFaultState
                0x0800326c       0x18 ./Middlewares/MotorControl/ntc_temperature_sensor.o
                0x0800326c                NTC_SetFaultState
 .text.NTC_Clear
                0x08003284        0x6 ./Middlewares/MotorControl/ntc_temperature_sensor.o
                0x08003284                NTC_Clear
 .text.NTC_Init
                0x0800328a       0x26 ./Middlewares/MotorControl/ntc_temperature_sensor.o
                0x0800328a                NTC_Init
 .text.NTC_CalcAvTemp
                0x080032b0       0x38 ./Middlewares/MotorControl/ntc_temperature_sensor.o
                0x080032b0                NTC_CalcAvTemp
 .text.PID_HandleInit
                0x080032e8       0x10 ./Middlewares/MotorControl/pid_regulator.o
                0x080032e8                PID_HandleInit
 .text.PID_SetIntegralTerm
                0x080032f8        0x4 ./Middlewares/MotorControl/pid_regulator.o
                0x080032f8                PID_SetIntegralTerm
 .text.PI_Controller
                0x080032fc       0x74 ./Middlewares/MotorControl/pid_regulator.o
                0x080032fc                PI_Controller
 .text.PID_Controller
                0x08003370       0x3c ./Middlewares/MotorControl/pid_regulator.o
                0x08003370                PID_Controller
 .text.PQD_CalcElMotorPower
                0x080033ac       0x52 ./Middlewares/MotorControl/pqd_motor_power_measurement.o
                0x080033ac                PQD_CalcElMotorPower
 .text.waitForPolarizationEnd
                0x080033fe       0x44 ./Middlewares/MotorControl/pwm_common.o
                0x080033fe                waitForPolarizationEnd
 .text.PWMC_GetPhaseCurrents
                0x08003442        0x8 ./Middlewares/MotorControl/pwm_curr_fdbk.o
                0x08003442                PWMC_GetPhaseCurrents
 .text.PWMC_SetPhaseVoltage
                0x0800344a      0x1ca ./Middlewares/MotorControl/pwm_curr_fdbk.o
                0x0800344a                PWMC_SetPhaseVoltage
 .text.PWMC_SwitchOffPWM
                0x08003614        0x8 ./Middlewares/MotorControl/pwm_curr_fdbk.o
                0x08003614                PWMC_SwitchOffPWM
 .text.PWMC_CurrentReadingCalibr
                0x0800361c       0x3c ./Middlewares/MotorControl/pwm_curr_fdbk.o
                0x0800361c                PWMC_CurrentReadingCalibr
 .text.PWMC_CheckOverCurrent
                0x08003658        0x8 ./Middlewares/MotorControl/pwm_curr_fdbk.o
                0x08003658                PWMC_CheckOverCurrent
 .text.R3_1_GetPhaseCurrents
                0x08003660      0x104 ./Middlewares/MotorControl/r3_f0xx_pwm_curr_fdbk.o
                0x08003660                R3_1_GetPhaseCurrents
 .text.R3_1_HFCurrentsCalibrationAB
                0x08003764       0x48 ./Middlewares/MotorControl/r3_f0xx_pwm_curr_fdbk.o
                0x08003764                R3_1_HFCurrentsCalibrationAB
 .text.R3_1_HFCurrentsCalibrationC
                0x080037ac       0x48 ./Middlewares/MotorControl/r3_f0xx_pwm_curr_fdbk.o
                0x080037ac                R3_1_HFCurrentsCalibrationC
 .text.R3_1_Init
                0x080037f4      0x104 ./Middlewares/MotorControl/r3_f0xx_pwm_curr_fdbk.o
                0x080037f4                R3_1_Init
 .text.R3_1_WriteTIMRegisters
                0x080038f8       0x2e ./Middlewares/MotorControl/r3_f0xx_pwm_curr_fdbk.o
                0x080038f8                R3_1_WriteTIMRegisters
 .text.R3_1_SetADCSampPointCalibration
                0x08003926       0x20 ./Middlewares/MotorControl/r3_f0xx_pwm_curr_fdbk.o
                0x08003926                R3_1_SetADCSampPointCalibration
 .text.R3_1_SetADCSampPointSectX
                0x08003946       0x58 ./Middlewares/MotorControl/r3_f0xx_pwm_curr_fdbk.o
                0x08003946                R3_1_SetADCSampPointSectX
 *fill*         0x0800399e        0x2 
 .text.R3_1_TurnOnLowSides
                0x080039a0       0x4c ./Middlewares/MotorControl/r3_f0xx_pwm_curr_fdbk.o
                0x080039a0                R3_1_TurnOnLowSides
 .text.R3_1_SwitchOnPWM
                0x080039ec       0xe8 ./Middlewares/MotorControl/r3_f0xx_pwm_curr_fdbk.o
                0x080039ec                R3_1_SwitchOnPWM
 .text.R3_1_SwitchOffPWM
                0x08003ad4       0xa4 ./Middlewares/MotorControl/r3_f0xx_pwm_curr_fdbk.o
                0x08003ad4                R3_1_SwitchOffPWM
 .text.R3_1_CurrentReadingCalibration
                0x08003b78      0x110 ./Middlewares/MotorControl/r3_f0xx_pwm_curr_fdbk.o
                0x08003b78                R3_1_CurrentReadingCalibration
 .text.R3_1_TIMx_UP_IRQHandler
                0x08003c88       0x80 ./Middlewares/MotorControl/r3_f0xx_pwm_curr_fdbk.o
                0x08003c88                R3_1_TIMx_UP_IRQHandler
 .text.F0XX_BRK_IRQHandler
                0x08003d08       0x28 ./Middlewares/MotorControl/r3_f0xx_pwm_curr_fdbk.o
                0x08003d08                F0XX_BRK_IRQHandler
 .text.R3_1_IsOverCurrentOccurred
                0x08003d30       0x24 ./Middlewares/MotorControl/r3_f0xx_pwm_curr_fdbk.o
                0x08003d30                R3_1_IsOverCurrentOccurred
 .text.RVBS_Clear
                0x08003d54       0x2a ./Middlewares/MotorControl/r_divider_bus_voltage_sensor.o
                0x08003d54                RVBS_Clear
 .text.RVBS_Init
                0x08003d7e       0x16 ./Middlewares/MotorControl/r_divider_bus_voltage_sensor.o
                0x08003d7e                RVBS_Init
 .text.RVBS_CheckFaultState
                0x08003d94       0x18 ./Middlewares/MotorControl/r_divider_bus_voltage_sensor.o
                0x08003d94                RVBS_CheckFaultState
 .text.RVBS_CalcAvVbus
                0x08003dac       0x60 ./Middlewares/MotorControl/r_divider_bus_voltage_sensor.o
                0x08003dac                RVBS_CalcAvVbus
 .text.REMNG_Init
                0x08003e0c       0x18 ./Middlewares/MotorControl/ramp_ext_mngr.o
                0x08003e0c                REMNG_Init
 .text.SPD_GetElAngle
                0x08003e24        0x6 ./Middlewares/MotorControl/speed_pos_fdbk.o
                0x08003e24                SPD_GetElAngle
 .text.SPD_GetMecAngle
                0x08003e2a        0x4 ./Middlewares/MotorControl/speed_pos_fdbk.o
                0x08003e2a                SPD_GetMecAngle
 .text.SPD_GetAvrgMecSpeedUnit
                0x08003e2e        0x6 ./Middlewares/MotorControl/speed_pos_fdbk.o
                0x08003e2e                SPD_GetAvrgMecSpeedUnit
 .text.SPD_GetInstElSpeedDpp
                0x08003e34        0x6 ./Middlewares/MotorControl/speed_pos_fdbk.o
                0x08003e34                SPD_GetInstElSpeedDpp
 .text.SPD_IsMecSpeedReliable
                0x08003e3a       0x5c ./Middlewares/MotorControl/speed_pos_fdbk.o
                0x08003e3a                SPD_IsMecSpeedReliable
 .text.STC_Init
                0x08003e96       0x26 ./Middlewares/MotorControl/speed_torq_ctrl.o
                0x08003e96                STC_Init
 .text.STC_SetSpeedSensor
                0x08003ebc        0x4 ./Middlewares/MotorControl/speed_torq_ctrl.o
                0x08003ebc                STC_SetSpeedSensor
 .text.STC_GetSpeedSensor
                0x08003ec0        0x4 ./Middlewares/MotorControl/speed_torq_ctrl.o
                0x08003ec0                STC_GetSpeedSensor
 .text.STC_Clear
                0x08003ec4       0x12 ./Middlewares/MotorControl/speed_torq_ctrl.o
                0x08003ec4                STC_Clear
 .text.STC_GetTorqueRef
                0x08003ed6        0xc ./Middlewares/MotorControl/speed_torq_ctrl.o
                0x08003ed6                STC_GetTorqueRef
 .text.STC_SetControlMode
                0x08003ee2        0x8 ./Middlewares/MotorControl/speed_torq_ctrl.o
                0x08003ee2                STC_SetControlMode
 .text.STC_ExecRamp
                0x08003eea       0x80 ./Middlewares/MotorControl/speed_torq_ctrl.o
                0x08003eea                STC_ExecRamp
 .text.STC_CalcTorqueReference
                0x08003f6a       0x54 ./Middlewares/MotorControl/speed_torq_ctrl.o
                0x08003f6a                STC_CalcTorqueReference
 .text.STC_GetMecSpeedRefUnitDefault
                0x08003fbe        0x6 ./Middlewares/MotorControl/speed_torq_ctrl.o
                0x08003fbe                STC_GetMecSpeedRefUnitDefault
 .text.STC_GetDefaultIqdref
                0x08003fc4       0x10 ./Middlewares/MotorControl/speed_torq_ctrl.o
                0x08003fc4                STC_GetDefaultIqdref
 .text.STC_ForceSpeedReferenceToCurrentSpeed
                0x08003fd4       0x10 ./Middlewares/MotorControl/speed_torq_ctrl.o
                0x08003fd4                STC_ForceSpeedReferenceToCurrentSpeed
 .text.STM_Init
                0x08003fe4        0xa ./Middlewares/MotorControl/state_machine.o
                0x08003fe4                STM_Init
 .text.STM_FaultProcessing
                0x08003fee       0x32 ./Middlewares/MotorControl/state_machine.o
                0x08003fee                STM_FaultProcessing
 .text.STM_NextState
                0x08004020       0xe8 ./Middlewares/MotorControl/state_machine.o
                0x08004020                STM_NextState
 .text.STM_GetState
                0x08004108        0x4 ./Middlewares/MotorControl/state_machine.o
                0x08004108                STM_GetState
 .text.STM_FaultAcknowledged
                0x0800410c       0x14 ./Middlewares/MotorControl/state_machine.o
                0x0800410c                STM_FaultAcknowledged
 .text.STM_GetFaultState
                0x08004120        0xa ./Middlewares/MotorControl/state_machine.o
                0x08004120                STM_GetFaultState
 .text.TC_Init  0x0800412a       0x3e ./Middlewares/MotorControl/trajectory_ctrl.o
                0x0800412a                TC_Init
 .text.TC_MoveCommand
                0x08004168      0x110 ./Middlewares/MotorControl/trajectory_ctrl.o
                0x08004168                TC_MoveCommand
 .text.TC_FollowExecution
                0x08004278       0x2a ./Middlewares/MotorControl/trajectory_ctrl.o
                0x08004278                TC_FollowExecution
 *fill*         0x080042a2        0x2 
 .text.TC_EncAlignmentCommand
                0x080042a4       0x6c ./Middlewares/MotorControl/trajectory_ctrl.o
                0x080042a4                TC_EncAlignmentCommand
 .text.TC_RampCompleted
                0x08004310       0x1a ./Middlewares/MotorControl/trajectory_ctrl.o
                0x08004310                TC_RampCompleted
 .text.TC_MoveExecution
                0x0800432a       0xe0 ./Middlewares/MotorControl/trajectory_ctrl.o
                0x0800432a                TC_MoveExecution
 *fill*         0x0800440a        0x2 
 .text.TC_PositionRegulation
                0x0800440c       0x64 ./Middlewares/MotorControl/trajectory_ctrl.o
                0x0800440c                TC_PositionRegulation
 .text.TC_EncoderReset
                0x08004470       0x3a ./Middlewares/MotorControl/trajectory_ctrl.o
                0x08004470                TC_EncoderReset
 .text.TC_GetAlignmentStatus
                0x080044aa        0x6 ./Middlewares/MotorControl/trajectory_ctrl.o
                0x080044aa                TC_GetAlignmentStatus
 .text.TC_IncTick
                0x080044b0        0x8 ./Middlewares/MotorControl/trajectory_ctrl.o
                0x080044b0                TC_IncTick
 .text.VSS_Clear
                0x080044b8       0x38 ./Middlewares/MotorControl/virtual_speed_sensor.o
                0x080044b8                VSS_Clear
 .text.VSS_Init
                0x080044f0       0x12 ./Middlewares/MotorControl/virtual_speed_sensor.o
                0x080044f0                VSS_Init
 .text.VSS_SetMecAngle
                0x08004502       0x16 ./Middlewares/MotorControl/virtual_speed_sensor.o
                0x08004502                VSS_SetMecAngle
 .text.VSS_SetMecAcceleration
                0x08004518       0x76 ./Middlewares/MotorControl/virtual_speed_sensor.o
                0x08004518                VSS_SetMecAcceleration
 *fill*         0x0800458e        0x2 
 .text.FD_Init  0x08004590       0x24 ../../MCSDK_v5.4.4/MotorControl/lib\libmc-gcc_M0.lib(fast_div.o)
                0x08004590                FD_Init
 .text.FD_FastDiv
                0x080045b4      0x170 ../../MCSDK_v5.4.4/MotorControl/lib\libmc-gcc_M0.lib(fast_div.o)
                0x080045b4                FD_FastDiv
 .text.memset   0x08004724       0x10 C:/ST/STM32CubeIDE_1.16.0/STM32CubeIDE/plugins/com.st.stm32cube.ide.mcu.externaltools.gnu-tools-for-stm32.12.3.rel1.win32_1.0.200.202406191623/tools/bin/../lib/gcc/arm-none-eabi/12.3.1/../../../../arm-none-eabi/lib/thumb/v6-m/nofp\libc_nano.a(libc_a-memset.o)
                0x08004724                memset
 .text.__libc_init_array
                0x08004734       0x48 C:/ST/STM32CubeIDE_1.16.0/STM32CubeIDE/plugins/com.st.stm32cube.ide.mcu.externaltools.gnu-tools-for-stm32.12.3.rel1.win32_1.0.200.202406191623/tools/bin/../lib/gcc/arm-none-eabi/12.3.1/../../../../arm-none-eabi/lib/thumb/v6-m/nofp\libc_nano.a(libc_a-init.o)
                0x08004734                __libc_init_array
 .text.memcpy   0x0800477c       0x12 C:/ST/STM32CubeIDE_1.16.0/STM32CubeIDE/plugins/com.st.stm32cube.ide.mcu.externaltools.gnu-tools-for-stm32.12.3.rel1.win32_1.0.200.202406191623/tools/bin/../lib/gcc/arm-none-eabi/12.3.1/../../../../arm-none-eabi/lib/thumb/v6-m/nofp\libc_nano.a(libc_a-memcpy-stub.o)
                0x0800477c                memcpy
 *(.glue_7)
 .glue_7        0x0800478e        0x0 linker stubs
 *(.glue_7t)
 .glue_7t       0x0800478e        0x0 linker stubs
 *(.eh_frame)
 *fill*         0x0800478e        0x2 
 .eh_frame      0x08004790        0x0 C:/ST/STM32CubeIDE_1.16.0/STM32CubeIDE/plugins/com.st.stm32cube.ide.mcu.externaltools.gnu-tools-for-stm32.12.3.rel1.win32_1.0.200.202406191623/tools/bin/../lib/gcc/arm-none-eabi/12.3.1/thumb/v6-m/nofp/crtbegin.o
 *(.init)
 .init          0x08004790        0x4 C:/ST/STM32CubeIDE_1.16.0/STM32CubeIDE/plugins/com.st.stm32cube.ide.mcu.externaltools.gnu-tools-for-stm32.12.3.rel1.win32_1.0.200.202406191623/tools/bin/../lib/gcc/arm-none-eabi/12.3.1/thumb/v6-m/nofp/crti.o
                0x08004790                _init
 .init          0x08004794        0x8 C:/ST/STM32CubeIDE_1.16.0/STM32CubeIDE/plugins/com.st.stm32cube.ide.mcu.externaltools.gnu-tools-for-stm32.12.3.rel1.win32_1.0.200.202406191623/tools/bin/../lib/gcc/arm-none-eabi/12.3.1/thumb/v6-m/nofp/crtn.o
 *(.fini)
 .fini          0x0800479c        0x4 C:/ST/STM32CubeIDE_1.16.0/STM32CubeIDE/plugins/com.st.stm32cube.ide.mcu.externaltools.gnu-tools-for-stm32.12.3.rel1.win32_1.0.200.202406191623/tools/bin/../lib/gcc/arm-none-eabi/12.3.1/thumb/v6-m/nofp/crti.o
                0x0800479c                _fini
 .fini          0x080047a0        0x8 C:/ST/STM32CubeIDE_1.16.0/STM32CubeIDE/plugins/com.st.stm32cube.ide.mcu.externaltools.gnu-tools-for-stm32.12.3.rel1.win32_1.0.200.202406191623/tools/bin/../lib/gcc/arm-none-eabi/12.3.1/thumb/v6-m/nofp/crtn.o
                0x080047a8                        . = ALIGN (0x4)
                0x080047a8                        _etext = .

.vfp11_veneer   0x080047a8        0x0
 .vfp11_veneer  0x080047a8        0x0 linker stubs

.v4_bx          0x080047a8        0x0
 .v4_bx         0x080047a8        0x0 linker stubs

.iplt           0x080047a8        0x0
 .iplt          0x080047a8        0x0 C:/ST/STM32CubeIDE_1.16.0/STM32CubeIDE/plugins/com.st.stm32cube.ide.mcu.externaltools.gnu-tools-for-stm32.12.3.rel1.win32_1.0.200.202406191623/tools/bin/../lib/gcc/arm-none-eabi/12.3.1/thumb/v6-m/nofp/crtbegin.o

.rodata         0x080047a8      0x338
                0x080047a8                        . = ALIGN (0x4)
 *(.rodata)
 .rodata        0x080047a8       0x7c C:/ST/STM32CubeIDE_1.16.0/STM32CubeIDE/plugins/com.st.stm32cube.ide.mcu.externaltools.gnu-tools-for-stm32.12.3.rel1.win32_1.0.200.202406191623/tools/bin/../lib/gcc/arm-none-eabi/12.3.1/thumb/v6-m/nofp\libgcc.a(divsf3.o)
 *(.rodata*)
 .rodata.SHIFT_TAB_OCxx
                0x08004824        0x7 ./Application/User/main.o
 .rodata.OFFSET_TAB_CCMRx
                0x0800482b        0x7 ./Application/User/main.o
 .rodata.MCM_Park.cst2
                0x08004832        0x2 ./Application/User/mc_math.o
 .rodata.hSin_Cos_Table
                0x08004834      0x200 ./Application/User/mc_math.o
                0x08004834                hSin_Cos_Table
 .rodata.R3_1_Params
                0x08004a34       0x74 ./Application/User/mc_parameters.o
                0x08004a34                R3_1_Params
 .rodata.s_fwVer
                0x08004aa8       0x20 ./Application/User/motorcontrol.o
                0x08004aa8                s_fwVer
 .rodata.APBPrescTable
                0x08004ac8        0x8 ./Drivers/CMSIS/system_stm32f0xx.o
                0x08004ac8                APBPrescTable
 .rodata.AHBPrescTable
                0x08004ad0       0x10 ./Drivers/CMSIS/system_stm32f0xx.o
                0x08004ad0                AHBPrescTable
                0x08004ae0                        . = ALIGN (0x4)

.rel.dyn        0x08004ae0        0x0
 .rel.iplt      0x08004ae0        0x0 C:/ST/STM32CubeIDE_1.16.0/STM32CubeIDE/plugins/com.st.stm32cube.ide.mcu.externaltools.gnu-tools-for-stm32.12.3.rel1.win32_1.0.200.202406191623/tools/bin/../lib/gcc/arm-none-eabi/12.3.1/thumb/v6-m/nofp/crtbegin.o

.ARM.extab      0x08004ae0        0x0
                0x08004ae0                        . = ALIGN (0x4)
 *(.ARM.extab* .gnu.linkonce.armextab.*)
                0x08004ae0                        . = ALIGN (0x4)

.ARM            0x08004ae0        0x0
                0x08004ae0                        . = ALIGN (0x4)
                0x08004ae0                        __exidx_start = .
 *(.ARM.exidx*)
                0x08004ae0                        __exidx_end = .
                0x08004ae0                        . = ALIGN (0x4)

.preinit_array  0x08004ae0        0x0
                0x08004ae0                        . = ALIGN (0x4)
                0x08004ae0                        PROVIDE (__preinit_array_start = .)
 *(.preinit_array*)
                0x08004ae0                        PROVIDE (__preinit_array_end = .)
                0x08004ae0                        . = ALIGN (0x4)

.init_array     0x08004ae0        0x4
                0x08004ae0                        . = ALIGN (0x4)
                0x08004ae0                        PROVIDE (__init_array_start = .)
 *(SORT_BY_NAME(.init_array.*))
 *(.init_array*)
 .init_array    0x08004ae0        0x4 C:/ST/STM32CubeIDE_1.16.0/STM32CubeIDE/plugins/com.st.stm32cube.ide.mcu.externaltools.gnu-tools-for-stm32.12.3.rel1.win32_1.0.200.202406191623/tools/bin/../lib/gcc/arm-none-eabi/12.3.1/thumb/v6-m/nofp/crtbegin.o
                0x08004ae4                        PROVIDE (__init_array_end = .)
                0x08004ae4                        . = ALIGN (0x4)

.fini_array     0x08004ae4        0x4
                0x08004ae4                        . = ALIGN (0x4)
                [!provide]                        PROVIDE (__fini_array_start = .)
 *(SORT_BY_NAME(.fini_array.*))
 *(.fini_array*)
 .fini_array    0x08004ae4        0x4 C:/ST/STM32CubeIDE_1.16.0/STM32CubeIDE/plugins/com.st.stm32cube.ide.mcu.externaltools.gnu-tools-for-stm32.12.3.rel1.win32_1.0.200.202406191623/tools/bin/../lib/gcc/arm-none-eabi/12.3.1/thumb/v6-m/nofp/crtbegin.o
                [!provide]                        PROVIDE (__fini_array_end = .)
                0x08004ae8                        . = ALIGN (0x4)
                0x08004ae8                        _sidata = LOADADDR (.data)

.data           0x20000000      0x564 load address 0x08004ae8
                0x20000000                        . = ALIGN (0x4)
                0x20000000                        _sdata = .
 *(.data)
 *(.data*)
 .data.CircleLimitationM1
                0x20000000       0xb4 ./Application/User/mc_config.o
                0x20000000                CircleLimitationM1
 .data.RampExtMngrHFParamsM1
                0x200000b4       0x58 ./Application/User/mc_config.o
                0x200000b4                RampExtMngrHFParamsM1
 .data.RealBusVoltageSensorParamsM1
                0x2000010c       0x28 ./Application/User/mc_config.o
                0x2000010c                RealBusVoltageSensorParamsM1
 .data.TempSensorParamsM1
                0x20000134       0x28 ./Application/User/mc_config.o
                0x20000134                TempSensorParamsM1
 .data.EncAlignCtrlM1
                0x2000015c       0x1c ./Application/User/mc_config.o
                0x2000015c                EncAlignCtrlM1
 .data.ENCODER_M1
                0x20000178       0x7c ./Application/User/mc_config.o
                0x20000178                ENCODER_M1
 .data.VirtualSpeedSensorM1
                0x200001f4       0x78 ./Application/User/mc_config.o
                0x200001f4                VirtualSpeedSensorM1
 .data.PWM_Handle_M1
                0x2000026c       0x7c ./Application/User/mc_config.o
                0x2000026c                PWM_Handle_M1
 .data.SpeednTorqCtrlM1
                0x200002e8       0x34 ./Application/User/mc_config.o
                0x200002e8                SpeednTorqCtrlM1
 .data.pPosCtrlM1
                0x2000031c       0x70 ./Application/User/mc_config.o
                0x2000031c                pPosCtrlM1
 .data.PID_PosParamsM1
                0x2000038c       0x2c ./Application/User/mc_config.o
                0x2000038c                PID_PosParamsM1
 .data.PIDIdHandle_M1
                0x200003b8       0x2c ./Application/User/mc_config.o
                0x200003b8                PIDIdHandle_M1
 .data.PIDIqHandle_M1
                0x200003e4       0x2c ./Application/User/mc_config.o
                0x200003e4                PIDIqHandle_M1
 .data.PIDSpeedHandle_M1
                0x20000410       0x2c ./Application/User/mc_config.o
                0x20000410                PIDSpeedHandle_M1
 .data.PQD_MotorPowMeasM1
                0x2000043c      0x114 ./Application/User/mc_config.o
                0x2000043c                PQD_MotorPowMeasM1
 .data.wConfig  0x20000550        0x4 ./Application/User/motorcontrol.o
                0x20000550                wConfig
 .data.SystickDividerCounter.0
                0x20000554        0x1 ./Application/User/stm32f0xx_mc_it.o
 *fill*         0x20000555        0x1 
 .data.bCOMATRTimeCounter
                0x20000556        0x2 ./Application/User/ui_task.o
 .data.SystemCoreClock
                0x20000558        0x4 ./Drivers/CMSIS/system_stm32f0xx.o
                0x20000558                SystemCoreClock
 .data.uwTickFreq
                0x2000055c        0x1 ./Drivers/STM32F0xx_HAL_Driver/stm32f0xx_hal.o
                0x2000055c                uwTickFreq
 *fill*         0x2000055d        0x3 
 .data.uwTickPrio
                0x20000560        0x4 ./Drivers/STM32F0xx_HAL_Driver/stm32f0xx_hal.o
                0x20000560                uwTickPrio
                0x20000564                        . = ALIGN (0x4)
                0x20000564                        _edata = .

.igot.plt       0x20000564        0x0 load address 0x0800504c
 .igot.plt      0x20000564        0x0 C:/ST/STM32CubeIDE_1.16.0/STM32CubeIDE/plugins/com.st.stm32cube.ide.mcu.externaltools.gnu-tools-for-stm32.12.3.rel1.win32_1.0.200.202406191623/tools/bin/../lib/gcc/arm-none-eabi/12.3.1/thumb/v6-m/nofp/crtbegin.o
                0x20000564                        . = ALIGN (0x4)

.bss            0x20000564      0x178 load address 0x0800504c
                0x20000564                        _sbss = .
                0x20000564                        __bss_start__ = _sbss
 *(.bss)
 .bss           0x20000564       0x1c C:/ST/STM32CubeIDE_1.16.0/STM32CubeIDE/plugins/com.st.stm32cube.ide.mcu.externaltools.gnu-tools-for-stm32.12.3.rel1.win32_1.0.200.202406191623/tools/bin/../lib/gcc/arm-none-eabi/12.3.1/thumb/v6-m/nofp/crtbegin.o
 *(.bss*)
 .bss.comState  0x20000580        0x1 ./Application/User/main.o
                0x20000580                comState
 *fill*         0x20000581        0x1 
 .bss.RealBusVoltageSensorFilterBufferM1
                0x20000582       0x14 ./Application/User/mc_config.o
                0x20000582                RealBusVoltageSensorFilterBufferM1
 .bss.bMCBootCompleted
                0x20000596        0x1 ./Application/User/mc_tasks.o
                0x20000596                bMCBootCompleted
 *fill*         0x20000597        0x1 
 .bss.hStopPermanencyCounterM1
                0x20000598        0x2 ./Application/User/mc_tasks.o
 .bss.hBootCapDelayCounterM1
                0x2000059a        0x2 ./Application/User/mc_tasks.o
 .bss.hMFTaskCounterM1
                0x2000059c        0x2 ./Application/User/mc_tasks.o
 *fill*         0x2000059e        0x2 
 .bss.pREMNG    0x200005a0        0x4 ./Application/User/mc_tasks.o
                0x200005a0                pREMNG
 .bss.pCLM      0x200005a4        0x4 ./Application/User/mc_tasks.o
                0x200005a4                pCLM
 .bss.pMPM      0x200005a8        0x4 ./Application/User/mc_tasks.o
                0x200005a8                pMPM
 .bss.pwmcHandle
                0x200005ac        0x4 ./Application/User/mc_tasks.o
                0x200005ac                pwmcHandle
 .bss.pTemperatureSensor
                0x200005b0        0x4 ./Application/User/mc_tasks.o
                0x200005b0                pTemperatureSensor
 .bss.pPIDPosCtrl
                0x200005b4        0x4 ./Application/User/mc_tasks.o
                0x200005b4                pPIDPosCtrl
 .bss.pPosCtrl  0x200005b8        0x4 ./Application/User/mc_tasks.o
                0x200005b8                pPosCtrl
 .bss.pBusSensorM1
                0x200005bc        0x4 ./Application/User/mc_tasks.o
                0x200005bc                pBusSensorM1
 .bss.pEAC      0x200005c0        0x4 ./Application/User/mc_tasks.o
                0x200005c0                pEAC
 .bss.pPIDId    0x200005c4        0x4 ./Application/User/mc_tasks.o
                0x200005c4                pPIDId
 .bss.pPIDIq    0x200005c8        0x4 ./Application/User/mc_tasks.o
                0x200005c8                pPIDIq
 .bss.pPIDSpeed
                0x200005cc        0x4 ./Application/User/mc_tasks.o
                0x200005cc                pPIDSpeed
 .bss.pSTC      0x200005d0        0x4 ./Application/User/mc_tasks.o
                0x200005d0                pSTC
 .bss.STM       0x200005d4        0x6 ./Application/User/mc_tasks.o
                0x200005d4                STM
 *fill*         0x200005da        0x2 
 .bss.MCT       0x200005dc       0x54 ./Application/User/mc_tasks.o
                0x200005dc                MCT
 .bss.oMCInterface
                0x20000630        0x4 ./Application/User/mc_tasks.o
                0x20000630                oMCInterface
 .bss.Mci       0x20000634       0x20 ./Application/User/mc_tasks.o
                0x20000634                Mci
 .bss.FOCVars   0x20000654       0x26 ./Application/User/mc_tasks.o
                0x20000654                FOCVars
 *fill*         0x2000067a        0x2 
 .bss.pMCT      0x2000067c        0x4 ./Application/User/motorcontrol.o
                0x2000067c                pMCT
 .bss.pMCI      0x20000680        0x4 ./Application/User/motorcontrol.o
                0x20000680                pMCI
 .bss.RCM_UserConvState
                0x20000684        0x1 ./Application/User/regular_conversion_manager.o
                0x20000684                RCM_UserConvState
 *fill*         0x20000685        0x1 
 .bss.RCM_UserConvValue
                0x20000686        0x2 ./Application/User/regular_conversion_manager.o
                0x20000686                RCM_UserConvValue
 .bss.RCM_UserConvHandle
                0x20000688        0x1 ./Application/User/regular_conversion_manager.o
                0x20000688                RCM_UserConvHandle
 .bss.RCM_currentHandle
                0x20000689        0x1 ./Application/User/regular_conversion_manager.o
                0x20000689                RCM_currentHandle
 .bss.RCM_NoInj_array
                0x2000068a       0x18 ./Application/User/regular_conversion_manager.o
                0x2000068a                RCM_NoInj_array
 *fill*         0x200006a2        0x2 
 .bss.RCM_CB_array
                0x200006a4       0x20 ./Application/User/regular_conversion_manager.o
                0x200006a4                RCM_CB_array
 .bss.RCM_handle_array
                0x200006c4       0x10 ./Application/User/regular_conversion_manager.o
                0x200006c4                RCM_handle_array
 .bss.bCOMTimeoutCounter
                0x200006d4        0x2 ./Application/User/ui_task.o
 .bss.bUITaskCounter
                0x200006d6        0x2 ./Application/User/ui_task.o
 .bss.uwTick    0x200006d8        0x4 ./Drivers/STM32F0xx_HAL_Driver/stm32f0xx_hal.o
                0x200006d8                uwTick
 *(COMMON)
                0x200006dc                        . = ALIGN (0x4)
                0x200006dc                        _ebss = .
                0x200006dc                        __bss_end__ = _ebss

._user_heap_stack
                0x200006dc      0x484 load address 0x0800504c
                0x200006e0                        . = ALIGN (0x8)
 *fill*         0x200006dc        0x4 
                0x200006e0                        PROVIDE (end = .)
                [!provide]                        PROVIDE (_end = .)
                0x20000760                        . = (. + _Min_Heap_Size)
 *fill*         0x200006e0       0x80 
                0x20000b60                        . = (. + _Min_Stack_Size)
 *fill*         0x20000760      0x400 
                0x20000b60                        . = ALIGN (0x8)

/DISCARD/
 libc.a(*)
 libm.a(*)
 libgcc.a(*)

.ARM.attributes
                0x00000000       0x28
 *(.ARM.attributes)
 .ARM.attributes
                0x00000000       0x1e C:/ST/STM32CubeIDE_1.16.0/STM32CubeIDE/plugins/com.st.stm32cube.ide.mcu.externaltools.gnu-tools-for-stm32.12.3.rel1.win32_1.0.200.202406191623/tools/bin/../lib/gcc/arm-none-eabi/12.3.1/thumb/v6-m/nofp/crti.o
 .ARM.attributes
                0x0000001e       0x2c C:/ST/STM32CubeIDE_1.16.0/STM32CubeIDE/plugins/com.st.stm32cube.ide.mcu.externaltools.gnu-tools-for-stm32.12.3.rel1.win32_1.0.200.202406191623/tools/bin/../lib/gcc/arm-none-eabi/12.3.1/thumb/v6-m/nofp/crtbegin.o
 .ARM.attributes
                0x0000004a       0x21 ./Application/Startup/startup_stm32f031c6tx.o
 .ARM.attributes
                0x0000006b       0x2c ./Application/User/main.o
 .ARM.attributes
                0x00000097       0x2c ./Application/User/mc_api.o
 .ARM.attributes
                0x000000c3       0x2c ./Application/User/mc_config.o
 .ARM.attributes
                0x000000ef       0x2c ./Application/User/mc_interface.o
 .ARM.attributes
                0x0000011b       0x2c ./Application/User/mc_math.o
 .ARM.attributes
                0x00000147       0x2c ./Application/User/mc_parameters.o
 .ARM.attributes
                0x00000173       0x2c ./Application/User/mc_tasks.o
 .ARM.attributes
                0x0000019f       0x2c ./Application/User/motorcontrol.o
 .ARM.attributes
                0x000001cb       0x2c ./Application/User/regular_conversion_manager.o
 .ARM.attributes
                0x000001f7       0x2c ./Application/User/stm32f0xx_hal_msp.o
 .ARM.attributes
                0x00000223       0x2c ./Application/User/stm32f0xx_it.o
 .ARM.attributes
                0x0000024f       0x2c ./Application/User/stm32f0xx_mc_it.o
 .ARM.attributes
                0x0000027b       0x2c ./Application/User/ui_task.o
 .ARM.attributes
                0x000002a7       0x2c ./Drivers/CMSIS/system_stm32f0xx.o
 .ARM.attributes
                0x000002d3       0x2c ./Drivers/STM32F0xx_HAL_Driver/stm32f0xx_hal.o
 .ARM.attributes
                0x000002ff       0x2c ./Drivers/STM32F0xx_HAL_Driver/stm32f0xx_hal_cortex.o
 .ARM.attributes
                0x0000032b       0x2c ./Drivers/STM32F0xx_HAL_Driver/stm32f0xx_hal_rcc.o
 .ARM.attributes
                0x00000357       0x2c ./Drivers/STM32F0xx_HAL_Driver/stm32f0xx_ll_adc.o
 .ARM.attributes
                0x00000383       0x2c ./Drivers/STM32F0xx_HAL_Driver/stm32f0xx_ll_exti.o
 .ARM.attributes
                0x000003af       0x2c ./Drivers/STM32F0xx_HAL_Driver/stm32f0xx_ll_gpio.o
 .ARM.attributes
                0x000003db       0x2c ./Drivers/STM32F0xx_HAL_Driver/stm32f0xx_ll_rcc.o
 .ARM.attributes
                0x00000407       0x2c ./Drivers/STM32F0xx_HAL_Driver/stm32f0xx_ll_tim.o
 .ARM.attributes
                0x00000433       0x2c ./Drivers/STM32F0xx_HAL_Driver/stm32f0xx_ll_usart.o
 .ARM.attributes
                0x0000045f       0x2c ./Drivers/STM32F0xx_HAL_Driver/stm32f0xx_ll_utils.o
 .ARM.attributes
                0x0000048b       0x2c ./Middlewares/MotorControl/bus_voltage_sensor.o
 .ARM.attributes
                0x000004b7       0x2c ./Middlewares/MotorControl/circle_limitation.o
 .ARM.attributes
                0x000004e3       0x2c ./Middlewares/MotorControl/enc_align_ctrl.o
 .ARM.attributes
                0x0000050f       0x2c ./Middlewares/MotorControl/encoder_speed_pos_fdbk.o
 .ARM.attributes
                0x0000053b       0x2c ./Middlewares/MotorControl/motor_power_measurement.o
 .ARM.attributes
                0x00000567       0x2c ./Middlewares/MotorControl/ntc_temperature_sensor.o
 .ARM.attributes
                0x00000593       0x2c ./Middlewares/MotorControl/pid_regulator.o
 .ARM.attributes
                0x000005bf       0x2c ./Middlewares/MotorControl/pqd_motor_power_measurement.o
 .ARM.attributes
                0x000005eb       0x2c ./Middlewares/MotorControl/pwm_common.o
 .ARM.attributes
                0x00000617       0x2c ./Middlewares/MotorControl/pwm_curr_fdbk.o
 .ARM.attributes
                0x00000643       0x2c ./Middlewares/MotorControl/r3_f0xx_pwm_curr_fdbk.o
 .ARM.attributes
                0x0000066f       0x2c ./Middlewares/MotorControl/r_divider_bus_voltage_sensor.o
 .ARM.attributes
                0x0000069b       0x2c ./Middlewares/MotorControl/ramp_ext_mngr.o
 .ARM.attributes
                0x000006c7       0x2c ./Middlewares/MotorControl/speed_pos_fdbk.o
 .ARM.attributes
                0x000006f3       0x2c ./Middlewares/MotorControl/speed_torq_ctrl.o
 .ARM.attributes
                0x0000071f       0x2c ./Middlewares/MotorControl/state_machine.o
 .ARM.attributes
                0x0000074b       0x2c ./Middlewares/MotorControl/trajectory_ctrl.o
 .ARM.attributes
                0x00000777       0x2c ./Middlewares/MotorControl/virtual_speed_sensor.o
 .ARM.attributes
                0x000007a3       0x2d ../../MCSDK_v5.4.4/MotorControl/lib\libmc-gcc_M0.lib(fast_div.o)
 .ARM.attributes
                0x000007d0       0x2c C:/ST/STM32CubeIDE_1.16.0/STM32CubeIDE/plugins/com.st.stm32cube.ide.mcu.externaltools.gnu-tools-for-stm32.12.3.rel1.win32_1.0.200.202406191623/tools/bin/../lib/gcc/arm-none-eabi/12.3.1/../../../../arm-none-eabi/lib/thumb/v6-m/nofp\libc_nano.a(libc_a-memset.o)
 .ARM.attributes
                0x000007fc       0x2c C:/ST/STM32CubeIDE_1.16.0/STM32CubeIDE/plugins/com.st.stm32cube.ide.mcu.externaltools.gnu-tools-for-stm32.12.3.rel1.win32_1.0.200.202406191623/tools/bin/../lib/gcc/arm-none-eabi/12.3.1/../../../../arm-none-eabi/lib/thumb/v6-m/nofp\libc_nano.a(libc_a-init.o)
 .ARM.attributes
                0x00000828       0x2c C:/ST/STM32CubeIDE_1.16.0/STM32CubeIDE/plugins/com.st.stm32cube.ide.mcu.externaltools.gnu-tools-for-stm32.12.3.rel1.win32_1.0.200.202406191623/tools/bin/../lib/gcc/arm-none-eabi/12.3.1/../../../../arm-none-eabi/lib/thumb/v6-m/nofp\libc_nano.a(libc_a-memcpy-stub.o)
 .ARM.attributes
                0x00000854       0x1e C:/ST/STM32CubeIDE_1.16.0/STM32CubeIDE/plugins/com.st.stm32cube.ide.mcu.externaltools.gnu-tools-for-stm32.12.3.rel1.win32_1.0.200.202406191623/tools/bin/../lib/gcc/arm-none-eabi/12.3.1/thumb/v6-m/nofp\libgcc.a(_thumb1_case_uqi.o)
 .ARM.attributes
                0x00000872       0x1e C:/ST/STM32CubeIDE_1.16.0/STM32CubeIDE/plugins/com.st.stm32cube.ide.mcu.externaltools.gnu-tools-for-stm32.12.3.rel1.win32_1.0.200.202406191623/tools/bin/../lib/gcc/arm-none-eabi/12.3.1/thumb/v6-m/nofp\libgcc.a(_udivsi3.o)
 .ARM.attributes
                0x00000890       0x1e C:/ST/STM32CubeIDE_1.16.0/STM32CubeIDE/plugins/com.st.stm32cube.ide.mcu.externaltools.gnu-tools-for-stm32.12.3.rel1.win32_1.0.200.202406191623/tools/bin/../lib/gcc/arm-none-eabi/12.3.1/thumb/v6-m/nofp\libgcc.a(_divsi3.o)
 .ARM.attributes
                0x000008ae       0x1e C:/ST/STM32CubeIDE_1.16.0/STM32CubeIDE/plugins/com.st.stm32cube.ide.mcu.externaltools.gnu-tools-for-stm32.12.3.rel1.win32_1.0.200.202406191623/tools/bin/../lib/gcc/arm-none-eabi/12.3.1/thumb/v6-m/nofp\libgcc.a(_dvmd_tls.o)
 .ARM.attributes
                0x000008cc       0x1e C:/ST/STM32CubeIDE_1.16.0/STM32CubeIDE/plugins/com.st.stm32cube.ide.mcu.externaltools.gnu-tools-for-stm32.12.3.rel1.win32_1.0.200.202406191623/tools/bin/../lib/gcc/arm-none-eabi/12.3.1/thumb/v6-m/nofp\libgcc.a(_arm_cmpsf2.o)
 .ARM.attributes
                0x000008ea       0x2c C:/ST/STM32CubeIDE_1.16.0/STM32CubeIDE/plugins/com.st.stm32cube.ide.mcu.externaltools.gnu-tools-for-stm32.12.3.rel1.win32_1.0.200.202406191623/tools/bin/../lib/gcc/arm-none-eabi/12.3.1/thumb/v6-m/nofp\libgcc.a(addsf3.o)
 .ARM.attributes
                0x00000916       0x2c C:/ST/STM32CubeIDE_1.16.0/STM32CubeIDE/plugins/com.st.stm32cube.ide.mcu.externaltools.gnu-tools-for-stm32.12.3.rel1.win32_1.0.200.202406191623/tools/bin/../lib/gcc/arm-none-eabi/12.3.1/thumb/v6-m/nofp\libgcc.a(divsf3.o)
 .ARM.attributes
                0x00000942       0x2c C:/ST/STM32CubeIDE_1.16.0/STM32CubeIDE/plugins/com.st.stm32cube.ide.mcu.externaltools.gnu-tools-for-stm32.12.3.rel1.win32_1.0.200.202406191623/tools/bin/../lib/gcc/arm-none-eabi/12.3.1/thumb/v6-m/nofp\libgcc.a(eqsf2.o)
 .ARM.attributes
                0x0000096e       0x2c C:/ST/STM32CubeIDE_1.16.0/STM32CubeIDE/plugins/com.st.stm32cube.ide.mcu.externaltools.gnu-tools-for-stm32.12.3.rel1.win32_1.0.200.202406191623/tools/bin/../lib/gcc/arm-none-eabi/12.3.1/thumb/v6-m/nofp\libgcc.a(gesf2.o)
 .ARM.attributes
                0x0000099a       0x2c C:/ST/STM32CubeIDE_1.16.0/STM32CubeIDE/plugins/com.st.stm32cube.ide.mcu.externaltools.gnu-tools-for-stm32.12.3.rel1.win32_1.0.200.202406191623/tools/bin/../lib/gcc/arm-none-eabi/12.3.1/thumb/v6-m/nofp\libgcc.a(lesf2.o)
 .ARM.attributes
                0x000009c6       0x2c C:/ST/STM32CubeIDE_1.16.0/STM32CubeIDE/plugins/com.st.stm32cube.ide.mcu.externaltools.gnu-tools-for-stm32.12.3.rel1.win32_1.0.200.202406191623/tools/bin/../lib/gcc/arm-none-eabi/12.3.1/thumb/v6-m/nofp\libgcc.a(mulsf3.o)
 .ARM.attributes
                0x000009f2       0x2c C:/ST/STM32CubeIDE_1.16.0/STM32CubeIDE/plugins/com.st.stm32cube.ide.mcu.externaltools.gnu-tools-for-stm32.12.3.rel1.win32_1.0.200.202406191623/tools/bin/../lib/gcc/arm-none-eabi/12.3.1/thumb/v6-m/nofp\libgcc.a(fixsfsi.o)
 .ARM.attributes
                0x00000a1e       0x2c C:/ST/STM32CubeIDE_1.16.0/STM32CubeIDE/plugins/com.st.stm32cube.ide.mcu.externaltools.gnu-tools-for-stm32.12.3.rel1.win32_1.0.200.202406191623/tools/bin/../lib/gcc/arm-none-eabi/12.3.1/thumb/v6-m/nofp\libgcc.a(floatsisf.o)
 .ARM.attributes
                0x00000a4a       0x1e C:/ST/STM32CubeIDE_1.16.0/STM32CubeIDE/plugins/com.st.stm32cube.ide.mcu.externaltools.gnu-tools-for-stm32.12.3.rel1.win32_1.0.200.202406191623/tools/bin/../lib/gcc/arm-none-eabi/12.3.1/thumb/v6-m/nofp\libgcc.a(_clzsi2.o)
 .ARM.attributes
                0x00000a68       0x1e C:/ST/STM32CubeIDE_1.16.0/STM32CubeIDE/plugins/com.st.stm32cube.ide.mcu.externaltools.gnu-tools-for-stm32.12.3.rel1.win32_1.0.200.202406191623/tools/bin/../lib/gcc/arm-none-eabi/12.3.1/thumb/v6-m/nofp/crtn.o
OUTPUT(EVALKIT_ROBOT_1_SDK544_Positioning_LL - STM32IDE.elf elf32-littlearm)
LOAD linker stubs
LOAD C:/ST/STM32CubeIDE_1.16.0/STM32CubeIDE/plugins/com.st.stm32cube.ide.mcu.externaltools.gnu-tools-for-stm32.12.3.rel1.win32_1.0.200.202406191623/tools/bin/../lib/gcc/arm-none-eabi/12.3.1/../../../../arm-none-eabi/lib/thumb/v6-m/nofp\libc.a
LOAD C:/ST/STM32CubeIDE_1.16.0/STM32CubeIDE/plugins/com.st.stm32cube.ide.mcu.externaltools.gnu-tools-for-stm32.12.3.rel1.win32_1.0.200.202406191623/tools/bin/../lib/gcc/arm-none-eabi/12.3.1/../../../../arm-none-eabi/lib/thumb/v6-m/nofp\libm.a
LOAD C:/ST/STM32CubeIDE_1.16.0/STM32CubeIDE/plugins/com.st.stm32cube.ide.mcu.externaltools.gnu-tools-for-stm32.12.3.rel1.win32_1.0.200.202406191623/tools/bin/../lib/gcc/arm-none-eabi/12.3.1/thumb/v6-m/nofp\libgcc.a

.comment        0x00000000       0xc2
 .comment       0x00000000       0x43 ./Application/User/main.o
                                 0x44 (size before relaxing)
 .comment       0x00000043       0x44 ./Application/User/mc_api.o
 .comment       0x00000043       0x44 ./Application/User/mc_config.o
 .comment       0x00000043       0x44 ./Application/User/mc_interface.o
 .comment       0x00000043       0x44 ./Application/User/mc_math.o
 .comment       0x00000043       0x44 ./Application/User/mc_parameters.o
 .comment       0x00000043       0x44 ./Application/User/mc_tasks.o
 .comment       0x00000043       0x44 ./Application/User/motorcontrol.o
 .comment       0x00000043       0x44 ./Application/User/regular_conversion_manager.o
 .comment       0x00000043       0x44 ./Application/User/stm32f0xx_hal_msp.o
 .comment       0x00000043       0x44 ./Application/User/stm32f0xx_it.o
 .comment       0x00000043       0x44 ./Application/User/stm32f0xx_mc_it.o
 .comment       0x00000043       0x44 ./Application/User/ui_task.o
 .comment       0x00000043       0x44 ./Drivers/CMSIS/system_stm32f0xx.o
 .comment       0x00000043       0x44 ./Drivers/STM32F0xx_HAL_Driver/stm32f0xx_hal.o
 .comment       0x00000043       0x44 ./Drivers/STM32F0xx_HAL_Driver/stm32f0xx_hal_cortex.o
 .comment       0x00000043       0x44 ./Drivers/STM32F0xx_HAL_Driver/stm32f0xx_hal_rcc.o
 .comment       0x00000043       0x44 ./Drivers/STM32F0xx_HAL_Driver/stm32f0xx_ll_adc.o
 .comment       0x00000043       0x44 ./Drivers/STM32F0xx_HAL_Driver/stm32f0xx_ll_exti.o
 .comment       0x00000043       0x44 ./Drivers/STM32F0xx_HAL_Driver/stm32f0xx_ll_gpio.o
 .comment       0x00000043       0x44 ./Drivers/STM32F0xx_HAL_Driver/stm32f0xx_ll_rcc.o
 .comment       0x00000043       0x44 ./Drivers/STM32F0xx_HAL_Driver/stm32f0xx_ll_tim.o
 .comment       0x00000043       0x44 ./Drivers/STM32F0xx_HAL_Driver/stm32f0xx_ll_usart.o
 .comment       0x00000043       0x44 ./Drivers/STM32F0xx_HAL_Driver/stm32f0xx_ll_utils.o
 .comment       0x00000043       0x44 ./Middlewares/MotorControl/bus_voltage_sensor.o
 .comment       0x00000043       0x44 ./Middlewares/MotorControl/circle_limitation.o
 .comment       0x00000043       0x44 ./Middlewares/MotorControl/enc_align_ctrl.o
 .comment       0x00000043       0x44 ./Middlewares/MotorControl/encoder_speed_pos_fdbk.o
 .comment       0x00000043       0x44 ./Middlewares/MotorControl/motor_power_measurement.o
 .comment       0x00000043       0x44 ./Middlewares/MotorControl/ntc_temperature_sensor.o
 .comment       0x00000043       0x44 ./Middlewares/MotorControl/pid_regulator.o
 .comment       0x00000043       0x44 ./Middlewares/MotorControl/pqd_motor_power_measurement.o
 .comment       0x00000043       0x44 ./Middlewares/MotorControl/pwm_common.o
 .comment       0x00000043       0x44 ./Middlewares/MotorControl/pwm_curr_fdbk.o
 .comment       0x00000043       0x44 ./Middlewares/MotorControl/r3_f0xx_pwm_curr_fdbk.o
 .comment       0x00000043       0x44 ./Middlewares/MotorControl/r_divider_bus_voltage_sensor.o
 .comment       0x00000043       0x44 ./Middlewares/MotorControl/ramp_ext_mngr.o
 .comment       0x00000043       0x44 ./Middlewares/MotorControl/speed_pos_fdbk.o
 .comment       0x00000043       0x44 ./Middlewares/MotorControl/speed_torq_ctrl.o
 .comment       0x00000043       0x44 ./Middlewares/MotorControl/state_machine.o
 .comment       0x00000043       0x44 ./Middlewares/MotorControl/trajectory_ctrl.o
 .comment       0x00000043       0x44 ./Middlewares/MotorControl/virtual_speed_sensor.o
 .comment       0x00000043       0x7f ../../MCSDK_v5.4.4/MotorControl/lib\libmc-gcc_M0.lib(fast_div.o)
                                 0x80 (size before relaxing)

.debug_frame    0x00000000      0x22c
 .debug_frame   0x00000000       0x20 C:/ST/STM32CubeIDE_1.16.0/STM32CubeIDE/plugins/com.st.stm32cube.ide.mcu.externaltools.gnu-tools-for-stm32.12.3.rel1.win32_1.0.200.202406191623/tools/bin/../lib/gcc/arm-none-eabi/12.3.1/../../../../arm-none-eabi/lib/thumb/v6-m/nofp\libc_nano.a(libc_a-memset.o)
 .debug_frame   0x00000020       0x2c C:/ST/STM32CubeIDE_1.16.0/STM32CubeIDE/plugins/com.st.stm32cube.ide.mcu.externaltools.gnu-tools-for-stm32.12.3.rel1.win32_1.0.200.202406191623/tools/bin/../lib/gcc/arm-none-eabi/12.3.1/../../../../arm-none-eabi/lib/thumb/v6-m/nofp\libc_nano.a(libc_a-init.o)
 .debug_frame   0x0000004c       0x28 C:/ST/STM32CubeIDE_1.16.0/STM32CubeIDE/plugins/com.st.stm32cube.ide.mcu.externaltools.gnu-tools-for-stm32.12.3.rel1.win32_1.0.200.202406191623/tools/bin/../lib/gcc/arm-none-eabi/12.3.1/../../../../arm-none-eabi/lib/thumb/v6-m/nofp\libc_nano.a(libc_a-memcpy-stub.o)
 .debug_frame   0x00000074       0x20 C:/ST/STM32CubeIDE_1.16.0/STM32CubeIDE/plugins/com.st.stm32cube.ide.mcu.externaltools.gnu-tools-for-stm32.12.3.rel1.win32_1.0.200.202406191623/tools/bin/../lib/gcc/arm-none-eabi/12.3.1/thumb/v6-m/nofp\libgcc.a(_udivsi3.o)
 .debug_frame   0x00000094       0x20 C:/ST/STM32CubeIDE_1.16.0/STM32CubeIDE/plugins/com.st.stm32cube.ide.mcu.externaltools.gnu-tools-for-stm32.12.3.rel1.win32_1.0.200.202406191623/tools/bin/../lib/gcc/arm-none-eabi/12.3.1/thumb/v6-m/nofp\libgcc.a(_divsi3.o)
 .debug_frame   0x000000b4       0x38 C:/ST/STM32CubeIDE_1.16.0/STM32CubeIDE/plugins/com.st.stm32cube.ide.mcu.externaltools.gnu-tools-for-stm32.12.3.rel1.win32_1.0.200.202406191623/tools/bin/../lib/gcc/arm-none-eabi/12.3.1/thumb/v6-m/nofp\libgcc.a(addsf3.o)
 .debug_frame   0x000000ec       0x38 C:/ST/STM32CubeIDE_1.16.0/STM32CubeIDE/plugins/com.st.stm32cube.ide.mcu.externaltools.gnu-tools-for-stm32.12.3.rel1.win32_1.0.200.202406191623/tools/bin/../lib/gcc/arm-none-eabi/12.3.1/thumb/v6-m/nofp\libgcc.a(divsf3.o)
 .debug_frame   0x00000124       0x2c C:/ST/STM32CubeIDE_1.16.0/STM32CubeIDE/plugins/com.st.stm32cube.ide.mcu.externaltools.gnu-tools-for-stm32.12.3.rel1.win32_1.0.200.202406191623/tools/bin/../lib/gcc/arm-none-eabi/12.3.1/thumb/v6-m/nofp\libgcc.a(eqsf2.o)
 .debug_frame   0x00000150       0x2c C:/ST/STM32CubeIDE_1.16.0/STM32CubeIDE/plugins/com.st.stm32cube.ide.mcu.externaltools.gnu-tools-for-stm32.12.3.rel1.win32_1.0.200.202406191623/tools/bin/../lib/gcc/arm-none-eabi/12.3.1/thumb/v6-m/nofp\libgcc.a(gesf2.o)
 .debug_frame   0x0000017c       0x2c C:/ST/STM32CubeIDE_1.16.0/STM32CubeIDE/plugins/com.st.stm32cube.ide.mcu.externaltools.gnu-tools-for-stm32.12.3.rel1.win32_1.0.200.202406191623/tools/bin/../lib/gcc/arm-none-eabi/12.3.1/thumb/v6-m/nofp\libgcc.a(lesf2.o)
 .debug_frame   0x000001a8       0x38 C:/ST/STM32CubeIDE_1.16.0/STM32CubeIDE/plugins/com.st.stm32cube.ide.mcu.externaltools.gnu-tools-for-stm32.12.3.rel1.win32_1.0.200.202406191623/tools/bin/../lib/gcc/arm-none-eabi/12.3.1/thumb/v6-m/nofp\libgcc.a(mulsf3.o)
 .debug_frame   0x000001e0       0x20 C:/ST/STM32CubeIDE_1.16.0/STM32CubeIDE/plugins/com.st.stm32cube.ide.mcu.externaltools.gnu-tools-for-stm32.12.3.rel1.win32_1.0.200.202406191623/tools/bin/../lib/gcc/arm-none-eabi/12.3.1/thumb/v6-m/nofp\libgcc.a(fixsfsi.o)
 .debug_frame   0x00000200       0x2c C:/ST/STM32CubeIDE_1.16.0/STM32CubeIDE/plugins/com.st.stm32cube.ide.mcu.externaltools.gnu-tools-for-stm32.12.3.rel1.win32_1.0.200.202406191623/tools/bin/../lib/gcc/arm-none-eabi/12.3.1/thumb/v6-m/nofp\libgcc.a(floatsisf.o)
