Archive member included to satisfy reference by file (symbol)

../../MCSDK_v5.4.4/MotorControl/lib\libmc-gcc_M0.lib(revup_ctrl.o)
                              ./Application/User/user_interface.o (RUC_SetPhaseDurationms)
../../MCSDK_v5.4.4/MotorControl/lib\libmc-gcc_M0.lib(fast_div.o)
                              ./Middlewares/MotorControl/ramp_ext_mngr.o (FD_Init)
C:/ST/STM32CubeIDE_1.16.0/STM32CubeIDE/plugins/com.st.stm32cube.ide.mcu.externaltools.gnu-tools-for-stm32.12.3.rel1.win32_1.0.200.202406191623/tools/bin/../lib/gcc/arm-none-eabi/12.3.1/../../../../arm-none-eabi/lib/thumb/v6-m/nofp\libc_nano.a(libc_a-exit.o)
                              C:/ST/STM32CubeIDE_1.16.0/STM32CubeIDE/plugins/com.st.stm32cube.ide.mcu.externaltools.gnu-tools-for-stm32.12.3.rel1.win32_1.0.200.202406191623/tools/bin/../lib/gcc/arm-none-eabi/12.3.1/../../../../arm-none-eabi/lib/thumb/v6-m/nofp/crt0.o (exit)
C:/ST/STM32CubeIDE_1.16.0/STM32CubeIDE/plugins/com.st.stm32cube.ide.mcu.externaltools.gnu-tools-for-stm32.12.3.rel1.win32_1.0.200.202406191623/tools/bin/../lib/gcc/arm-none-eabi/12.3.1/../../../../arm-none-eabi/lib/thumb/v6-m/nofp\libc_nano.a(libc_a-findfp.o)
                              C:/ST/STM32CubeIDE_1.16.0/STM32CubeIDE/plugins/com.st.stm32cube.ide.mcu.externaltools.gnu-tools-for-stm32.12.3.rel1.win32_1.0.200.202406191623/tools/bin/../lib/gcc/arm-none-eabi/12.3.1/../../../../arm-none-eabi/lib/thumb/v6-m/nofp\libc_nano.a(libc_a-exit.o) (__stdio_exit_handler)
C:/ST/STM32CubeIDE_1.16.0/STM32CubeIDE/plugins/com.st.stm32cube.ide.mcu.externaltools.gnu-tools-for-stm32.12.3.rel1.win32_1.0.200.202406191623/tools/bin/../lib/gcc/arm-none-eabi/12.3.1/../../../../arm-none-eabi/lib/thumb/v6-m/nofp\libc_nano.a(libc_a-fwalk.o)
                              C:/ST/STM32CubeIDE_1.16.0/STM32CubeIDE/plugins/com.st.stm32cube.ide.mcu.externaltools.gnu-tools-for-stm32.12.3.rel1.win32_1.0.200.202406191623/tools/bin/../lib/gcc/arm-none-eabi/12.3.1/../../../../arm-none-eabi/lib/thumb/v6-m/nofp\libc_nano.a(libc_a-findfp.o) (_fwalk_sglue)
C:/ST/STM32CubeIDE_1.16.0/STM32CubeIDE/plugins/com.st.stm32cube.ide.mcu.externaltools.gnu-tools-for-stm32.12.3.rel1.win32_1.0.200.202406191623/tools/bin/../lib/gcc/arm-none-eabi/12.3.1/../../../../arm-none-eabi/lib/thumb/v6-m/nofp\libc_nano.a(libc_a-stdio.o)
                              C:/ST/STM32CubeIDE_1.16.0/STM32CubeIDE/plugins/com.st.stm32cube.ide.mcu.externaltools.gnu-tools-for-stm32.12.3.rel1.win32_1.0.200.202406191623/tools/bin/../lib/gcc/arm-none-eabi/12.3.1/../../../../arm-none-eabi/lib/thumb/v6-m/nofp\libc_nano.a(libc_a-findfp.o) (__sread)
C:/ST/STM32CubeIDE_1.16.0/STM32CubeIDE/plugins/com.st.stm32cube.ide.mcu.externaltools.gnu-tools-for-stm32.12.3.rel1.win32_1.0.200.202406191623/tools/bin/../lib/gcc/arm-none-eabi/12.3.1/../../../../arm-none-eabi/lib/thumb/v6-m/nofp\libc_nano.a(libc_a-memset.o)
                              C:/ST/STM32CubeIDE_1.16.0/STM32CubeIDE/plugins/com.st.stm32cube.ide.mcu.externaltools.gnu-tools-for-stm32.12.3.rel1.win32_1.0.200.202406191623/tools/bin/../lib/gcc/arm-none-eabi/12.3.1/../../../../arm-none-eabi/lib/thumb/v6-m/nofp/crt0.o (memset)
C:/ST/STM32CubeIDE_1.16.0/STM32CubeIDE/plugins/com.st.stm32cube.ide.mcu.externaltools.gnu-tools-for-stm32.12.3.rel1.win32_1.0.200.202406191623/tools/bin/../lib/gcc/arm-none-eabi/12.3.1/../../../../arm-none-eabi/lib/thumb/v6-m/nofp\libc_nano.a(libc_a-closer.o)
                              C:/ST/STM32CubeIDE_1.16.0/STM32CubeIDE/plugins/com.st.stm32cube.ide.mcu.externaltools.gnu-tools-for-stm32.12.3.rel1.win32_1.0.200.202406191623/tools/bin/../lib/gcc/arm-none-eabi/12.3.1/../../../../arm-none-eabi/lib/thumb/v6-m/nofp\libc_nano.a(libc_a-stdio.o) (_close_r)
C:/ST/STM32CubeIDE_1.16.0/STM32CubeIDE/plugins/com.st.stm32cube.ide.mcu.externaltools.gnu-tools-for-stm32.12.3.rel1.win32_1.0.200.202406191623/tools/bin/../lib/gcc/arm-none-eabi/12.3.1/../../../../arm-none-eabi/lib/thumb/v6-m/nofp\libc_nano.a(libc_a-reent.o)
                              C:/ST/STM32CubeIDE_1.16.0/STM32CubeIDE/plugins/com.st.stm32cube.ide.mcu.externaltools.gnu-tools-for-stm32.12.3.rel1.win32_1.0.200.202406191623/tools/bin/../lib/gcc/arm-none-eabi/12.3.1/../../../../arm-none-eabi/lib/thumb/v6-m/nofp\libc_nano.a(libc_a-closer.o) (errno)
C:/ST/STM32CubeIDE_1.16.0/STM32CubeIDE/plugins/com.st.stm32cube.ide.mcu.externaltools.gnu-tools-for-stm32.12.3.rel1.win32_1.0.200.202406191623/tools/bin/../lib/gcc/arm-none-eabi/12.3.1/../../../../arm-none-eabi/lib/thumb/v6-m/nofp\libc_nano.a(libc_a-impure.o)
                              C:/ST/STM32CubeIDE_1.16.0/STM32CubeIDE/plugins/com.st.stm32cube.ide.mcu.externaltools.gnu-tools-for-stm32.12.3.rel1.win32_1.0.200.202406191623/tools/bin/../lib/gcc/arm-none-eabi/12.3.1/../../../../arm-none-eabi/lib/thumb/v6-m/nofp\libc_nano.a(libc_a-reent.o) (_impure_ptr)
[...]
Memory Configuration

Name             Origin             Length             Attributes
RAM              0x20000000         0x00001000         xrw
FLASH            0x08000000         0x00008000         xr
*default*        0x00000000         0xffffffff

Linker script and memory map

LOAD C:/ST/STM32CubeIDE_1.16.0/STM32CubeIDE/plugins/com.st.stm32cube.ide.mcu.externaltools.gnu-tools-for-stm32.12.3.rel1.win32_1.0.200.202406191623/tools/bin/../lib/gcc/arm-none-eabi/12.3.1/thumb/v6-m/nofp/crti.o
LOAD C:/ST/STM32CubeIDE_1.16.0/STM32CubeIDE/plugins/com.st.stm32cube.ide.mcu.externaltools.gnu-tools-for-stm32.12.3.rel1.win32_1.0.200.202406191623/tools/bin/../lib/gcc/arm-none-eabi/12.3.1/thumb/v6-m/nofp/crtbegin.o
LOAD C:/ST/STM32CubeIDE_1.16.0/STM32CubeIDE/plugins/com.st.stm32cube.ide.mcu.externaltools.gnu-tools-for-stm32.12.3.rel1.win32_1.0.200.202406191623/tools/bin/../lib/gcc/arm-none-eabi/12.3.1/../../../../arm-none-eabi/lib/thumb/v6-m/nofp/crt0.o
LOAD ./Application/Startup/startup_stm32f031c6tx.o
LOAD ./Application/User/main.o
LOAD ./Application/User/mc_api.o
LOAD ./Application/User/mc_config.o
LOAD ./Application/User/mc_interface.o
LOAD ./Application/User/mc_math.o
LOAD ./Application/User/mc_parameters.o
LOAD ./Application/User/mc_tasks.o
LOAD ./Application/User/motor_control_protocol.o
LOAD ./Application/User/motorcontrol.o
LOAD ./Application/User/regular_conversion_manager.o
LOAD ./Application/User/stm32f0xx_hal_msp.o
LOAD ./Application/User/stm32f0xx_it.o
LOAD ./Application/User/stm32f0xx_mc_it.o
LOAD ./Application/User/syscalls.o
LOAD ./Application/User/sysmem.o
LOAD ./Application/User/ui_task.o
LOAD ./Application/User/user_interface.o
LOAD ./Command_Driver_APIs/Command_APIs.o
LOAD ./Drivers/CMSIS/system_stm32f0xx.o
LOAD ./Drivers/STM32F0xx_HAL_Driver/stm32f0xx_hal.o
LOAD ./Drivers/STM32F0xx_HAL_Driver/stm32f0xx_hal_cortex.o
LOAD ./Drivers/STM32F0xx_HAL_Driver/stm32f0xx_hal_dma.o
LOAD ./Drivers/STM32F0xx_HAL_Driver/stm32f0xx_hal_exti.o
LOAD ./Drivers/STM32F0xx_HAL_Driver/stm32f0xx_hal_flash.o
LOAD ./Drivers/STM32F0xx_HAL_Driver/stm32f0xx_hal_flash_ex.o
LOAD ./Drivers/STM32F0xx_HAL_Driver/stm32f0xx_hal_gpio.o
LOAD ./Drivers/STM32F0xx_HAL_Driver/stm32f0xx_hal_i2c.o
LOAD ./Drivers/STM32F0xx_HAL_Driver/stm32f0xx_hal_i2c_ex.o
LOAD ./Drivers/STM32F0xx_HAL_Driver/stm32f0xx_hal_pwr.o
LOAD ./Drivers/STM32F0xx_HAL_Driver/stm32f0xx_hal_pwr_ex.o
LOAD ./Drivers/STM32F0xx_HAL_Driver/stm32f0xx_hal_rcc.o
LOAD ./Drivers/STM32F0xx_HAL_Driver/stm32f0xx_hal_rcc_ex.o
LOAD ./Drivers/STM32F0xx_HAL_Driver/stm32f0xx_hal_tim.o
LOAD ./Drivers/STM32F0xx_HAL_Driver/stm32f0xx_hal_tim_ex.o
LOAD ./Drivers/STM32F0xx_HAL_Driver/stm32f0xx_ll_adc.o
LOAD ./Drivers/STM32F0xx_HAL_Driver/stm32f0xx_ll_dma.o
LOAD ./Drivers/STM32F0xx_HAL_Driver/stm32f0xx_ll_exti.o
LOAD ./Drivers/STM32F0xx_HAL_Driver/stm32f0xx_ll_gpio.o
LOAD ./Drivers/STM32F0xx_HAL_Driver/stm32f0xx_ll_rcc.o
LOAD ./Drivers/STM32F0xx_HAL_Driver/stm32f0xx_ll_tim.o
LOAD ./Drivers/STM32F0xx_HAL_Driver/stm32f0xx_ll_usart.o
LOAD ./Drivers/STM32F0xx_HAL_Driver/stm32f0xx_ll_utils.o
LOAD ./Middlewares/MotorControl/bus_voltage_sensor.o
LOAD ./Middlewares/MotorControl/circle_limitation.o
LOAD ./Middlewares/MotorControl/digital_output.o
LOAD ./Middlewares/MotorControl/enc_align_ctrl.o
LOAD ./Middlewares/MotorControl/encoder_speed_pos_fdbk.o
LOAD ./Middlewares/MotorControl/motor_power_measurement.o
LOAD ./Middlewares/MotorControl/ntc_temperature_sensor.o
LOAD ./Middlewares/MotorControl/open_loop.o
LOAD ./Middlewares/MotorControl/pid_regulator.o
LOAD ./Middlewares/MotorControl/pqd_motor_power_measurement.o
LOAD ./Middlewares/MotorControl/pwm_common.o
LOAD ./Middlewares/MotorControl/pwm_curr_fdbk.o
LOAD ./Middlewares/MotorControl/r3_f0xx_pwm_curr_fdbk.o
LOAD ./Middlewares/MotorControl/r_divider_bus_voltage_sensor.o
LOAD ./Middlewares/MotorControl/ramp_ext_mngr.o
LOAD ./Middlewares/MotorControl/speed_pos_fdbk.o
LOAD ./Middlewares/MotorControl/speed_torq_ctrl.o
LOAD ./Middlewares/MotorControl/state_machine.o
LOAD ./Middlewares/MotorControl/trajectory_ctrl.o
LOAD ./Middlewares/MotorControl/ui_irq_handler.o
LOAD ./Middlewares/MotorControl/virtual_speed_sensor.o
LOAD ../../MCSDK_v5.4.4/MotorControl/lib\libmc-gcc_M0.lib
START GROUP
LOAD C:/ST/STM32CubeIDE_1.16.0/STM32CubeIDE/plugins/com.st.stm32cube.ide.mcu.externaltools.gnu-tools-for-stm32.12.3.rel1.win32_1.0.200.202406191623/tools/bin/../lib/gcc/arm-none-eabi/12.3.1/../../../../arm-none-eabi/lib/thumb/v6-m/nofp\libc_nano.a
LOAD C:/ST/STM32CubeIDE_1.16.0/STM32CubeIDE/plugins/com.st.stm32cube.ide.mcu.externaltools.gnu-tools-for-stm32.12.3.rel1.win32_1.0.200.202406191623/tools/bin/../lib/gcc/arm-none-eabi/12.3.1/../../../../arm-none-eabi/lib/thumb/v6-m/nofp\libm.a
END GROUP
START GROUP
LOAD C:/ST/STM32CubeIDE_1.16.0/STM32CubeIDE/plugins/com.st.stm32cube.ide.mcu.externaltools.gnu-tools-for-stm32.12.3.rel1.win32_1.0.200.202406191623/tools/bin/../lib/gcc/arm-none-eabi/12.3.1/thumb/v6-m/nofp\libgcc.a
LOAD C:/ST/STM32CubeIDE_1.16.0/STM32CubeIDE/plugins/com.st.stm32cube.ide.mcu.externaltools.gnu-tools-for-stm32.12.3.rel1.win32_1.0.200.202406191623/tools/bin/../lib/gcc/arm-none-eabi/12.3.1/../../../../arm-none-eabi/lib/thumb/v6-m/nofp\libc_nano.a
END GROUP
START GROUP
LOAD C:/ST/STM32CubeIDE_1.16.0/STM32CubeIDE/plugins/com.st.stm32cube.ide.mcu.externaltools.gnu-tools-for-stm32.12.3.rel1.win32_1.0.200.202406191623/tools/bin/../lib/gcc/arm-none-eabi/12.3.1/thumb/v6-m/nofp\libgcc.a
LOAD C:/ST/STM32CubeIDE_1.16.0/STM32CubeIDE/plugins/com.st.stm32cube.ide.mcu.externaltools.gnu-tools-for-stm32.12.3.rel1.win32_1.0.200.202406191623/tools/bin/../lib/gcc/arm-none-eabi/12.3.1/../../../../arm-none-eabi/lib/thumb/v6-m/nofp\libc_nano.a
LOAD C:/ST/STM32CubeIDE_1.16.0/STM32CubeIDE/plugins/com.st.stm32cube.ide.mcu.externaltools.gnu-tools-for-stm32.12.3.rel1.win32_1.0.200.202406191623/tools/bin/../lib/gcc/arm-none-eabi/12.3.1/../../../../arm-none-eabi/lib/thumb/v6-m/nofp\libnosys.a
END GROUP
START GROUP
LOAD C:/ST/STM32CubeIDE_1.16.0/STM32CubeIDE/plugins/com.st.stm32cube.ide.mcu.externaltools.gnu-tools-for-stm32.12.3.rel1.win32_1.0.200.202406191623/tools/bin/../lib/gcc/arm-none-eabi/12.3.1/thumb/v6-m/nofp\libgcc.a
LOAD C:/ST/STM32CubeIDE_1.16.0/STM32CubeIDE/plugins/com.st.stm32cube.ide.mcu.externaltools.gnu-tools-for-stm32.12.3.rel1.win32_1.0.200.202406191623/tools/bin/../lib/gcc/arm-none-eabi/12.3.1/../../../../arm-none-eabi/lib/thumb/v6-m/nofp\libc_nano.a
LOAD C:/ST/STM32CubeIDE_1.16.0/STM32CubeIDE/plugins/com.st.stm32cube.ide.mcu.externaltools.gnu-tools-for-stm32.12.3.rel1.win32_1.0.200.202406191623/tools/bin/../lib/gcc/arm-none-eabi/12.3.1/../../../../arm-none-eabi/lib/thumb/v6-m/nofp\libnosys.a
END GROUP
LOAD C:/ST/STM32CubeIDE_1.16.0/STM32CubeIDE/plugins/com.st.stm32cube.ide.mcu.externaltools.gnu-tools-for-stm32.12.3.rel1.win32_1.0.200.202406191623/tools/bin/../lib/gcc/arm-none-eabi/12.3.1/thumb/v6-m/nofp/crtend.o
LOAD C:/ST/STM32CubeIDE_1.16.0/STM32CubeIDE/plugins/com.st.stm32cube.ide.mcu.externaltools.gnu-tools-for-stm32.12.3.rel1.win32_1.0.200.202406191623/tools/bin/../lib/gcc/arm-none-eabi/12.3.1/thumb/v6-m/nofp/crtn.o
                0x20001000                        _estack = (ORIGIN (RAM) + LENGTH (RAM))
                0x00000080                        _Min_Heap_Size = 0x80
                0x00000400                        _Min_Stack_Size = 0x400

.isr_vector     0x08000000       0xc0
                0x08000000                        . = ALIGN (0x4)
 *(.isr_vector)
 .isr_vector    0x08000000       0xc0 ./Application/Startup/startup_stm32f031c6tx.o
                0x08000000                g_pfnVectors
                0x080000c0                        . = ALIGN (0x4)

.text           0x080000c0     0x4e8c
                0x080000c0                        . = ALIGN (0x4)
 *(.text)
 .text          0x080000c0       0x48 C:/ST/STM32CubeIDE_1.16.0/STM32CubeIDE/plugins/com.st.stm32cube.ide.mcu.externaltools.gnu-tools-for-stm32.12.3.rel1.win32_1.0.200.202406191623/tools/bin/../lib/gcc/arm-none-eabi/12.3.1/thumb/v6-m/nofp/crtbegin.o
 .text          0x08000108       0x14 C:/ST/STM32CubeIDE_1.16.0/STM32CubeIDE/plugins/com.st.stm32cube.ide.mcu.externaltools.gnu-tools-for-stm32.12.3.rel1.win32_1.0.200.202406191623/tools/bin/../lib/gcc/arm-none-eabi/12.3.1/thumb/v6-m/nofp\libgcc.a(_thumb1_case_sqi.o)
                0x08000108                __gnu_thumb1_case_sqi
 .text          0x0800011c       0x14 C:/ST/STM32CubeIDE_1.16.0/STM32CubeIDE/plugins/com.st.stm32cube.ide.mcu.externaltools.gnu-tools-for-stm32.12.3.rel1.win32_1.0.200.202406191623/tools/bin/../lib/gcc/arm-none-eabi/12.3.1/thumb/v6-m/nofp\libgcc.a(_thumb1_case_uqi.o)
                0x0800011c                __gnu_thumb1_case_uqi
 .text          0x08000130      0x114 C:/ST/STM32CubeIDE_1.16.0/STM32CubeIDE/plugins/com.st.stm32cube.ide.mcu.externaltools.gnu-tools-for-stm32.12.3.rel1.win32_1.0.200.202406191623/tools/bin/../lib/gcc/arm-none-eabi/12.3.1/thumb/v6-m/nofp\libgcc.a(_udivsi3.o)
                0x08000130                __aeabi_uidiv
                0x08000130                __udivsi3
                0x0800023c                __aeabi_uidivmod
 .text          0x08000244      0x1d4 C:/ST/STM32CubeIDE_1.16.0/STM32CubeIDE/plugins/com.st.stm32cube.ide.mcu.externaltools.gnu-tools-for-stm32.12.3.rel1.win32_1.0.200.202406191623/tools/bin/../lib/gcc/arm-none-eabi/12.3.1/thumb/v6-m/nofp\libgcc.a(_divsi3.o)
                0x08000244                __divsi3
                0x08000244                __aeabi_idiv
                0x08000410                __aeabi_idivmod
 .text          0x08000418        0x4 C:/ST/STM32CubeIDE_1.16.0/STM32CubeIDE/plugins/com.st.stm32cube.ide.mcu.externaltools.gnu-tools-for-stm32.12.3.rel1.win32_1.0.200.202406191623/tools/bin/../lib/gcc/arm-none-eabi/12.3.1/thumb/v6-m/nofp\libgcc.a(_dvmd_tls.o)
                0x08000418                __aeabi_idiv0
                0x08000418                __aeabi_ldiv0
 .text          0x0800041c       0x74 C:/ST/STM32CubeIDE_1.16.0/STM32CubeIDE/plugins/com.st.stm32cube.ide.mcu.externaltools.gnu-tools-for-stm32.12.3.rel1.win32_1.0.200.202406191623/tools/bin/../lib/gcc/arm-none-eabi/12.3.1/thumb/v6-m/nofp\libgcc.a(_arm_cmpsf2.o)
                0x0800041c                __aeabi_cfrcmple
                0x08000424                __aeabi_cfcmpeq
                0x08000424                __aeabi_cfcmple
                0x08000434                __aeabi_fcmpeq
                0x08000440                __aeabi_fcmplt
                0x08000454                __aeabi_fcmple
                0x08000468                __aeabi_fcmpgt
                0x0800047c                __aeabi_fcmpge
 .text          0x08000490      0x314 C:/ST/STM32CubeIDE_1.16.0/STM32CubeIDE/plugins/com.st.stm32cube.ide.mcu.externaltools.gnu-tools-for-stm32.12.3.rel1.win32_1.0.200.202406191623/tools/bin/../lib/gcc/arm-none-eabi/12.3.1/thumb/v6-m/nofp\libgcc.a(addsf3.o)
                0x08000490                __aeabi_fadd
 .text          0x080007a4      0x240 C:/ST/STM32CubeIDE_1.16.0/STM32CubeIDE/plugins/com.st.stm32cube.ide.mcu.externaltools.gnu-tools-for-stm32.12.3.rel1.win32_1.0.200.202406191623/tools/bin/../lib/gcc/arm-none-eabi/12.3.1/thumb/v6-m/nofp\libgcc.a(divsf3.o)
                0x080007a4                __aeabi_fdiv
 .text          0x080009e4       0x50 C:/ST/STM32CubeIDE_1.16.0/STM32CubeIDE/plugins/com.st.stm32cube.ide.mcu.externaltools.gnu-tools-for-stm32.12.3.rel1.win32_1.0.200.202406191623/tools/bin/../lib/gcc/arm-none-eabi/12.3.1/thumb/v6-m/nofp\libgcc.a(eqsf2.o)
                0x080009e4                __eqsf2
                0x080009e4                __nesf2
 .text          0x08000a34       0xa0 C:/ST/STM32CubeIDE_1.16.0/STM32CubeIDE/plugins/com.st.stm32cube.ide.mcu.externaltools.gnu-tools-for-stm32.12.3.rel1.win32_1.0.200.202406191623/tools/bin/../lib/gcc/arm-none-eabi/12.3.1/thumb/v6-m/nofp\libgcc.a(gesf2.o)
                0x08000a34                __gesf2
                0x08000a34                __gtsf2
 .text          0x08000ad4       0x9c C:/ST/STM32CubeIDE_1.16.0/STM32CubeIDE/plugins/com.st.stm32cube.ide.mcu.externaltools.gnu-tools-for-stm32.12.3.rel1.win32_1.0.200.202406191623/tools/bin/../lib/gcc/arm-none-eabi/12.3.1/thumb/v6-m/nofp\libgcc.a(lesf2.o)
                0x08000ad4                __ltsf2
                0x08000ad4                __lesf2
 .text          0x08000b70      0x27c C:/ST/STM32CubeIDE_1.16.0/STM32CubeIDE/plugins/com.st.stm32cube.ide.mcu.externaltools.gnu-tools-for-stm32.12.3.rel1.win32_1.0.200.202406191623/tools/bin/../lib/gcc/arm-none-eabi/12.3.1/thumb/v6-m/nofp\libgcc.a(mulsf3.o)
                0x08000b70                __aeabi_fmul
 .text          0x08000dec      0x348 C:/ST/STM32CubeIDE_1.16.0/STM32CubeIDE/plugins/com.st.stm32cube.ide.mcu.externaltools.gnu-tools-for-stm32.12.3.rel1.win32_1.0.200.202406191623/tools/bin/../lib/gcc/arm-none-eabi/12.3.1/thumb/v6-m/nofp\libgcc.a(subsf3.o)
                0x08000dec                __aeabi_fsub
 .text          0x08001134       0x40 C:/ST/STM32CubeIDE_1.16.0/STM32CubeIDE/plugins/com.st.stm32cube.ide.mcu.externaltools.gnu-tools-for-stm32.12.3.rel1.win32_1.0.200.202406191623/tools/bin/../lib/gcc/arm-none-eabi/12.3.1/thumb/v6-m/nofp\libgcc.a(fixsfsi.o)
                0x08001134                __aeabi_f2iz
 .text          0x08001174       0x98 C:/ST/STM32CubeIDE_1.16.0/STM32CubeIDE/plugins/com.st.stm32cube.ide.mcu.externaltools.gnu-tools-for-stm32.12.3.rel1.win32_1.0.200.202406191623/tools/bin/../lib/gcc/arm-none-eabi/12.3.1/thumb/v6-m/nofp\libgcc.a(floatsisf.o)
                0x08001174                __aeabi_i2f
 .text          0x0800120c       0x84 C:/ST/STM32CubeIDE_1.16.0/STM32CubeIDE/plugins/com.st.stm32cube.ide.mcu.externaltools.gnu-tools-for-stm32.12.3.rel1.win32_1.0.200.202406191623/tools/bin/../lib/gcc/arm-none-eabi/12.3.1/thumb/v6-m/nofp\libgcc.a(floatunsisf.o)
                0x0800120c                __aeabi_ui2f
 .text          0x08001290       0x3c C:/ST/STM32CubeIDE_1.16.0/STM32CubeIDE/plugins/com.st.stm32cube.ide.mcu.externaltools.gnu-tools-for-stm32.12.3.rel1.win32_1.0.200.202406191623/tools/bin/../lib/gcc/arm-none-eabi/12.3.1/thumb/v6-m/nofp\libgcc.a(_clzsi2.o)
                0x08001290                __clzsi2
 *(.text*)
 .text.Reset_Handler
                0x080012cc       0x50 ./Application/Startup/startup_stm32f031c6tx.o
                0x080012cc                Reset_Handler
 .text.Default_Handler
                0x0800131c        0x2 ./Application/Startup/startup_stm32f031c6tx.o
                0x0800131c                TIM1_CC_IRQHandler
                0x0800131c                PVD_IRQHandler
                0x0800131c                PendSV_Handler
                0x0800131c                NMI_Handler
                0x0800131c                I2C1_IRQHandler
                0x0800131c                SPI1_IRQHandler
                0x0800131c                EXTI2_3_IRQHandler
                0x0800131c                ADC1_IRQHandler
                0x0800131c                TIM17_IRQHandler
                0x0800131c                RTC_IRQHandler
                0x0800131c                EXTI4_15_IRQHandler
                0x0800131c                RCC_IRQHandler
                0x0800131c                Default_Handler
                0x0800131c                SVC_Handler
                0x0800131c                WWDG_IRQHandler
                0x0800131c                TIM2_IRQHandler
                0x0800131c                DMA1_Channel2_3_IRQHandler
                0x0800131c                FLASH_IRQHandler
 *fill*         0x0800131e        0x2 
 .text.LL_AHB1_GRP1_EnableClock
                0x08001320       0x1c ./Application/User/main.o
 .text.LL_APB1_GRP2_EnableClock
                0x0800133c       0x1c ./Application/User/main.o
 .text.LL_TIM_OC_DisableFast
                0x08001358       0x40 ./Application/User/main.o
 .text.LL_TIM_OC_EnablePreload
                0x08001398       0x40 ./Application/User/main.o
 .text.ProcessReceivedMessage
                0x080013d8       0xc8 ./Application/User/main.o
                0x080013d8                ProcessReceivedMessage
 .text.SystemClock_Config
                0x080014a0       0xcc ./Application/User/main.o
                0x080014a0                SystemClock_Config
 .text.startup.main
                0x0800156c      0x8f0 ./Application/User/main.o
                0x0800156c                main
 .text.MC_StartMotor1
                0x08001e5c       0x10 ./Application/User/mc_api.o
                0x08001e5c                MC_StartMotor1
 .text.MC_StopMotor1
                0x08001e6c       0x10 ./Application/User/mc_api.o
                0x08001e6c                MC_StopMotor1
 .text.MC_ProgramSpeedRampMotor1
                0x08001e7c       0x14 ./Application/User/mc_api.o
                0x08001e7c                MC_ProgramSpeedRampMotor1
 .text.MC_ProgramTorqueRampMotor1
                0x08001e90       0x14 ./Application/User/mc_api.o
                0x08001e90                MC_ProgramTorqueRampMotor1
 .text.MC_ProgramPositionCommandMotor1
                0x08001ea4       0x14 ./Application/User/mc_api.o
                0x08001ea4                MC_ProgramPositionCommandMotor1
 .text.MC_GetControlModeMotor1
                0x08001eb8       0x10 ./Application/User/mc_api.o
                0x08001eb8                MC_GetControlModeMotor1
 .text.MC_AcknowledgeFaultMotor1
                0x08001ec8       0x10 ./Application/User/mc_api.o
                0x08001ec8                MC_AcknowledgeFaultMotor1
 .text.MC_GetOccurredFaultsMotor1
                0x08001ed8       0x10 ./Application/User/mc_api.o
                0x08001ed8                MC_GetOccurredFaultsMotor1
 .text.MC_GetAlignmentStatusMotor1
                0x08001ee8       0x10 ./Application/User/mc_api.o
                0x08001ee8                MC_GetAlignmentStatusMotor1
 .text.MC_GetCurrentPosition1
                0x08001ef8       0x10 ./Application/User/mc_api.o
                0x08001ef8                MC_GetCurrentPosition1
 .text.MCI_Init
                0x08001f08       0x18 ./Application/User/mc_interface.o
                0x08001f08                MCI_Init
 .text.MCI_ExecSpeedRamp
                0x08001f20       0x10 ./Application/User/mc_interface.o
                0x08001f20                MCI_ExecSpeedRamp
 .text.MCI_ExecTorqueRamp
                0x08001f30        0xe ./Application/User/mc_interface.o
                0x08001f30                MCI_ExecTorqueRamp
 *fill*         0x08001f3e        0x2 
 .text.MCI_ExecPositionCommand
                0x08001f40       0x60 ./Application/User/mc_interface.o
                0x08001f40                MCI_ExecPositionCommand
 .text.MCI_StartMotor
                0x08001fa0       0x16 ./Application/User/mc_interface.o
                0x08001fa0                MCI_StartMotor
 .text.MCI_StopMotor
                0x08001fb6        0xc ./Application/User/mc_interface.o
                0x08001fb6                MCI_StopMotor
 .text.MCI_FaultAcknowledged
                0x08001fc2        0xa ./Application/User/mc_interface.o
                0x08001fc2                MCI_FaultAcknowledged
 .text.MCI_ExecBufferedCommands
                0x08001fcc       0x6c ./Application/User/mc_interface.o
                0x08001fcc                MCI_ExecBufferedCommands
 .text.MCI_GetAlignmentStatus
                0x08002038        0xa ./Application/User/mc_interface.o
                0x08002038                MCI_GetAlignmentStatus
 .text.MCI_GetCurrentPosition
                0x08002042        0xa ./Application/User/mc_interface.o
                0x08002042                MCI_GetCurrentPosition
 .text.MCI_GetOccurredFaults
                0x0800204c        0xc ./Application/User/mc_interface.o
                0x0800204c                MCI_GetOccurredFaults
 .text.MCI_GetControlMode
                0x08002058        0x4 ./Application/User/mc_interface.o
                0x08002058                MCI_GetControlMode
 .text.MCM_Clarke
                0x0800205c       0x58 ./Application/User/mc_math.o
                0x0800205c                MCM_Clarke
 .text.MCM_Trig_Functions
                0x080020b4       0x8c ./Application/User/mc_math.o
                0x080020b4                MCM_Trig_Functions
 .text.MCM_Park
                0x08002140       0x84 ./Application/User/mc_math.o
                0x08002140                MCM_Park
 .text.MCM_Rev_Park
                0x080021c4       0x30 ./Application/User/mc_math.o
                0x080021c4                MCM_Rev_Park
 .text.LL_GPIO_LockPin
                0x080021f4       0x18 ./Application/User/mc_tasks.o
 .text.FOC_Clear
                0x0800220c       0x64 ./Application/User/mc_tasks.o
                0x0800220c                FOC_Clear
 .text.MCboot   0x08002270      0x21c ./Application/User/mc_tasks.o
                0x08002270                MCboot
 .text.FOC_InitAdditionalMethods
                0x0800248c        0x2 ./Application/User/mc_tasks.o
                0x0800248c                FOC_InitAdditionalMethods
 *fill*         0x0800248e        0x2 
 .text.FOC_CalcCurrRef
                0x08002490       0x2c ./Application/User/mc_tasks.o
                0x08002490                FOC_CalcCurrRef
 .text.TSK_SetChargeBootCapDelayM1
                0x080024bc        0xc ./Application/User/mc_tasks.o
                0x080024bc                TSK_SetChargeBootCapDelayM1
 .text.TSK_ChargeBootCapDelayHasElapsedM1
                0x080024c8       0x10 ./Application/User/mc_tasks.o
                0x080024c8                TSK_ChargeBootCapDelayHasElapsedM1
 .text.TSK_SetStopPermanencyTimeM1
                0x080024d8        0xc ./Application/User/mc_tasks.o
                0x080024d8                TSK_SetStopPermanencyTimeM1
 .text.TSK_StopPermanencyTimeHasElapsedM1
                0x080024e4       0x10 ./Application/User/mc_tasks.o
                0x080024e4                TSK_StopPermanencyTimeHasElapsedM1
 .text.TSK_MediumFrequencyTaskM1
                0x080024f4      0x204 ./Application/User/mc_tasks.o
                0x080024f4                TSK_MediumFrequencyTaskM1
 .text.MC_Scheduler
                0x080026f8       0x54 ./Application/User/mc_tasks.o
                0x080026f8                MC_Scheduler
 .text.TSK_HighFrequencyTask
                0x0800274c      0x108 ./Application/User/mc_tasks.o
                0x0800274c                TSK_HighFrequencyTask
 .text.TSK_SafetyTask_PWMOFF
                0x08002854       0xa4 ./Application/User/mc_tasks.o
                0x08002854                TSK_SafetyTask_PWMOFF
 .text.TSK_SafetyTask
                0x080028f8       0x1c ./Application/User/mc_tasks.o
                0x080028f8                TSK_SafetyTask
 .text.MC_RunMotorControlTasks
                0x08002914       0x1c ./Application/User/mc_tasks.o
                0x08002914                MC_RunMotorControlTasks
 .text.TSK_HardwareFaultTask
                0x08002930       0x20 ./Application/User/mc_tasks.o
                0x08002930                TSK_HardwareFaultTask
 .text.mc_lock_pins
                0x08002950       0x90 ./Application/User/mc_tasks.o
                0x08002950                mc_lock_pins
 .text.MX_MotorControl_Init
                0x080029e0       0x44 ./Application/User/motorcontrol.o
                0x080029e0                MX_MotorControl_Init
 .text.RCM_RegisterRegConv
                0x08002a24       0x90 ./Application/User/regular_conversion_manager.o
                0x08002a24                RCM_RegisterRegConv
 .text.RCM_ExecRegularConv
                0x08002ab4      0x120 ./Application/User/regular_conversion_manager.o
                0x08002ab4                RCM_ExecRegularConv
 .text.RCM_ExecUserConv
                0x08002bd4       0x44 ./Application/User/regular_conversion_manager.o
                0x08002bd4                RCM_ExecUserConv
 .text.RCM_ExecNextConv
                0x08002c18       0x74 ./Application/User/regular_conversion_manager.o
                0x08002c18                RCM_ExecNextConv
 .text.RCM_ReadOngoingConv
                0x08002c8c       0x48 ./Application/User/regular_conversion_manager.o
                0x08002c8c                RCM_ReadOngoingConv
 .text.HAL_MspInit
                0x08002cd4       0x30 ./Application/User/stm32f0xx_hal_msp.o
                0x08002cd4                HAL_MspInit
 .text.TIM14_IRQHandler
                0x08002d04        0x2 ./Application/User/stm32f0xx_it.o
                0x08002d04                TIM14_IRQHandler
 *fill*         0x08002d06        0x2 
 .text.TIM16_IRQHandler
                0x08002d08       0x10 ./Application/User/stm32f0xx_it.o
                0x08002d08                TIM16_IRQHandler
 .text.USART1_IRQHandler
                0x08002d18       0x34 ./Application/User/stm32f0xx_it.o
                0x08002d18                USART1_IRQHandler
 .text.DMA1_Channel1_IRQHandler
                0x08002d4c       0x14 ./Application/User/stm32f0xx_mc_it.o
                0x08002d4c                DMA1_Channel1_IRQHandler
 .text.TIM1_BRK_UP_TRG_COM_IRQHandler
                0x08002d60       0x44 ./Application/User/stm32f0xx_mc_it.o
                0x08002d60                TIM1_BRK_UP_TRG_COM_IRQHandler
 .text.DMA1_Channel4_5_IRQHandler
                0x08002da4       0x14 ./Application/User/stm32f0xx_mc_it.o
                0x08002da4                DMA1_Channel4_5_IRQHandler
 .text.TIM3_IRQHandler
                0x08002db8       0x24 ./Application/User/stm32f0xx_mc_it.o
                0x08002db8                TIM3_IRQHandler
 .text.HardFault_Handler
                0x08002ddc        0x8 ./Application/User/stm32f0xx_mc_it.o
                0x08002ddc                HardFault_Handler
 .text.SysTick_Handler
                0x08002de4       0x30 ./Application/User/stm32f0xx_mc_it.o
                0x08002de4                SysTick_Handler
 .text.EXTI0_1_IRQHandler
                0x08002e14       0x20 ./Application/User/stm32f0xx_mc_it.o
                0x08002e14                EXTI0_1_IRQHandler
 .text.UI_TaskInit
                0x08002e34        0x2 ./Application/User/ui_task.o
                0x08002e34                UI_TaskInit
 *fill*         0x08002e36        0x2 
 .text.UI_Scheduler
                0x08002e38       0x40 ./Application/User/ui_task.o
                0x08002e38                UI_Scheduler
 .text.ConvertFloatTwoBytes
                0x08002e78       0x12 ./Command_Driver_APIs/Command_APIs.o
                0x08002e78                ConvertFloatTwoBytes
 .text.ProcessReceivedUint16
                0x08002e8a        0xe ./Command_Driver_APIs/Command_APIs.o
                0x08002e8a                ProcessReceivedUint16
 .text.ProcessReceivedInt16
                0x08002e98        0xe ./Command_Driver_APIs/Command_APIs.o
                0x08002e98                ProcessReceivedInt16
 .text.ProcessReceivedFloat
                0x08002ea6       0x1a ./Command_Driver_APIs/Command_APIs.o
                0x08002ea6                ProcessReceivedFloat
 .text.SendMessage
                0x08002ec0       0x50 ./Command_Driver_APIs/Command_APIs.o
                0x08002ec0                SendMessage
 .text.SystemInit
                0x08002f10        0x2 ./Drivers/CMSIS/system_stm32f0xx.o
                0x08002f10                SystemInit
 *fill*         0x08002f12        0x2 
 .text.HAL_InitTick
                0x08002f14       0x48 ./Drivers/STM32F0xx_HAL_Driver/stm32f0xx_hal.o
                0x08002f14                HAL_InitTick
 .text.HAL_Init
                0x08002f5c       0x20 ./Drivers/STM32F0xx_HAL_Driver/stm32f0xx_hal.o
                0x08002f5c                HAL_Init
 .text.HAL_IncTick
                0x08002f7c       0x18 ./Drivers/STM32F0xx_HAL_Driver/stm32f0xx_hal.o
                0x08002f7c                HAL_IncTick
 .text.HAL_GetTick
                0x08002f94        0xc ./Drivers/STM32F0xx_HAL_Driver/stm32f0xx_hal.o
                0x08002f94                HAL_GetTick
 .text.HAL_Delay
                0x08002fa0       0x24 ./Drivers/STM32F0xx_HAL_Driver/stm32f0xx_hal.o
                0x08002fa0                HAL_Delay
 .text.HAL_NVIC_SetPriority
                0x08002fc4       0x54 ./Drivers/STM32F0xx_HAL_Driver/stm32f0xx_hal_cortex.o
                0x08002fc4                HAL_NVIC_SetPriority
 .text.HAL_SYSTICK_Config
                0x08003018       0x34 ./Drivers/STM32F0xx_HAL_Driver/stm32f0xx_hal_cortex.o
                0x08003018                HAL_SYSTICK_Config
 .text.HAL_SYSTICK_Callback
                0x0800304c        0x2 ./Drivers/STM32F0xx_HAL_Driver/stm32f0xx_hal_cortex.o
                0x0800304c                HAL_SYSTICK_Callback
 .text.HAL_SYSTICK_IRQHandler
                0x0800304e        0x8 ./Drivers/STM32F0xx_HAL_Driver/stm32f0xx_hal_cortex.o
                0x0800304e                HAL_SYSTICK_IRQHandler
 *fill*         0x08003056        0x2 
 .text.HAL_RCC_GetHCLKFreq
                0x08003058        0xc ./Drivers/STM32F0xx_HAL_Driver/stm32f0xx_hal_rcc.o
                0x08003058                HAL_RCC_GetHCLKFreq
 .text.LL_ADC_Init
                0x08003064       0x38 ./Drivers/STM32F0xx_HAL_Driver/stm32f0xx_ll_adc.o
                0x08003064                LL_ADC_Init
 .text.LL_ADC_REG_Init
                0x0800309c       0x34 ./Drivers/STM32F0xx_HAL_Driver/stm32f0xx_ll_adc.o
                0x0800309c                LL_ADC_REG_Init
 .text.LL_EXTI_Init
                0x080030d0       0x9c ./Drivers/STM32F0xx_HAL_Driver/stm32f0xx_ll_exti.o
                0x080030d0                LL_EXTI_Init
 .text.LL_GPIO_Init
                0x0800316c       0xa8 ./Drivers/STM32F0xx_HAL_Driver/stm32f0xx_ll_gpio.o
                0x0800316c                LL_GPIO_Init
 .text.RCC_GetHCLKClockFreq
                0x08003214       0x18 ./Drivers/STM32F0xx_HAL_Driver/stm32f0xx_ll_rcc.o
                0x08003214                RCC_GetHCLKClockFreq
 .text.RCC_GetPCLK1ClockFreq
                0x0800322c       0x18 ./Drivers/STM32F0xx_HAL_Driver/stm32f0xx_ll_rcc.o
                0x0800322c                RCC_GetPCLK1ClockFreq
 .text.RCC_PLL_GetFreqDomain_SYS
                0x08003244       0x30 ./Drivers/STM32F0xx_HAL_Driver/stm32f0xx_ll_rcc.o
                0x08003244                RCC_PLL_GetFreqDomain_SYS
 .text.RCC_GetSystemClockFreq
                0x08003274       0x20 ./Drivers/STM32F0xx_HAL_Driver/stm32f0xx_ll_rcc.o
                0x08003274                RCC_GetSystemClockFreq
 .text.LL_RCC_GetUSARTClockFreq
                0x08003294       0x54 ./Drivers/STM32F0xx_HAL_Driver/stm32f0xx_ll_rcc.o
                0x08003294                LL_RCC_GetUSARTClockFreq
 .text.LL_TIM_Init
                0x080032e8       0x90 ./Drivers/STM32F0xx_HAL_Driver/stm32f0xx_ll_tim.o
                0x080032e8                LL_TIM_Init
 .text.LL_TIM_OC_Init
                0x08003378      0x1e4 ./Drivers/STM32F0xx_HAL_Driver/stm32f0xx_ll_tim.o
                0x08003378                LL_TIM_OC_Init
 .text.LL_TIM_BDTR_Init
                0x0800355c       0x48 ./Drivers/STM32F0xx_HAL_Driver/stm32f0xx_ll_tim.o
                0x0800355c                LL_TIM_BDTR_Init
 .text.LL_USART_Init
                0x080035a4       0x9c ./Drivers/STM32F0xx_HAL_Driver/stm32f0xx_ll_usart.o
                0x080035a4                LL_USART_Init
 .text.LL_SetSystemCoreClock
                0x08003640        0xc ./Drivers/STM32F0xx_HAL_Driver/stm32f0xx_ll_utils.o
                0x08003640                LL_SetSystemCoreClock
 .text.VBS_GetAvBusVoltage_V
                0x0800364c        0xc ./Middlewares/MotorControl/bus_voltage_sensor.o
                0x0800364c                VBS_GetAvBusVoltage_V
 .text.Circle_Limitation
                0x08003658       0x52 ./Middlewares/MotorControl/circle_limitation.o
                0x08003658                Circle_Limitation
 .text.EAC_Init
                0x080036aa        0xc ./Middlewares/MotorControl/enc_align_ctrl.o
                0x080036aa                EAC_Init
 .text.EAC_StartAlignment
                0x080036b6       0x4a ./Middlewares/MotorControl/enc_align_ctrl.o
                0x080036b6                EAC_StartAlignment
 .text.EAC_Exec
                0x08003700       0x30 ./Middlewares/MotorControl/enc_align_ctrl.o
                0x08003700                EAC_Exec
 .text.EAC_IsAligned
                0x08003730        0x4 ./Middlewares/MotorControl/enc_align_ctrl.o
                0x08003730                EAC_IsAligned
 .text.EAC_SetRestartState
                0x08003734        0x4 ./Middlewares/MotorControl/enc_align_ctrl.o
                0x08003734                EAC_SetRestartState
 .text.EAC_GetRestartState
                0x08003738        0x4 ./Middlewares/MotorControl/enc_align_ctrl.o
                0x08003738                EAC_GetRestartState
 .text.ENC_Init
                0x0800373c       0x70 ./Middlewares/MotorControl/encoder_speed_pos_fdbk.o
                0x0800373c                ENC_Init
 .text.ENC_Clear
                0x080037ac       0x1c ./Middlewares/MotorControl/encoder_speed_pos_fdbk.o
                0x080037ac                ENC_Clear
 .text.ENC_CalcAngle
                0x080037c8       0x30 ./Middlewares/MotorControl/encoder_speed_pos_fdbk.o
                0x080037c8                ENC_CalcAngle
 .text.ENC_CalcAvrgMecSpeedUnit
                0x080037f8       0xf8 ./Middlewares/MotorControl/encoder_speed_pos_fdbk.o
                0x080037f8                ENC_CalcAvrgMecSpeedUnit
 .text.ENC_SetMecAngle
                0x080038f0       0x2c ./Middlewares/MotorControl/encoder_speed_pos_fdbk.o
                0x080038f0                ENC_SetMecAngle
 .text.ENC_IRQHandler
                0x0800391c        0xe ./Middlewares/MotorControl/encoder_speed_pos_fdbk.o
                0x0800391c                ENC_IRQHandler
 .text.MPM_Clear
                0x0800392a       0x18 ./Middlewares/MotorControl/motor_power_measurement.o
                0x0800392a                MPM_Clear
 .text.MPM_CalcElMotorPower
                0x08003942       0x3e ./Middlewares/MotorControl/motor_power_measurement.o
                0x08003942                MPM_CalcElMotorPower
 .text.NTC_SetFaultState
                0x08003980       0x18 ./Middlewares/MotorControl/ntc_temperature_sensor.o
                0x08003980                NTC_SetFaultState
 .text.NTC_Clear
                0x08003998        0x6 ./Middlewares/MotorControl/ntc_temperature_sensor.o
                0x08003998                NTC_Clear
 .text.NTC_Init
                0x0800399e       0x26 ./Middlewares/MotorControl/ntc_temperature_sensor.o
                0x0800399e                NTC_Init
 .text.NTC_CalcAvTemp
                0x080039c4       0x38 ./Middlewares/MotorControl/ntc_temperature_sensor.o
                0x080039c4                NTC_CalcAvTemp
 .text.PID_HandleInit
                0x080039fc       0x10 ./Middlewares/MotorControl/pid_regulator.o
                0x080039fc                PID_HandleInit
 .text.PID_SetIntegralTerm
                0x08003a0c        0x4 ./Middlewares/MotorControl/pid_regulator.o
                0x08003a0c                PID_SetIntegralTerm
 .text.PI_Controller
                0x08003a10       0x74 ./Middlewares/MotorControl/pid_regulator.o
                0x08003a10                PI_Controller
 .text.PID_Controller
                0x08003a84       0x3c ./Middlewares/MotorControl/pid_regulator.o
                0x08003a84                PID_Controller
 .text.PQD_CalcElMotorPower
                0x08003ac0       0x52 ./Middlewares/MotorControl/pqd_motor_power_measurement.o
                0x08003ac0                PQD_CalcElMotorPower
 .text.waitForPolarizationEnd
                0x08003b12       0x44 ./Middlewares/MotorControl/pwm_common.o
                0x08003b12                waitForPolarizationEnd
 .text.PWMC_GetPhaseCurrents
                0x08003b56        0x8 ./Middlewares/MotorControl/pwm_curr_fdbk.o
                0x08003b56                PWMC_GetPhaseCurrents
 .text.PWMC_SetPhaseVoltage
                0x08003b5e      0x1ca ./Middlewares/MotorControl/pwm_curr_fdbk.o
                0x08003b5e                PWMC_SetPhaseVoltage
 .text.PWMC_SwitchOffPWM
                0x08003d28        0x8 ./Middlewares/MotorControl/pwm_curr_fdbk.o
                0x08003d28                PWMC_SwitchOffPWM
 .text.PWMC_CurrentReadingCalibr
                0x08003d30       0x3c ./Middlewares/MotorControl/pwm_curr_fdbk.o
                0x08003d30                PWMC_CurrentReadingCalibr
 .text.PWMC_CheckOverCurrent
                0x08003d6c        0x8 ./Middlewares/MotorControl/pwm_curr_fdbk.o
                0x08003d6c                PWMC_CheckOverCurrent
 .text.R3_1_GetPhaseCurrents
                0x08003d74      0x104 ./Middlewares/MotorControl/r3_f0xx_pwm_curr_fdbk.o
                0x08003d74                R3_1_GetPhaseCurrents
 .text.R3_1_HFCurrentsCalibrationAB
                0x08003e78       0x48 ./Middlewares/MotorControl/r3_f0xx_pwm_curr_fdbk.o
                0x08003e78                R3_1_HFCurrentsCalibrationAB
 .text.R3_1_HFCurrentsCalibrationC
                0x08003ec0       0x48 ./Middlewares/MotorControl/r3_f0xx_pwm_curr_fdbk.o
                0x08003ec0                R3_1_HFCurrentsCalibrationC
 .text.R3_1_Init
                0x08003f08      0x104 ./Middlewares/MotorControl/r3_f0xx_pwm_curr_fdbk.o
                0x08003f08                R3_1_Init
 .text.R3_1_WriteTIMRegisters
                0x0800400c       0x2e ./Middlewares/MotorControl/r3_f0xx_pwm_curr_fdbk.o
                0x0800400c                R3_1_WriteTIMRegisters
 .text.R3_1_SetADCSampPointCalibration
                0x0800403a       0x20 ./Middlewares/MotorControl/r3_f0xx_pwm_curr_fdbk.o
                0x0800403a                R3_1_SetADCSampPointCalibration
 .text.R3_1_SetADCSampPointSectX
                0x0800405a       0x58 ./Middlewares/MotorControl/r3_f0xx_pwm_curr_fdbk.o
                0x0800405a                R3_1_SetADCSampPointSectX
 *fill*         0x080040b2        0x2 
 .text.R3_1_TurnOnLowSides
                0x080040b4       0x4c ./Middlewares/MotorControl/r3_f0xx_pwm_curr_fdbk.o
                0x080040b4                R3_1_TurnOnLowSides
 .text.R3_1_SwitchOnPWM
                0x08004100       0xe8 ./Middlewares/MotorControl/r3_f0xx_pwm_curr_fdbk.o
                0x08004100                R3_1_SwitchOnPWM
 .text.R3_1_SwitchOffPWM
                0x080041e8       0xa4 ./Middlewares/MotorControl/r3_f0xx_pwm_curr_fdbk.o
                0x080041e8                R3_1_SwitchOffPWM
 .text.R3_1_CurrentReadingCalibration
                0x0800428c      0x110 ./Middlewares/MotorControl/r3_f0xx_pwm_curr_fdbk.o
                0x0800428c                R3_1_CurrentReadingCalibration
 .text.R3_1_TIMx_UP_IRQHandler
                0x0800439c       0x80 ./Middlewares/MotorControl/r3_f0xx_pwm_curr_fdbk.o
                0x0800439c                R3_1_TIMx_UP_IRQHandler
 .text.F0XX_BRK_IRQHandler
                0x0800441c       0x28 ./Middlewares/MotorControl/r3_f0xx_pwm_curr_fdbk.o
                0x0800441c                F0XX_BRK_IRQHandler
 .text.R3_1_IsOverCurrentOccurred
                0x08004444       0x24 ./Middlewares/MotorControl/r3_f0xx_pwm_curr_fdbk.o
                0x08004444                R3_1_IsOverCurrentOccurred
 .text.RVBS_Clear
                0x08004468       0x2a ./Middlewares/MotorControl/r_divider_bus_voltage_sensor.o
                0x08004468                RVBS_Clear
 .text.RVBS_Init
                0x08004492       0x16 ./Middlewares/MotorControl/r_divider_bus_voltage_sensor.o
                0x08004492                RVBS_Init
 .text.RVBS_CheckFaultState
                0x080044a8       0x18 ./Middlewares/MotorControl/r_divider_bus_voltage_sensor.o
                0x080044a8                RVBS_CheckFaultState
 .text.RVBS_CalcAvVbus
                0x080044c0       0x60 ./Middlewares/MotorControl/r_divider_bus_voltage_sensor.o
                0x080044c0                RVBS_CalcAvVbus
 .text.REMNG_Init
                0x08004520       0x18 ./Middlewares/MotorControl/ramp_ext_mngr.o
                0x08004520                REMNG_Init
 .text.SPD_GetElAngle
                0x08004538        0x6 ./Middlewares/MotorControl/speed_pos_fdbk.o
                0x08004538                SPD_GetElAngle
 .text.SPD_GetMecAngle
                0x0800453e        0x4 ./Middlewares/MotorControl/speed_pos_fdbk.o
                0x0800453e                SPD_GetMecAngle
 .text.SPD_GetAvrgMecSpeedUnit
                0x08004542        0x6 ./Middlewares/MotorControl/speed_pos_fdbk.o
                0x08004542                SPD_GetAvrgMecSpeedUnit
 .text.SPD_GetInstElSpeedDpp
                0x08004548        0x6 ./Middlewares/MotorControl/speed_pos_fdbk.o
                0x08004548                SPD_GetInstElSpeedDpp
 .text.SPD_IsMecSpeedReliable
                0x0800454e       0x5c ./Middlewares/MotorControl/speed_pos_fdbk.o
                0x0800454e                SPD_IsMecSpeedReliable
 .text.STC_Init
                0x080045aa       0x26 ./Middlewares/MotorControl/speed_torq_ctrl.o
                0x080045aa                STC_Init
 .text.STC_SetSpeedSensor
                0x080045d0        0x4 ./Middlewares/MotorControl/speed_torq_ctrl.o
                0x080045d0                STC_SetSpeedSensor
 .text.STC_GetSpeedSensor
                0x080045d4        0x4 ./Middlewares/MotorControl/speed_torq_ctrl.o
                0x080045d4                STC_GetSpeedSensor
 .text.STC_Clear
                0x080045d8       0x12 ./Middlewares/MotorControl/speed_torq_ctrl.o
                0x080045d8                STC_Clear
 .text.STC_GetTorqueRef
                0x080045ea        0xc ./Middlewares/MotorControl/speed_torq_ctrl.o
                0x080045ea                STC_GetTorqueRef
 .text.STC_SetControlMode
                0x080045f6        0x8 ./Middlewares/MotorControl/speed_torq_ctrl.o
                0x080045f6                STC_SetControlMode
 .text.STC_ExecRamp
                0x080045fe       0x80 ./Middlewares/MotorControl/speed_torq_ctrl.o
                0x080045fe                STC_ExecRamp
 .text.STC_CalcTorqueReference
                0x0800467e       0x54 ./Middlewares/MotorControl/speed_torq_ctrl.o
                0x0800467e                STC_CalcTorqueReference
 .text.STC_GetMecSpeedRefUnitDefault
                0x080046d2        0x6 ./Middlewares/MotorControl/speed_torq_ctrl.o
                0x080046d2                STC_GetMecSpeedRefUnitDefault
 .text.STC_GetDefaultIqdref
                0x080046d8       0x10 ./Middlewares/MotorControl/speed_torq_ctrl.o
                0x080046d8                STC_GetDefaultIqdref
 .text.STC_ForceSpeedReferenceToCurrentSpeed
                0x080046e8       0x10 ./Middlewares/MotorControl/speed_torq_ctrl.o
                0x080046e8                STC_ForceSpeedReferenceToCurrentSpeed
 .text.STM_Init
                0x080046f8        0xa ./Middlewares/MotorControl/state_machine.o
                0x080046f8                STM_Init
 .text.STM_FaultProcessing
                0x08004702       0x32 ./Middlewares/MotorControl/state_machine.o
                0x08004702                STM_FaultProcessing
 .text.STM_NextState
                0x08004734       0xe8 ./Middlewares/MotorControl/state_machine.o
                0x08004734                STM_NextState
 .text.STM_GetState
                0x0800481c        0x4 ./Middlewares/MotorControl/state_machine.o
                0x0800481c                STM_GetState
 .text.STM_FaultAcknowledged
                0x08004820       0x14 ./Middlewares/MotorControl/state_machine.o
                0x08004820                STM_FaultAcknowledged
 .text.STM_GetFaultState
                0x08004834        0xa ./Middlewares/MotorControl/state_machine.o
                0x08004834                STM_GetFaultState
 .text.TC_Init  0x0800483e       0x3e ./Middlewares/MotorControl/trajectory_ctrl.o
                0x0800483e                TC_Init
 .text.TC_MoveCommand
                0x0800487c      0x110 ./Middlewares/MotorControl/trajectory_ctrl.o
                0x0800487c                TC_MoveCommand
 .text.TC_FollowCommand
                0x0800498c       0x74 ./Middlewares/MotorControl/trajectory_ctrl.o
                0x0800498c                TC_FollowCommand
 .text.TC_FollowExecution
                0x08004a00       0x2a ./Middlewares/MotorControl/trajectory_ctrl.o
                0x08004a00                TC_FollowExecution
 *fill*         0x08004a2a        0x2 
 .text.TC_EncAlignmentCommand
                0x08004a2c       0x6c ./Middlewares/MotorControl/trajectory_ctrl.o
                0x08004a2c                TC_EncAlignmentCommand
 .text.TC_RampCompleted
                0x08004a98       0x1a ./Middlewares/MotorControl/trajectory_ctrl.o
                0x08004a98                TC_RampCompleted
 .text.TC_MoveExecution
                0x08004ab2       0xe0 ./Middlewares/MotorControl/trajectory_ctrl.o
                0x08004ab2                TC_MoveExecution
 *fill*         0x08004b92        0x2 
 .text.TC_PositionRegulation
                0x08004b94       0x64 ./Middlewares/MotorControl/trajectory_ctrl.o
                0x08004b94                TC_PositionRegulation
 .text.TC_EncoderReset
                0x08004bf8       0x3a ./Middlewares/MotorControl/trajectory_ctrl.o
                0x08004bf8                TC_EncoderReset
 *fill*         0x08004c32        0x2 
 .text.TC_GetCurrentPosition
                0x08004c34       0x1c ./Middlewares/MotorControl/trajectory_ctrl.o
                0x08004c34                TC_GetCurrentPosition
 .text.TC_GetAlignmentStatus
                0x08004c50        0x6 ./Middlewares/MotorControl/trajectory_ctrl.o
                0x08004c50                TC_GetAlignmentStatus
 .text.TC_IncTick
                0x08004c56        0x8 ./Middlewares/MotorControl/trajectory_ctrl.o
                0x08004c56                TC_IncTick
 .text.VSS_Clear
                0x08004c5e       0x38 ./Middlewares/MotorControl/virtual_speed_sensor.o
                0x08004c5e                VSS_Clear
 .text.VSS_Init
                0x08004c96       0x12 ./Middlewares/MotorControl/virtual_speed_sensor.o
                0x08004c96                VSS_Init
 .text.VSS_SetMecAngle
                0x08004ca8       0x16 ./Middlewares/MotorControl/virtual_speed_sensor.o
                0x08004ca8                VSS_SetMecAngle
 .text.VSS_SetMecAcceleration
                0x08004cbe       0x76 ./Middlewares/MotorControl/virtual_speed_sensor.o
                0x08004cbe                VSS_SetMecAcceleration
 .text.FD_Init  0x08004d34       0x24 ../../MCSDK_v5.4.4/MotorControl/lib\libmc-gcc_M0.lib(fast_div.o)
                0x08004d34                FD_Init
 .text.FD_FastDiv
                0x08004d58      0x170 ../../MCSDK_v5.4.4/MotorControl/lib\libmc-gcc_M0.lib(fast_div.o)
                0x08004d58                FD_FastDiv
 .text.memset   0x08004ec8       0x10 C:/ST/STM32CubeIDE_1.16.0/STM32CubeIDE/plugins/com.st.stm32cube.ide.mcu.externaltools.gnu-tools-for-stm32.12.3.rel1.win32_1.0.200.202406191623/tools/bin/../lib/gcc/arm-none-eabi/12.3.1/../../../../arm-none-eabi/lib/thumb/v6-m/nofp\libc_nano.a(libc_a-memset.o)
                0x08004ec8                memset
 .text.__libc_init_array
                0x08004ed8       0x48 C:/ST/STM32CubeIDE_1.16.0/STM32CubeIDE/plugins/com.st.stm32cube.ide.mcu.externaltools.gnu-tools-for-stm32.12.3.rel1.win32_1.0.200.202406191623/tools/bin/../lib/gcc/arm-none-eabi/12.3.1/../../../../arm-none-eabi/lib/thumb/v6-m/nofp\libc_nano.a(libc_a-init.o)
                0x08004ed8                __libc_init_array
 .text.memcpy   0x08004f20       0x12 C:/ST/STM32CubeIDE_1.16.0/STM32CubeIDE/plugins/com.st.stm32cube.ide.mcu.externaltools.gnu-tools-for-stm32.12.3.rel1.win32_1.0.200.202406191623/tools/bin/../lib/gcc/arm-none-eabi/12.3.1/../../../../arm-none-eabi/lib/thumb/v6-m/nofp\libc_nano.a(libc_a-memcpy-stub.o)
                0x08004f20                memcpy
 *(.glue_7)
 .glue_7        0x08004f32        0x0 linker stubs
 *(.glue_7t)
 .glue_7t       0x08004f32        0x0 linker stubs
 *(.eh_frame)
 *fill*         0x08004f32        0x2 
 .eh_frame      0x08004f34        0x0 C:/ST/STM32CubeIDE_1.16.0/STM32CubeIDE/plugins/com.st.stm32cube.ide.mcu.externaltools.gnu-tools-for-stm32.12.3.rel1.win32_1.0.200.202406191623/tools/bin/../lib/gcc/arm-none-eabi/12.3.1/thumb/v6-m/nofp/crtbegin.o
 *(.init)
 .init          0x08004f34        0x4 C:/ST/STM32CubeIDE_1.16.0/STM32CubeIDE/plugins/com.st.stm32cube.ide.mcu.externaltools.gnu-tools-for-stm32.12.3.rel1.win32_1.0.200.202406191623/tools/bin/../lib/gcc/arm-none-eabi/12.3.1/thumb/v6-m/nofp/crti.o
                0x08004f34                _init
 .init          0x08004f38        0x8 C:/ST/STM32CubeIDE_1.16.0/STM32CubeIDE/plugins/com.st.stm32cube.ide.mcu.externaltools.gnu-tools-for-stm32.12.3.rel1.win32_1.0.200.202406191623/tools/bin/../lib/gcc/arm-none-eabi/12.3.1/thumb/v6-m/nofp/crtn.o
 *(.fini)
 .fini          0x08004f40        0x4 C:/ST/STM32CubeIDE_1.16.0/STM32CubeIDE/plugins/com.st.stm32cube.ide.mcu.externaltools.gnu-tools-for-stm32.12.3.rel1.win32_1.0.200.202406191623/tools/bin/../lib/gcc/arm-none-eabi/12.3.1/thumb/v6-m/nofp/crti.o
                0x08004f40                _fini
 .fini          0x08004f44        0x8 C:/ST/STM32CubeIDE_1.16.0/STM32CubeIDE/plugins/com.st.stm32cube.ide.mcu.externaltools.gnu-tools-for-stm32.12.3.rel1.win32_1.0.200.202406191623/tools/bin/../lib/gcc/arm-none-eabi/12.3.1/thumb/v6-m/nofp/crtn.o
                0x08004f4c                        . = ALIGN (0x4)
                0x08004f4c                        _etext = .

.vfp11_veneer   0x08004f4c        0x0
 .vfp11_veneer  0x08004f4c        0x0 linker stubs

.v4_bx          0x08004f4c        0x0
 .v4_bx         0x08004f4c        0x0 linker stubs

.iplt           0x08004f4c        0x0
 .iplt          0x08004f4c        0x0 C:/ST/STM32CubeIDE_1.16.0/STM32CubeIDE/plugins/com.st.stm32cube.ide.mcu.externaltools.gnu-tools-for-stm32.12.3.rel1.win32_1.0.200.202406191623/tools/bin/../lib/gcc/arm-none-eabi/12.3.1/thumb/v6-m/nofp/crtbegin.o

.rodata         0x08004f4c      0x338
                0x08004f4c                        . = ALIGN (0x4)
 *(.rodata)
 .rodata        0x08004f4c       0x7c C:/ST/STM32CubeIDE_1.16.0/STM32CubeIDE/plugins/com.st.stm32cube.ide.mcu.externaltools.gnu-tools-for-stm32.12.3.rel1.win32_1.0.200.202406191623/tools/bin/../lib/gcc/arm-none-eabi/12.3.1/thumb/v6-m/nofp\libgcc.a(divsf3.o)
 *(.rodata*)
 .rodata.SHIFT_TAB_OCxx
                0x08004fc8        0x7 ./Application/User/main.o
 .rodata.OFFSET_TAB_CCMRx
                0x08004fcf        0x7 ./Application/User/main.o
 .rodata.MCM_Park.cst2
                0x08004fd6        0x2 ./Application/User/mc_math.o
 .rodata.hSin_Cos_Table
                0x08004fd8      0x200 ./Application/User/mc_math.o
                0x08004fd8                hSin_Cos_Table
 .rodata.R3_1_Params
                0x080051d8       0x74 ./Application/User/mc_parameters.o
                0x080051d8                R3_1_Params
 .rodata.s_fwVer
                0x0800524c       0x20 ./Application/User/motorcontrol.o
                0x0800524c                s_fwVer
 .rodata.APBPrescTable
                0x0800526c        0x8 ./Drivers/CMSIS/system_stm32f0xx.o
                0x0800526c                APBPrescTable
 .rodata.AHBPrescTable
                0x08005274       0x10 ./Drivers/CMSIS/system_stm32f0xx.o
                0x08005274                AHBPrescTable
                0x08005284                        . = ALIGN (0x4)

.rel.dyn        0x08005284        0x0
 .rel.iplt      0x08005284        0x0 C:/ST/STM32CubeIDE_1.16.0/STM32CubeIDE/plugins/com.st.stm32cube.ide.mcu.externaltools.gnu-tools-for-stm32.12.3.rel1.win32_1.0.200.202406191623/tools/bin/../lib/gcc/arm-none-eabi/12.3.1/thumb/v6-m/nofp/crtbegin.o

.ARM.extab      0x08005284        0x0
                0x08005284                        . = ALIGN (0x4)
 *(.ARM.extab* .gnu.linkonce.armextab.*)
                0x08005284                        . = ALIGN (0x4)

.ARM            0x08005284        0x0
                0x08005284                        . = ALIGN (0x4)
                0x08005284                        __exidx_start = .
 *(.ARM.exidx*)
                0x08005284                        __exidx_end = .
                0x08005284                        . = ALIGN (0x4)

.preinit_array  0x08005284        0x0
                0x08005284                        . = ALIGN (0x4)
                0x08005284                        PROVIDE (__preinit_array_start = .)
 *(.preinit_array*)
                0x08005284                        PROVIDE (__preinit_array_end = .)
                0x08005284                        . = ALIGN (0x4)

.init_array     0x08005284        0x4
                0x08005284                        . = ALIGN (0x4)
                0x08005284                        PROVIDE (__init_array_start = .)
 *(SORT_BY_NAME(.init_array.*))
 *(.init_array*)
 .init_array    0x08005284        0x4 C:/ST/STM32CubeIDE_1.16.0/STM32CubeIDE/plugins/com.st.stm32cube.ide.mcu.externaltools.gnu-tools-for-stm32.12.3.rel1.win32_1.0.200.202406191623/tools/bin/../lib/gcc/arm-none-eabi/12.3.1/thumb/v6-m/nofp/crtbegin.o
                0x08005288                        PROVIDE (__init_array_end = .)
                0x08005288                        . = ALIGN (0x4)

.fini_array     0x08005288        0x4
                0x08005288                        . = ALIGN (0x4)
                [!provide]                        PROVIDE (__fini_array_start = .)
 *(SORT_BY_NAME(.fini_array.*))
 *(.fini_array*)
 .fini_array    0x08005288        0x4 C:/ST/STM32CubeIDE_1.16.0/STM32CubeIDE/plugins/com.st.stm32cube.ide.mcu.externaltools.gnu-tools-for-stm32.12.3.rel1.win32_1.0.200.202406191623/tools/bin/../lib/gcc/arm-none-eabi/12.3.1/thumb/v6-m/nofp/crtbegin.o
                [!provide]                        PROVIDE (__fini_array_end = .)
                0x0800528c                        . = ALIGN (0x4)
                0x0800528c                        _sidata = LOADADDR (.data)

.data           0x20000000      0x564 load address 0x0800528c
                0x20000000                        . = ALIGN (0x4)
                0x20000000                        _sdata = .
 *(.data)
 *(.data*)
 .data.CircleLimitationM1
                0x20000000       0xb4 ./Application/User/mc_config.o
                0x20000000                CircleLimitationM1
 .data.RampExtMngrHFParamsM1
                0x200000b4       0x58 ./Application/User/mc_config.o
                0x200000b4                RampExtMngrHFParamsM1
 .data.RealBusVoltageSensorParamsM1
                0x2000010c       0x28 ./Application/User/mc_config.o
                0x2000010c                RealBusVoltageSensorParamsM1
 .data.TempSensorParamsM1
                0x20000134       0x28 ./Application/User/mc_config.o
                0x20000134                TempSensorParamsM1
 .data.EncAlignCtrlM1
                0x2000015c       0x1c ./Application/User/mc_config.o
                0x2000015c                EncAlignCtrlM1
 .data.ENCODER_M1
                0x20000178       0x7c ./Application/User/mc_config.o
                0x20000178                ENCODER_M1
 .data.VirtualSpeedSensorM1
                0x200001f4       0x78 ./Application/User/mc_config.o
                0x200001f4                VirtualSpeedSensorM1
 .data.PWM_Handle_M1
                0x2000026c       0x7c ./Application/User/mc_config.o
                0x2000026c                PWM_Handle_M1
 .data.SpeednTorqCtrlM1
                0x200002e8       0x34 ./Application/User/mc_config.o
                0x200002e8                SpeednTorqCtrlM1
 .data.pPosCtrlM1
                0x2000031c       0x70 ./Application/User/mc_config.o
                0x2000031c                pPosCtrlM1
 .data.PID_PosParamsM1
                0x2000038c       0x2c ./Application/User/mc_config.o
                0x2000038c                PID_PosParamsM1
 .data.PIDIdHandle_M1
                0x200003b8       0x2c ./Application/User/mc_config.o
                0x200003b8                PIDIdHandle_M1
 .data.PIDIqHandle_M1
                0x200003e4       0x2c ./Application/User/mc_config.o
                0x200003e4                PIDIqHandle_M1
 .data.PIDSpeedHandle_M1
                0x20000410       0x2c ./Application/User/mc_config.o
                0x20000410                PIDSpeedHandle_M1
 .data.PQD_MotorPowMeasM1
                0x2000043c      0x114 ./Application/User/mc_config.o
                0x2000043c                PQD_MotorPowMeasM1
 .data.wConfig  0x20000550        0x4 ./Application/User/motorcontrol.o
                0x20000550                wConfig
 .data.SystickDividerCounter.0
                0x20000554        0x1 ./Application/User/stm32f0xx_mc_it.o
 *fill*         0x20000555        0x1 
 .data.bCOMATRTimeCounter
                0x20000556        0x2 ./Application/User/ui_task.o
 .data.SystemCoreClock
                0x20000558        0x4 ./Drivers/CMSIS/system_stm32f0xx.o
                0x20000558                SystemCoreClock
 .data.uwTickFreq
                0x2000055c        0x1 ./Drivers/STM32F0xx_HAL_Driver/stm32f0xx_hal.o
                0x2000055c                uwTickFreq
 *fill*         0x2000055d        0x3 
 .data.uwTickPrio
                0x20000560        0x4 ./Drivers/STM32F0xx_HAL_Driver/stm32f0xx_hal.o
                0x20000560                uwTickPrio
                0x20000564                        . = ALIGN (0x4)
                0x20000564                        _edata = .

.igot.plt       0x20000564        0x0 load address 0x080057f0
 .igot.plt      0x20000564        0x0 C:/ST/STM32CubeIDE_1.16.0/STM32CubeIDE/plugins/com.st.stm32cube.ide.mcu.externaltools.gnu-tools-for-stm32.12.3.rel1.win32_1.0.200.202406191623/tools/bin/../lib/gcc/arm-none-eabi/12.3.1/thumb/v6-m/nofp/crtbegin.o
                0x20000564                        . = ALIGN (0x4)

.bss            0x20000564      0x1b0 load address 0x080057f0
                0x20000564                        _sbss = .
                0x20000564                        __bss_start__ = _sbss
 *(.bss)
 .bss           0x20000564       0x1c C:/ST/STM32CubeIDE_1.16.0/STM32CubeIDE/plugins/com.st.stm32cube.ide.mcu.externaltools.gnu-tools-for-stm32.12.3.rel1.win32_1.0.200.202406191623/tools/bin/../lib/gcc/arm-none-eabi/12.3.1/thumb/v6-m/nofp/crtbegin.o
 *(.bss*)
 .bss.SecondBytesRevdMSG
                0x20000580        0x4 ./Application/User/main.o
                0x20000580                SecondBytesRevdMSG
 .bss.FirstBytesRevdMSG
                0x20000584        0x4 ./Application/User/main.o
                0x20000584                FirstBytesRevdMSG
 .bss.FirstBytesSentMSG
                0x20000588        0x4 ./Application/User/main.o
                0x20000588                FirstBytesSentMSG
 .bss.contMode  0x2000058c        0x1 ./Application/User/main.o
                0x2000058c                contMode
 *fill*         0x2000058d        0x1 
 .bss.Time      0x2000058e        0x2 ./Application/User/main.o
                0x2000058e                Time
 .bss.Torque    0x20000590        0x2 ./Application/User/main.o
                0x20000590                Torque
 .bss.Speed     0x20000592        0x2 ./Application/User/main.o
                0x20000592                Speed
 .bss.curPosition
                0x20000594        0x4 ./Application/User/main.o
                0x20000594                curPosition
 .bss.DurationPosition
                0x20000598        0x4 ./Application/User/main.o
                0x20000598                DurationPosition
 .bss.Postion   0x2000059c        0x4 ./Application/User/main.o
                0x2000059c                Postion
 .bss.comState  0x200005a0        0x1 ./Application/User/main.o
                0x200005a0                comState
 *fill*         0x200005a1        0x1 
 .bss.RealBusVoltageSensorFilterBufferM1
                0x200005a2       0x14 ./Application/User/mc_config.o
                0x200005a2                RealBusVoltageSensorFilterBufferM1
 .bss.bMCBootCompleted
                0x200005b6        0x1 ./Application/User/mc_tasks.o
                0x200005b6                bMCBootCompleted
 *fill*         0x200005b7        0x1 
 .bss.hStopPermanencyCounterM1
                0x200005b8        0x2 ./Application/User/mc_tasks.o
 .bss.hBootCapDelayCounterM1
                0x200005ba        0x2 ./Application/User/mc_tasks.o
 .bss.hMFTaskCounterM1
                0x200005bc        0x2 ./Application/User/mc_tasks.o
 *fill*         0x200005be        0x2 
 .bss.pREMNG    0x200005c0        0x4 ./Application/User/mc_tasks.o
                0x200005c0                pREMNG
 .bss.pCLM      0x200005c4        0x4 ./Application/User/mc_tasks.o
                0x200005c4                pCLM
 .bss.pMPM      0x200005c8        0x4 ./Application/User/mc_tasks.o
                0x200005c8                pMPM
 .bss.pwmcHandle
                0x200005cc        0x4 ./Application/User/mc_tasks.o
                0x200005cc                pwmcHandle
 .bss.pTemperatureSensor
                0x200005d0        0x4 ./Application/User/mc_tasks.o
                0x200005d0                pTemperatureSensor
 .bss.pPIDPosCtrl
                0x200005d4        0x4 ./Application/User/mc_tasks.o
                0x200005d4                pPIDPosCtrl
 .bss.pPosCtrl  0x200005d8        0x4 ./Application/User/mc_tasks.o
                0x200005d8                pPosCtrl
 .bss.pBusSensorM1
                0x200005dc        0x4 ./Application/User/mc_tasks.o
                0x200005dc                pBusSensorM1
 .bss.pEAC      0x200005e0        0x4 ./Application/User/mc_tasks.o
                0x200005e0                pEAC
 .bss.pPIDId    0x200005e4        0x4 ./Application/User/mc_tasks.o
                0x200005e4                pPIDId
 .bss.pPIDIq    0x200005e8        0x4 ./Application/User/mc_tasks.o
                0x200005e8                pPIDIq
 .bss.pPIDSpeed
                0x200005ec        0x4 ./Application/User/mc_tasks.o
                0x200005ec                pPIDSpeed
 .bss.pSTC      0x200005f0        0x4 ./Application/User/mc_tasks.o
                0x200005f0                pSTC
 .bss.STM       0x200005f4        0x6 ./Application/User/mc_tasks.o
                0x200005f4                STM
 *fill*         0x200005fa        0x2 
 .bss.MCT       0x200005fc       0x54 ./Application/User/mc_tasks.o
                0x200005fc                MCT
 .bss.oMCInterface
                0x20000650        0x4 ./Application/User/mc_tasks.o
                0x20000650                oMCInterface
 .bss.Mci       0x20000654       0x20 ./Application/User/mc_tasks.o
                0x20000654                Mci
 .bss.FOCVars   0x20000674       0x26 ./Application/User/mc_tasks.o
                0x20000674                FOCVars
 *fill*         0x2000069a        0x2 
 .bss.pMCT      0x2000069c        0x4 ./Application/User/motorcontrol.o
                0x2000069c                pMCT
 .bss.pMCI      0x200006a0        0x4 ./Application/User/motorcontrol.o
                0x200006a0                pMCI
 .bss.RCM_UserConvState
                0x200006a4        0x1 ./Application/User/regular_conversion_manager.o
                0x200006a4                RCM_UserConvState
 *fill*         0x200006a5        0x1 
 .bss.RCM_UserConvValue
                0x200006a6        0x2 ./Application/User/regular_conversion_manager.o
                0x200006a6                RCM_UserConvValue
 .bss.RCM_UserConvHandle
                0x200006a8        0x1 ./Application/User/regular_conversion_manager.o
                0x200006a8                RCM_UserConvHandle
 .bss.RCM_currentHandle
                0x200006a9        0x1 ./Application/User/regular_conversion_manager.o
                0x200006a9                RCM_currentHandle
 .bss.RCM_NoInj_array
                0x200006aa       0x18 ./Application/User/regular_conversion_manager.o
                0x200006aa                RCM_NoInj_array
 *fill*         0x200006c2        0x2 
 .bss.RCM_CB_array
                0x200006c4       0x20 ./Application/User/regular_conversion_manager.o
                0x200006c4                RCM_CB_array
 .bss.RCM_handle_array
                0x200006e4       0x10 ./Application/User/regular_conversion_manager.o
                0x200006e4                RCM_handle_array
 .bss.rxData.0  0x200006f4        0xb ./Application/User/stm32f0xx_it.o
 .bss.index.1   0x200006ff        0x1 ./Application/User/stm32f0xx_it.o
 .bss.bCOMTimeoutCounter
                0x20000700        0x2 ./Application/User/ui_task.o
 .bss.bUITaskCounter
                0x20000702        0x2 ./Application/User/ui_task.o
 .bss.SendingMessage
                0x20000704        0xb ./Command_Driver_APIs/Command_APIs.o
                0x20000704                SendingMessage
 *fill*         0x2000070f        0x1 
 .bss.uwTick    0x20000710        0x4 ./Drivers/STM32F0xx_HAL_Driver/stm32f0xx_hal.o
                0x20000710                uwTick
 *(COMMON)
                0x20000714                        . = ALIGN (0x4)
                0x20000714                        _ebss = .
                0x20000714                        __bss_end__ = _ebss

._user_heap_stack
                0x20000714      0x484 load address 0x080057f0
                0x20000718                        . = ALIGN (0x8)
 *fill*         0x20000714        0x4 
                0x20000718                        PROVIDE (end = .)
                [!provide]                        PROVIDE (_end = .)
                0x20000798                        . = (. + _Min_Heap_Size)
 *fill*         0x20000718       0x80 
                0x20000b98                        . = (. + _Min_Stack_Size)
 *fill*         0x20000798      0x400 
                0x20000b98                        . = ALIGN (0x8)

/DISCARD/
 libc.a(*)
 libm.a(*)
 libgcc.a(*)

.ARM.attributes
                0x00000000       0x28
 *(.ARM.attributes)
 .ARM.attributes
                0x00000000       0x1e C:/ST/STM32CubeIDE_1.16.0/STM32CubeIDE/plugins/com.st.stm32cube.ide.mcu.externaltools.gnu-tools-for-stm32.12.3.rel1.win32_1.0.200.202406191623/tools/bin/../lib/gcc/arm-none-eabi/12.3.1/thumb/v6-m/nofp/crti.o
 .ARM.attributes
                0x0000001e       0x2c C:/ST/STM32CubeIDE_1.16.0/STM32CubeIDE/plugins/com.st.stm32cube.ide.mcu.externaltools.gnu-tools-for-stm32.12.3.rel1.win32_1.0.200.202406191623/tools/bin/../lib/gcc/arm-none-eabi/12.3.1/thumb/v6-m/nofp/crtbegin.o
 .ARM.attributes
                0x0000004a       0x21 ./Application/Startup/startup_stm32f031c6tx.o
 .ARM.attributes
                0x0000006b       0x2c ./Application/User/main.o
 .ARM.attributes
                0x00000097       0x2c ./Application/User/mc_api.o
 .ARM.attributes
                0x000000c3       0x2c ./Application/User/mc_config.o
 .ARM.attributes
                0x000000ef       0x2c ./Application/User/mc_interface.o
 .ARM.attributes
                0x0000011b       0x2c ./Application/User/mc_math.o
 .ARM.attributes
                0x00000147       0x2c ./Application/User/mc_parameters.o
 .ARM.attributes
                0x00000173       0x2c ./Application/User/mc_tasks.o
 .ARM.attributes
                0x0000019f       0x2c ./Application/User/motorcontrol.o
 .ARM.attributes
                0x000001cb       0x2c ./Application/User/regular_conversion_manager.o
 .ARM.attributes
                0x000001f7       0x2c ./Application/User/stm32f0xx_hal_msp.o
 .ARM.attributes
                0x00000223       0x2c ./Application/User/stm32f0xx_it.o
 .ARM.attributes
                0x0000024f       0x2c ./Application/User/stm32f0xx_mc_it.o
 .ARM.attributes
                0x0000027b       0x2c ./Application/User/ui_task.o
 .ARM.attributes
                0x000002a7       0x2c ./Command_Driver_APIs/Command_APIs.o
 .ARM.attributes
                0x000002d3       0x2c ./Drivers/CMSIS/system_stm32f0xx.o
 .ARM.attributes
                0x000002ff       0x2c ./Drivers/STM32F0xx_HAL_Driver/stm32f0xx_hal.o
 .ARM.attributes
                0x0000032b       0x2c ./Drivers/STM32F0xx_HAL_Driver/stm32f0xx_hal_cortex.o
 .ARM.attributes
                0x00000357       0x2c ./Drivers/STM32F0xx_HAL_Driver/stm32f0xx_hal_rcc.o
 .ARM.attributes
                0x00000383       0x2c ./Drivers/STM32F0xx_HAL_Driver/stm32f0xx_ll_adc.o
 .ARM.attributes
                0x000003af       0x2c ./Drivers/STM32F0xx_HAL_Driver/stm32f0xx_ll_exti.o
 .ARM.attributes
                0x000003db       0x2c ./Drivers/STM32F0xx_HAL_Driver/stm32f0xx_ll_gpio.o
 .ARM.attributes
                0x00000407       0x2c ./Drivers/STM32F0xx_HAL_Driver/stm32f0xx_ll_rcc.o
 .ARM.attributes
                0x00000433       0x2c ./Drivers/STM32F0xx_HAL_Driver/stm32f0xx_ll_tim.o
 .ARM.attributes
                0x0000045f       0x2c ./Drivers/STM32F0xx_HAL_Driver/stm32f0xx_ll_usart.o
 .ARM.attributes
                0x0000048b       0x2c ./Drivers/STM32F0xx_HAL_Driver/stm32f0xx_ll_utils.o
 .ARM.attributes
                0x000004b7       0x2c ./Middlewares/MotorControl/bus_voltage_sensor.o
 .ARM.attributes
                0x000004e3       0x2c ./Middlewares/MotorControl/circle_limitation.o
 .ARM.attributes
                0x0000050f       0x2c ./Middlewares/MotorControl/enc_align_ctrl.o
 .ARM.attributes
                0x0000053b       0x2c ./Middlewares/MotorControl/encoder_speed_pos_fdbk.o
 .ARM.attributes
                0x00000567       0x2c ./Middlewares/MotorControl/motor_power_measurement.o
 .ARM.attributes
                0x00000593       0x2c ./Middlewares/MotorControl/ntc_temperature_sensor.o
 .ARM.attributes
                0x000005bf       0x2c ./Middlewares/MotorControl/pid_regulator.o
 .ARM.attributes
                0x000005eb       0x2c ./Middlewares/MotorControl/pqd_motor_power_measurement.o
 .ARM.attributes
                0x00000617       0x2c ./Middlewares/MotorControl/pwm_common.o
 .ARM.attributes
                0x00000643       0x2c ./Middlewares/MotorControl/pwm_curr_fdbk.o
 .ARM.attributes
                0x0000066f       0x2c ./Middlewares/MotorControl/r3_f0xx_pwm_curr_fdbk.o
 .ARM.attributes
                0x0000069b       0x2c ./Middlewares/MotorControl/r_divider_bus_voltage_sensor.o
 .ARM.attributes
                0x000006c7       0x2c ./Middlewares/MotorControl/ramp_ext_mngr.o
 .ARM.attributes
                0x000006f3       0x2c ./Middlewares/MotorControl/speed_pos_fdbk.o
 .ARM.attributes
                0x0000071f       0x2c ./Middlewares/MotorControl/speed_torq_ctrl.o
 .ARM.attributes
                0x0000074b       0x2c ./Middlewares/MotorControl/state_machine.o
 .ARM.attributes
                0x00000777       0x2c ./Middlewares/MotorControl/trajectory_ctrl.o
 .ARM.attributes
                0x000007a3       0x2c ./Middlewares/MotorControl/virtual_speed_sensor.o
 .ARM.attributes
                0x000007cf       0x2d ../../MCSDK_v5.4.4/MotorControl/lib\libmc-gcc_M0.lib(fast_div.o)
 .ARM.attributes
                0x000007fc       0x2c C:/ST/STM32CubeIDE_1.16.0/STM32CubeIDE/plugins/com.st.stm32cube.ide.mcu.externaltools.gnu-tools-for-stm32.12.3.rel1.win32_1.0.200.202406191623/tools/bin/../lib/gcc/arm-none-eabi/12.3.1/../../../../arm-none-eabi/lib/thumb/v6-m/nofp\libc_nano.a(libc_a-memset.o)
 .ARM.attributes
                0x00000828       0x2c C:/ST/STM32CubeIDE_1.16.0/STM32CubeIDE/plugins/com.st.stm32cube.ide.mcu.externaltools.gnu-tools-for-stm32.12.3.rel1.win32_1.0.200.202406191623/tools/bin/../lib/gcc/arm-none-eabi/12.3.1/../../../../arm-none-eabi/lib/thumb/v6-m/nofp\libc_nano.a(libc_a-init.o)
 .ARM.attributes
                0x00000854       0x2c C:/ST/STM32CubeIDE_1.16.0/STM32CubeIDE/plugins/com.st.stm32cube.ide.mcu.externaltools.gnu-tools-for-stm32.12.3.rel1.win32_1.0.200.202406191623/tools/bin/../lib/gcc/arm-none-eabi/12.3.1/../../../../arm-none-eabi/lib/thumb/v6-m/nofp\libc_nano.a(libc_a-memcpy-stub.o)
 .ARM.attributes
                0x00000880       0x1e C:/ST/STM32CubeIDE_1.16.0/STM32CubeIDE/plugins/com.st.stm32cube.ide.mcu.externaltools.gnu-tools-for-stm32.12.3.rel1.win32_1.0.200.202406191623/tools/bin/../lib/gcc/arm-none-eabi/12.3.1/thumb/v6-m/nofp\libgcc.a(_thumb1_case_sqi.o)
 .ARM.attributes
                0x0000089e       0x1e C:/ST/STM32CubeIDE_1.16.0/STM32CubeIDE/plugins/com.st.stm32cube.ide.mcu.externaltools.gnu-tools-for-stm32.12.3.rel1.win32_1.0.200.202406191623/tools/bin/../lib/gcc/arm-none-eabi/12.3.1/thumb/v6-m/nofp\libgcc.a(_thumb1_case_uqi.o)
 .ARM.attributes
                0x000008bc       0x1e C:/ST/STM32CubeIDE_1.16.0/STM32CubeIDE/plugins/com.st.stm32cube.ide.mcu.externaltools.gnu-tools-for-stm32.12.3.rel1.win32_1.0.200.202406191623/tools/bin/../lib/gcc/arm-none-eabi/12.3.1/thumb/v6-m/nofp\libgcc.a(_udivsi3.o)
 .ARM.attributes
                0x000008da       0x1e C:/ST/STM32CubeIDE_1.16.0/STM32CubeIDE/plugins/com.st.stm32cube.ide.mcu.externaltools.gnu-tools-for-stm32.12.3.rel1.win32_1.0.200.202406191623/tools/bin/../lib/gcc/arm-none-eabi/12.3.1/thumb/v6-m/nofp\libgcc.a(_divsi3.o)
 .ARM.attributes
                0x000008f8       0x1e C:/ST/STM32CubeIDE_1.16.0/STM32CubeIDE/plugins/com.st.stm32cube.ide.mcu.externaltools.gnu-tools-for-stm32.12.3.rel1.win32_1.0.200.202406191623/tools/bin/../lib/gcc/arm-none-eabi/12.3.1/thumb/v6-m/nofp\libgcc.a(_dvmd_tls.o)
 .ARM.attributes
                0x00000916       0x1e C:/ST/STM32CubeIDE_1.16.0/STM32CubeIDE/plugins/com.st.stm32cube.ide.mcu.externaltools.gnu-tools-for-stm32.12.3.rel1.win32_1.0.200.202406191623/tools/bin/../lib/gcc/arm-none-eabi/12.3.1/thumb/v6-m/nofp\libgcc.a(_arm_cmpsf2.o)
 .ARM.attributes
                0x00000934       0x2c C:/ST/STM32CubeIDE_1.16.0/STM32CubeIDE/plugins/com.st.stm32cube.ide.mcu.externaltools.gnu-tools-for-stm32.12.3.rel1.win32_1.0.200.202406191623/tools/bin/../lib/gcc/arm-none-eabi/12.3.1/thumb/v6-m/nofp\libgcc.a(addsf3.o)
 .ARM.attributes
                0x00000960       0x2c C:/ST/STM32CubeIDE_1.16.0/STM32CubeIDE/plugins/com.st.stm32cube.ide.mcu.externaltools.gnu-tools-for-stm32.12.3.rel1.win32_1.0.200.202406191623/tools/bin/../lib/gcc/arm-none-eabi/12.3.1/thumb/v6-m/nofp\libgcc.a(divsf3.o)
 .ARM.attributes
                0x0000098c       0x2c C:/ST/STM32CubeIDE_1.16.0/STM32CubeIDE/plugins/com.st.stm32cube.ide.mcu.externaltools.gnu-tools-for-stm32.12.3.rel1.win32_1.0.200.202406191623/tools/bin/../lib/gcc/arm-none-eabi/12.3.1/thumb/v6-m/nofp\libgcc.a(eqsf2.o)
 .ARM.attributes
                0x000009b8       0x2c C:/ST/STM32CubeIDE_1.16.0/STM32CubeIDE/plugins/com.st.stm32cube.ide.mcu.externaltools.gnu-tools-for-stm32.12.3.rel1.win32_1.0.200.202406191623/tools/bin/../lib/gcc/arm-none-eabi/12.3.1/thumb/v6-m/nofp\libgcc.a(gesf2.o)
 .ARM.attributes
                0x000009e4       0x2c C:/ST/STM32CubeIDE_1.16.0/STM32CubeIDE/plugins/com.st.stm32cube.ide.mcu.externaltools.gnu-tools-for-stm32.12.3.rel1.win32_1.0.200.202406191623/tools/bin/../lib/gcc/arm-none-eabi/12.3.1/thumb/v6-m/nofp\libgcc.a(lesf2.o)
 .ARM.attributes
                0x00000a10       0x2c C:/ST/STM32CubeIDE_1.16.0/STM32CubeIDE/plugins/com.st.stm32cube.ide.mcu.externaltools.gnu-tools-for-stm32.12.3.rel1.win32_1.0.200.202406191623/tools/bin/../lib/gcc/arm-none-eabi/12.3.1/thumb/v6-m/nofp\libgcc.a(mulsf3.o)
 .ARM.attributes
                0x00000a3c       0x2c C:/ST/STM32CubeIDE_1.16.0/STM32CubeIDE/plugins/com.st.stm32cube.ide.mcu.externaltools.gnu-tools-for-stm32.12.3.rel1.win32_1.0.200.202406191623/tools/bin/../lib/gcc/arm-none-eabi/12.3.1/thumb/v6-m/nofp\libgcc.a(subsf3.o)
 .ARM.attributes
                0x00000a68       0x2c C:/ST/STM32CubeIDE_1.16.0/STM32CubeIDE/plugins/com.st.stm32cube.ide.mcu.externaltools.gnu-tools-for-stm32.12.3.rel1.win32_1.0.200.202406191623/tools/bin/../lib/gcc/arm-none-eabi/12.3.1/thumb/v6-m/nofp\libgcc.a(fixsfsi.o)
 .ARM.attributes
                0x00000a94       0x2c C:/ST/STM32CubeIDE_1.16.0/STM32CubeIDE/plugins/com.st.stm32cube.ide.mcu.externaltools.gnu-tools-for-stm32.12.3.rel1.win32_1.0.200.202406191623/tools/bin/../lib/gcc/arm-none-eabi/12.3.1/thumb/v6-m/nofp\libgcc.a(floatsisf.o)
 .ARM.attributes
                0x00000ac0       0x2c C:/ST/STM32CubeIDE_1.16.0/STM32CubeIDE/plugins/com.st.stm32cube.ide.mcu.externaltools.gnu-tools-for-stm32.12.3.rel1.win32_1.0.200.202406191623/tools/bin/../lib/gcc/arm-none-eabi/12.3.1/thumb/v6-m/nofp\libgcc.a(floatunsisf.o)
 .ARM.attributes
                0x00000aec       0x1e C:/ST/STM32CubeIDE_1.16.0/STM32CubeIDE/plugins/com.st.stm32cube.ide.mcu.externaltools.gnu-tools-for-stm32.12.3.rel1.win32_1.0.200.202406191623/tools/bin/../lib/gcc/arm-none-eabi/12.3.1/thumb/v6-m/nofp\libgcc.a(_clzsi2.o)
 .ARM.attributes
                0x00000b0a       0x1e C:/ST/STM32CubeIDE_1.16.0/STM32CubeIDE/plugins/com.st.stm32cube.ide.mcu.externaltools.gnu-tools-for-stm32.12.3.rel1.win32_1.0.200.202406191623/tools/bin/../lib/gcc/arm-none-eabi/12.3.1/thumb/v6-m/nofp/crtn.o
OUTPUT(BLDC_STSPIN_KIT.elf elf32-littlearm)
LOAD linker stubs
LOAD C:/ST/STM32CubeIDE_1.16.0/STM32CubeIDE/plugins/com.st.stm32cube.ide.mcu.externaltools.gnu-tools-for-stm32.12.3.rel1.win32_1.0.200.202406191623/tools/bin/../lib/gcc/arm-none-eabi/12.3.1/../../../../arm-none-eabi/lib/thumb/v6-m/nofp\libc.a
LOAD C:/ST/STM32CubeIDE_1.16.0/STM32CubeIDE/plugins/com.st.stm32cube.ide.mcu.externaltools.gnu-tools-for-stm32.12.3.rel1.win32_1.0.200.202406191623/tools/bin/../lib/gcc/arm-none-eabi/12.3.1/../../../../arm-none-eabi/lib/thumb/v6-m/nofp\libm.a
LOAD C:/ST/STM32CubeIDE_1.16.0/STM32CubeIDE/plugins/com.st.stm32cube.ide.mcu.externaltools.gnu-tools-for-stm32.12.3.rel1.win32_1.0.200.202406191623/tools/bin/../lib/gcc/arm-none-eabi/12.3.1/thumb/v6-m/nofp\libgcc.a

.comment        0x00000000       0xc2
 .comment       0x00000000       0x43 ./Application/User/main.o
                                 0x44 (size before relaxing)
 .comment       0x00000043       0x44 ./Application/User/mc_api.o
 .comment       0x00000043       0x44 ./Application/User/mc_config.o
 .comment       0x00000043       0x44 ./Application/User/mc_interface.o
 .comment       0x00000043       0x44 ./Application/User/mc_math.o
 .comment       0x00000043       0x44 ./Application/User/mc_parameters.o
 .comment       0x00000043       0x44 ./Application/User/mc_tasks.o
 .comment       0x00000043       0x44 ./Application/User/motorcontrol.o
 .comment       0x00000043       0x44 ./Application/User/regular_conversion_manager.o
 .comment       0x00000043       0x44 ./Application/User/stm32f0xx_hal_msp.o
 .comment       0x00000043       0x44 ./Application/User/stm32f0xx_it.o
 .comment       0x00000043       0x44 ./Application/User/stm32f0xx_mc_it.o
 .comment       0x00000043       0x44 ./Application/User/ui_task.o
 .comment       0x00000043       0x44 ./Command_Driver_APIs/Command_APIs.o
 .comment       0x00000043       0x44 ./Drivers/CMSIS/system_stm32f0xx.o
 .comment       0x00000043       0x44 ./Drivers/STM32F0xx_HAL_Driver/stm32f0xx_hal.o
 .comment       0x00000043       0x44 ./Drivers/STM32F0xx_HAL_Driver/stm32f0xx_hal_cortex.o
 .comment       0x00000043       0x44 ./Drivers/STM32F0xx_HAL_Driver/stm32f0xx_hal_rcc.o
 .comment       0x00000043       0x44 ./Drivers/STM32F0xx_HAL_Driver/stm32f0xx_ll_adc.o
 .comment       0x00000043       0x44 ./Drivers/STM32F0xx_HAL_Driver/stm32f0xx_ll_exti.o
 .comment       0x00000043       0x44 ./Drivers/STM32F0xx_HAL_Driver/stm32f0xx_ll_gpio.o
 .comment       0x00000043       0x44 ./Drivers/STM32F0xx_HAL_Driver/stm32f0xx_ll_rcc.o
 .comment       0x00000043       0x44 ./Drivers/STM32F0xx_HAL_Driver/stm32f0xx_ll_tim.o
 .comment       0x00000043       0x44 ./Drivers/STM32F0xx_HAL_Driver/stm32f0xx_ll_usart.o
 .comment       0x00000043       0x44 ./Drivers/STM32F0xx_HAL_Driver/stm32f0xx_ll_utils.o
 .comment       0x00000043       0x44 ./Middlewares/MotorControl/bus_voltage_sensor.o
 .comment       0x00000043       0x44 ./Middlewares/MotorControl/circle_limitation.o
 .comment       0x00000043       0x44 ./Middlewares/MotorControl/enc_align_ctrl.o
 .comment       0x00000043       0x44 ./Middlewares/MotorControl/encoder_speed_pos_fdbk.o
 .comment       0x00000043       0x44 ./Middlewares/MotorControl/motor_power_measurement.o
 .comment       0x00000043       0x44 ./Middlewares/MotorControl/ntc_temperature_sensor.o
 .comment       0x00000043       0x44 ./Middlewares/MotorControl/pid_regulator.o
 .comment       0x00000043       0x44 ./Middlewares/MotorControl/pqd_motor_power_measurement.o
 .comment       0x00000043       0x44 ./Middlewares/MotorControl/pwm_common.o
 .comment       0x00000043       0x44 ./Middlewares/MotorControl/pwm_curr_fdbk.o
 .comment       0x00000043       0x44 ./Middlewares/MotorControl/r3_f0xx_pwm_curr_fdbk.o
 .comment       0x00000043       0x44 ./Middlewares/MotorControl/r_divider_bus_voltage_sensor.o
 .comment       0x00000043       0x44 ./Middlewares/MotorControl/ramp_ext_mngr.o
 .comment       0x00000043       0x44 ./Middlewares/MotorControl/speed_pos_fdbk.o
 .comment       0x00000043       0x44 ./Middlewares/MotorControl/speed_torq_ctrl.o
 .comment       0x00000043       0x44 ./Middlewares/MotorControl/state_machine.o
 .comment       0x00000043       0x44 ./Middlewares/MotorControl/trajectory_ctrl.o
 .comment       0x00000043       0x44 ./Middlewares/MotorControl/virtual_speed_sensor.o
 .comment       0x00000043       0x7f ../../MCSDK_v5.4.4/MotorControl/lib\libmc-gcc_M0.lib(fast_div.o)
                                 0x80 (size before relaxing)

.debug_frame    0x00000000      0x290
 .debug_frame   0x00000000       0x20 C:/ST/STM32CubeIDE_1.16.0/STM32CubeIDE/plugins/com.st.stm32cube.ide.mcu.externaltools.gnu-tools-for-stm32.12.3.rel1.win32_1.0.200.202406191623/tools/bin/../lib/gcc/arm-none-eabi/12.3.1/../../../../arm-none-eabi/lib/thumb/v6-m/nofp\libc_nano.a(libc_a-memset.o)
 .debug_frame   0x00000020       0x2c C:/ST/STM32CubeIDE_1.16.0/STM32CubeIDE/plugins/com.st.stm32cube.ide.mcu.externaltools.gnu-tools-for-stm32.12.3.rel1.win32_1.0.200.202406191623/tools/bin/../lib/gcc/arm-none-eabi/12.3.1/../../../../arm-none-eabi/lib/thumb/v6-m/nofp\libc_nano.a(libc_a-init.o)
 .debug_frame   0x0000004c       0x28 C:/ST/STM32CubeIDE_1.16.0/STM32CubeIDE/plugins/com.st.stm32cube.ide.mcu.externaltools.gnu-tools-for-stm32.12.3.rel1.win32_1.0.200.202406191623/tools/bin/../lib/gcc/arm-none-eabi/12.3.1/../../../../arm-none-eabi/lib/thumb/v6-m/nofp\libc_nano.a(libc_a-memcpy-stub.o)
 .debug_frame   0x00000074       0x20 C:/ST/STM32CubeIDE_1.16.0/STM32CubeIDE/plugins/com.st.stm32cube.ide.mcu.externaltools.gnu-tools-for-stm32.12.3.rel1.win32_1.0.200.202406191623/tools/bin/../lib/gcc/arm-none-eabi/12.3.1/thumb/v6-m/nofp\libgcc.a(_udivsi3.o)
 .debug_frame   0x00000094       0x20 C:/ST/STM32CubeIDE_1.16.0/STM32CubeIDE/plugins/com.st.stm32cube.ide.mcu.externaltools.gnu-tools-for-stm32.12.3.rel1.win32_1.0.200.202406191623/tools/bin/../lib/gcc/arm-none-eabi/12.3.1/thumb/v6-m/nofp\libgcc.a(_divsi3.o)
 .debug_frame   0x000000b4       0x38 C:/ST/STM32CubeIDE_1.16.0/STM32CubeIDE/plugins/com.st.stm32cube.ide.mcu.externaltools.gnu-tools-for-stm32.12.3.rel1.win32_1.0.200.202406191623/tools/bin/../lib/gcc/arm-none-eabi/12.3.1/thumb/v6-m/nofp\libgcc.a(addsf3.o)
 .debug_frame   0x000000ec       0x38 C:/ST/STM32CubeIDE_1.16.0/STM32CubeIDE/plugins/com.st.stm32cube.ide.mcu.externaltools.gnu-tools-for-stm32.12.3.rel1.win32_1.0.200.202406191623/tools/bin/../lib/gcc/arm-none-eabi/12.3.1/thumb/v6-m/nofp\libgcc.a(divsf3.o)
 .debug_frame   0x00000124       0x2c C:/ST/STM32CubeIDE_1.16.0/STM32CubeIDE/plugins/com.st.stm32cube.ide.mcu.externaltools.gnu-tools-for-stm32.12.3.rel1.win32_1.0.200.202406191623/tools/bin/../lib/gcc/arm-none-eabi/12.3.1/thumb/v6-m/nofp\libgcc.a(eqsf2.o)
 .debug_frame   0x00000150       0x2c C:/ST/STM32CubeIDE_1.16.0/STM32CubeIDE/plugins/com.st.stm32cube.ide.mcu.externaltools.gnu-tools-for-stm32.12.3.rel1.win32_1.0.200.202406191623/tools/bin/../lib/gcc/arm-none-eabi/12.3.1/thumb/v6-m/nofp\libgcc.a(gesf2.o)
 .debug_frame   0x0000017c       0x2c C:/ST/STM32CubeIDE_1.16.0/STM32CubeIDE/plugins/com.st.stm32cube.ide.mcu.externaltools.gnu-tools-for-stm32.12.3.rel1.win32_1.0.200.202406191623/tools/bin/../lib/gcc/arm-none-eabi/12.3.1/thumb/v6-m/nofp\libgcc.a(lesf2.o)
 .debug_frame   0x000001a8       0x38 C:/ST/STM32CubeIDE_1.16.0/STM32CubeIDE/plugins/com.st.stm32cube.ide.mcu.externaltools.gnu-tools-for-stm32.12.3.rel1.win32_1.0.200.202406191623/tools/bin/../lib/gcc/arm-none-eabi/12.3.1/thumb/v6-m/nofp\libgcc.a(mulsf3.o)
 .debug_frame   0x000001e0       0x38 C:/ST/STM32CubeIDE_1.16.0/STM32CubeIDE/plugins/com.st.stm32cube.ide.mcu.externaltools.gnu-tools-for-stm32.12.3.rel1.win32_1.0.200.202406191623/tools/bin/../lib/gcc/arm-none-eabi/12.3.1/thumb/v6-m/nofp\libgcc.a(subsf3.o)
 .debug_frame   0x00000218       0x20 C:/ST/STM32CubeIDE_1.16.0/STM32CubeIDE/plugins/com.st.stm32cube.ide.mcu.externaltools.gnu-tools-for-stm32.12.3.rel1.win32_1.0.200.202406191623/tools/bin/../lib/gcc/arm-none-eabi/12.3.1/thumb/v6-m/nofp\libgcc.a(fixsfsi.o)
 .debug_frame   0x00000238       0x2c C:/ST/STM32CubeIDE_1.16.0/STM32CubeIDE/plugins/com.st.stm32cube.ide.mcu.externaltools.gnu-tools-for-stm32.12.3.rel1.win32_1.0.200.202406191623/tools/bin/../lib/gcc/arm-none-eabi/12.3.1/thumb/v6-m/nofp\libgcc.a(floatsisf.o)
 .debug_frame   0x00000264       0x2c C:/ST/STM32CubeIDE_1.16.0/STM32CubeIDE/plugins/com.st.stm32cube.ide.mcu.externaltools.gnu-tools-for-stm32.12.3.rel1.win32_1.0.200.202406191623/tools/bin/../lib/gcc/arm-none-eabi/12.3.1/thumb/v6-m/nofp\libgcc.a(floatunsisf.o)
